Component: Arm Compiler for Embedded 6.19 Tool: armlink [5e73cb00]

==============================================================================

Section Cross References

    startup_stm32f411xe.o(RESET) refers to startup_stm32f411xe.o(STACK) for __initial_sp
    startup_stm32f411xe.o(RESET) refers to startup_stm32f411xe.o(.text) for Reset_Handler
    startup_stm32f411xe.o(RESET) refers to stm32f4xx_it.o(.text.NMI_Handler) for NMI_Handler
    startup_stm32f411xe.o(RESET) refers to stm32f4xx_it.o(.text.HardFault_Handler) for HardFault_Handler
    startup_stm32f411xe.o(RESET) refers to stm32f4xx_it.o(.text.MemManage_Handler) for MemManage_Handler
    startup_stm32f411xe.o(RESET) refers to stm32f4xx_it.o(.text.BusFault_Handler) for BusFault_Handler
    startup_stm32f411xe.o(RESET) refers to stm32f4xx_it.o(.text.UsageFault_Handler) for UsageFault_Handler
    startup_stm32f411xe.o(RESET) refers to stm32f4xx_it.o(.text.SVC_Handler) for SVC_Handler
    startup_stm32f411xe.o(RESET) refers to stm32f4xx_it.o(.text.DebugMon_Handler) for DebugMon_Handler
    startup_stm32f411xe.o(RESET) refers to stm32f4xx_it.o(.text.PendSV_Handler) for PendSV_Handler
    startup_stm32f411xe.o(RESET) refers to stm32f4xx_it.o(.text.SysTick_Handler) for SysTick_Handler
    startup_stm32f411xe.o(RESET) refers to stm32f4xx_it.o(.text.EXTI1_IRQHandler) for EXTI1_IRQHandler
    startup_stm32f411xe.o(RESET) refers to stm32f4xx_it.o(.text.TIM1_TRG_COM_TIM11_IRQHandler) for TIM1_TRG_COM_TIM11_IRQHandler
    startup_stm32f411xe.o(RESET) refers to stm32f4xx_it.o(.text.EXTI15_10_IRQHandler) for EXTI15_10_IRQHandler
    startup_stm32f411xe.o(RESET) refers to stm32f4xx_it.o(.text.OTG_FS_IRQHandler) for OTG_FS_IRQHandler
    startup_stm32f411xe.o(.text) refers to system_stm32f4xx.o(.text.SystemInit) for SystemInit
    startup_stm32f411xe.o(.text) refers to entry.o(.ARM.Collect$$$$00000000) for __main
    main.o(.text.main) refers to stm32f4xx_hal.o(.text.HAL_Init) for HAL_Init
    main.o(.text.main) refers to main.o(.text.SystemClock_Config) for SystemClock_Config
    main.o(.text.main) refers to gpio.o(.text.MX_GPIO_Init) for MX_GPIO_Init
    main.o(.text.main) refers to usart.o(.text.MX_USART1_UART_Init) for MX_USART1_UART_Init
    main.o(.text.main) refers to tim.o(.text.MX_TIM11_Init) for MX_TIM11_Init
    main.o(.text.main) refers to spi.o(.text.MX_SPI1_Init) for MX_SPI1_Init
    main.o(.text.main) refers to main.o(.rodata.str1.1) for .L.str
    main.o(.text.main) refers to printfa.o(i.__0printf) for printf
    main.o(.text.main) refers to usb_host.o(.text.MX_USB_HOST_Init) for MX_USB_HOST_Init
    main.o(.text.main) refers to bxf_sys.o(.text.BXF_USR_SYSInit) for BXF_USR_SYSInit
    main.o(.text.main) refers to bxf_sys.o(.text.BXF_USR_KEY_Proess) for BXF_USR_KEY_Proess
    main.o(.text.main) refers to bxf_sys.o(.text.BXF_USR_TIM11_Proess) for BXF_USR_TIM11_Proess
    main.o(.text.main) refers to bxf_sys.o(.text.BXF_USR_NRF_INT_Proess) for BXF_USR_NRF_INT_Proess
    main.o(.text.main) refers to usb_host.o(.text.MX_USB_HOST_Process) for MX_USB_HOST_Process
    main.o(.ARM.exidx.text.main) refers to main.o(.text.main) for [Anonymous Symbol]
    main.o(.text.SystemClock_Config) refers to memseta.o(.text) for __aeabi_memclr4
    main.o(.text.SystemClock_Config) refers to stm32f4xx_hal_rcc.o(.text.HAL_RCC_OscConfig) for HAL_RCC_OscConfig
    main.o(.text.SystemClock_Config) refers to main.o(.text.Error_Handler) for Error_Handler
    main.o(.text.SystemClock_Config) refers to stm32f4xx_hal_rcc.o(.text.HAL_RCC_ClockConfig) for HAL_RCC_ClockConfig
    main.o(.ARM.exidx.text.SystemClock_Config) refers to main.o(.text.SystemClock_Config) for [Anonymous Symbol]
    main.o(.ARM.exidx.text.Error_Handler) refers to main.o(.text.Error_Handler) for [Anonymous Symbol]
    gpio.o(.text.MX_GPIO_Init) refers to stm32f4xx_hal_gpio.o(.text.HAL_GPIO_WritePin) for HAL_GPIO_WritePin
    gpio.o(.text.MX_GPIO_Init) refers to stm32f4xx_hal_gpio.o(.text.HAL_GPIO_Init) for HAL_GPIO_Init
    gpio.o(.text.MX_GPIO_Init) refers to stm32f4xx_hal_cortex.o(.text.HAL_NVIC_SetPriority) for HAL_NVIC_SetPriority
    gpio.o(.text.MX_GPIO_Init) refers to stm32f4xx_hal_cortex.o(.text.HAL_NVIC_EnableIRQ) for HAL_NVIC_EnableIRQ
    gpio.o(.ARM.exidx.text.MX_GPIO_Init) refers to gpio.o(.text.MX_GPIO_Init) for [Anonymous Symbol]
    gpio.o(.text.HAL_GPIO_EXTI_Callback) refers to stm32f4xx_hal_gpio.o(.text.HAL_GPIO_ReadPin) for HAL_GPIO_ReadPin
    gpio.o(.text.HAL_GPIO_EXTI_Callback) refers to bxf_sys_define.o(.bss.bxf_user_int_flag) for bxf_user_int_flag
    gpio.o(.ARM.exidx.text.HAL_GPIO_EXTI_Callback) refers to gpio.o(.text.HAL_GPIO_EXTI_Callback) for [Anonymous Symbol]
    spi.o(.text.MX_SPI1_Init) refers to spi.o(.bss.hspi1) for hspi1
    spi.o(.text.MX_SPI1_Init) refers to stm32f4xx_hal_spi.o(.text.HAL_SPI_Init) for HAL_SPI_Init
    spi.o(.text.MX_SPI1_Init) refers to main.o(.text.Error_Handler) for Error_Handler
[...]
    .L.str.33                                0x0800b411   Data          66  usbh_core.o(.rodata.str1.1)
    .L.str.32                                0x0800b453   Data          49  usbh_core.o(.rodata.str1.1)
    .L.str.10                                0x0800b484   Data          21  usbh_core.o(.rodata.str1.1)
    .L.str.25                                0x0800b499   Data          24  usbh_core.o(.rodata.str1.1)
    .L.str.12                                0x0800b4b1   Data          27  usbh_core.o(.rodata.str1.1)
    .L.str.18                                0x0800b4cc   Data          42  usbh_core.o(.rodata.str1.1)
    .L.str.4                                 0x0800b4f6   Data          21  usbh_core.o(.rodata.str1.1)
    .L.str.1                                 0x0800b50b   Data          20  usbh_core.o(.rodata.str1.1)
    .L.str.6                                 0x0800b51f   Data          15  usbh_core.o(.rodata.str1.1)
    .L.str.8                                 0x0800b52e   Data          15  usbh_core.o(.rodata.str1.1)
    .L.str.7                                 0x0800b53d   Data          15  usbh_core.o(.rodata.str1.1)
    .L.str.28                                0x0800b54c   Data           9  usbh_core.o(.rodata.str1.1)
    .L.str.29                                0x0800b555   Data           9  usbh_core.o(.rodata.str1.1)
    .L.str.38                                0x0800b55e   Data          19  usbh_core.o(.rodata.str1.1)
    .L.str.34                                0x0800b571   Data          18  usbh_core.o(.rodata.str1.1)
    .L.str.36                                0x0800b583   Data          13  usbh_core.o(.rodata.str1.1)
    .L.str.1                                 0x0800b590   Data          37  usbh_ctlreq.o(.rodata.str1.1)
    [Anonymous Symbol]                       0x0800b590   Section        0  usbh_ctlreq.o(.rodata.str1.1)
    .L.str.1                                 0x0800b5b5   Data          23  usbh_hid.o(.rodata.str1.1)
    [Anonymous Symbol]                       0x0800b5b5   Section        0  usbh_hid.o(.rodata.str1.1)
    .L.str.3                                 0x0800b5cc   Data          20  usbh_hid.o(.rodata.str1.1)
    .L.str.7                                 0x0800b5e4   Data          55  usbh_hid.o(.rodata.str1.1)
    .L.str.6                                 0x0800b61b   Data          64  usbh_hid.o(.rodata.str1.1)
    .L.str.7                                 0x0800b65b   Data          21  bxf_sys.o(.rodata.str1.1)
    [Anonymous Symbol]                       0x0800b65b   Section        0  bxf_sys.o(.rodata.str1.1)
    .L.str.1                                 0x0800b66d   Data           3  bxf_sys.o(.rodata.str1.1)
    .L.str.2                                 0x0800b66d   Data           3  bxf_sys.o(.rodata.str1.1)
    .L.str.2                                 0x0800b66d   Data           3  bxf_sys.o(.rodata.str1.1)
    .L.str.2                                 0x0800b66d   Data           3  bxf_sys.o(.rodata.str1.1)
    .L.str.2                                 0x0800b66d   Data           3  bxf_sys.o(.rodata.str1.1)
    .L.str.3                                 0x0800b66d   Data           3  bxf_sys.o(.rodata.str1.1)
    .L.str.3                                 0x0800b66d   Data           3  bxf_sys.o(.rodata.str1.1)
    .L.str.9                                 0x0800b66d   Data           3  bxf_sys.o(.rodata.str1.1)
    .L.str.9                                 0x0800b670   Data          15  bxf_sys.o(.rodata.str1.1)
    .L.str.8                                 0x0800b67f   Data          13  bxf_sys.o(.rodata.str1.1)
    .L.str.6                                 0x0800b68c   Data          14  bxf_sys.o(.rodata.str1.1)
    .L.str.5                                 0x0800b69a   Data          14  bxf_sys.o(.rodata.str1.1)
    .L.str.4                                 0x0800b6a8   Data          15  bxf_sys.o(.rodata.str1.1)
    .L.str.1                                 0x0800b6b7   Data          29  bxf_sys.o(.rodata.str1.1)
    .L.str.2                                 0x0800b6d4   Data          12  bxf_sys.o(.rodata.str1.1)
    .L.str.5                                 0x0800b6e0   Data          22  nrf24l01p.o(.rodata.str1.1)
    [Anonymous Symbol]                       0x0800b6e0   Section        0  nrf24l01p.o(.rodata.str1.1)
    .L.str.4                                 0x0800b6f6   Data          20  nrf24l01p.o(.rodata.str1.1)
    .L.str.6                                 0x0800b70a   Data          37  nrf24l01p.o(.rodata.str1.1)
    .L.str.7                                 0x0800b72f   Data          40  nrf24l01p.o(.rodata.str1.1)
    .L.str.2                                 0x0800b757   Data          21  nrf24l01p.o(.rodata.str1.1)
    .L.str.1                                 0x0800b76c   Data          34  nrf24l01p.o(.rodata.str1.1)
    .data                                    0x20000000   Section        4  stdout.o(.data)
    .data                                    0x20000004   Section        4  mvars.o(.data)
    .data                                    0x20000008   Section        4  mvars.o(.data)
    BXF_USR_TIM11_Proess.key_1s              0x2000000c   Data           1  bxf_sys.o(.data.BXF_USR_TIM11_Proess.key_1s)
    [Anonymous Symbol]                       0x2000000c   Section        0  bxf_sys.o(.data.BXF_USR_TIM11_Proess.key_1s)
    BXF_USR_TIM11_Proess.led_blink           0x2000000d   Data           1  bxf_sys.o(.data.BXF_USR_TIM11_Proess.led_blink)
    [Anonymous Symbol]                       0x2000000d   Section        0  bxf_sys.o(.data.BXF_USR_TIM11_Proess.led_blink)
    BXF_USR_TIM11_Proess.count               0x20000062   Data           2  bxf_sys.o(.bss.BXF_USR_TIM11_Proess.count)
    [Anonymous Symbol]                       0x20000062   Section        0  bxf_sys.o(.bss.BXF_USR_TIM11_Proess.count)
    BXF_USR_TIM11_Proess.led_blink_count     0x20000064   Data           2  bxf_sys.o(.bss.BXF_USR_TIM11_Proess.led_blink_count)
    [Anonymous Symbol]                       0x20000064   Section        0  bxf_sys.o(.bss.BXF_USR_TIM11_Proess.led_blink_count)
    BXF_USR_TIM11_Proess.led_gpio            0x20000068   Data           4  bxf_sys.o(.bss.BXF_USR_TIM11_Proess.led_gpio)
    [Anonymous Symbol]                       0x20000068   Section        0  bxf_sys.o(.bss.BXF_USR_TIM11_Proess.led_gpio)
    BXF_USR_TIM11_Proess.led_pin             0x2000006c   Data           2  bxf_sys.o(.bss.BXF_USR_TIM11_Proess.led_pin)
    [Anonymous Symbol]                       0x2000006c   Section        0  bxf_sys.o(.bss.BXF_USR_TIM11_Proess.led_pin)
    HAL_TIM_PeriodElapsedCallback.tim11_100mscount 0x2000006e   Data           1  tim.o(.bss.HAL_TIM_PeriodElapsedCallback.tim11_100mscount)
    [Anonymous Symbol]                       0x2000006e   Section        0  tim.o(.bss.HAL_TIM_PeriodElapsedCallback.tim11_100mscount)
    HAL_TIM_PeriodElapsedCallback.tim11_50mscount 0x2000006f   Data           1  tim.o(.bss.HAL_TIM_PeriodElapsedCallback.tim11_50mscount)
    [Anonymous Symbol]                       0x2000006f   Section        0  tim.o(.bss.HAL_TIM_PeriodElapsedCallback.tim11_50mscount)
    HEAP                                     0x20000968   Section      512  startup_stm32f411xe.o(HEAP)
    STACK                                    0x20000b68   Section     1024  startup_stm32f411xe.o(STACK)

    Global Symbols

    Symbol Name                              Value     Ov Type        Size  Object(Section)

    BuildAttributes$$THM_ISAv4$E$P$D$K$B$S$7EM$VFPi3$EXTD16$VFPS$VFMA$PE$A:L22UL41UL21$X:L11$S22US41US21$IEEE1$IW$~IW$USESV6$~STKCKD$USESV7$~SHL$OSPACE$ROPI$EBA8$MICROLIB$REQ8$PRES8$EABIv2 0x00000000   Number         0  anon$$obj.o ABSOLUTE
    __cpp_initialize__aeabi_                  - Undefined Weak Reference
    __cxa_finalize                            - Undefined Weak Reference
    __decompress                              - Undefined Weak Reference
    _clock_init                               - Undefined Weak Reference
    _microlib_exit                            - Undefined Weak Reference
    __Vectors_Size                           0x00000198   Number         0  startup_stm32f411xe.o ABSOLUTE
    __Vectors                                0x08000000   Data           4  startup_stm32f411xe.o(RESET)
    __Vectors_End                            0x08000198   Data           0  startup_stm32f411xe.o(RESET)
    __main                                   0x08000199   Thumb Code     0  entry.o(.ARM.Collect$$$$00000000)
    _main_stk                                0x08000199   Thumb Code     0  entry2.o(.ARM.Collect$$$$00000001)
    _main_scatterload                        0x0800019d   Thumb Code     0  entry5.o(.ARM.Collect$$$$00000004)
    __main_after_scatterload                 0x080001a1   Thumb Code     0  entry5.o(.ARM.Collect$$$$00000004)
    _main_clock                              0x080001a1   Thumb Code     0  entry7b.o(.ARM.Collect$$$$00000008)
    _main_cpp_init                           0x080001a1   Thumb Code     0  entry8b.o(.ARM.Collect$$$$0000000A)
    _main_init                               0x080001a1   Thumb Code     0  entry9a.o(.ARM.Collect$$$$0000000B)
    __rt_final_cpp                           0x080001a9   Thumb Code     0  entry10a.o(.ARM.Collect$$$$0000000D)
    __rt_final_exit                          0x080001a9   Thumb Code     0  entry11a.o(.ARM.Collect$$$$0000000F)
    Reset_Handler                            0x080001ad   Thumb Code     8  startup_stm32f411xe.o(.text)
    ADC_IRQHandler                           0x080001c7   Thumb Code     0  startup_stm32f411xe.o(.text)
    DMA1_Stream0_IRQHandler                  0x080001c7   Thumb Code     0  startup_stm32f411xe.o(.text)
    DMA1_Stream1_IRQHandler                  0x080001c7   Thumb Code     0  startup_stm32f411xe.o(.text)
    DMA1_Stream2_IRQHandler                  0x080001c7   Thumb Code     0  startup_stm32f411xe.o(.text)
    DMA1_Stream3_IRQHandler                  0x080001c7   Thumb Code     0  startup_stm32f411xe.o(.text)
    DMA1_Stream4_IRQHandler                  0x080001c7   Thumb Code     0  startup_stm32f411xe.o(.text)
    DMA1_Stream5_IRQHandler                  0x080001c7   Thumb Code     0  startup_stm32f411xe.o(.text)
    DMA1_Stream6_IRQHandler                  0x080001c7   Thumb Code     0  startup_stm32f411xe.o(.text)
    DMA1_Stream7_IRQHandler                  0x080001c7   Thumb Code     0  startup_stm32f411xe.o(.text)
    DMA2_Stream0_IRQHandler                  0x080001c7   Thumb Code     0  startup_stm32f411xe.o(.text)
    DMA2_Stream1_IRQHandler                  0x080001c7   Thumb Code     0  startup_stm32f411xe.o(.text)
    DMA2_Stream2_IRQHandler                  0x080001c7   Thumb Code     0  startup_stm32f411xe.o(.text)
    DMA2_Stream3_IRQHandler                  0x080001c7   Thumb Code     0  startup_stm32f411xe.o(.text)
    DMA2_Stream4_IRQHandler                  0x080001c7   Thumb Code     0  startup_stm32f411xe.o(.text)
    DMA2_Stream5_IRQHandler                  0x080001c7   Thumb Code     0  startup_stm32f411xe.o(.text)
    DMA2_Stream6_IRQHandler                  0x080001c7   Thumb Code     0  startup_stm32f411xe.o(.text)
    DMA2_Stream7_IRQHandler                  0x080001c7   Thumb Code     0  startup_stm32f411xe.o(.text)
    EXTI0_IRQHandler                         0x080001c7   Thumb Code     0  startup_stm32f411xe.o(.text)
    EXTI2_IRQHandler                         0x080001c7   Thumb Code     0  startup_stm32f411xe.o(.text)
    EXTI3_IRQHandler                         0x080001c7   Thumb Code     0  startup_stm32f411xe.o(.text)
    EXTI4_IRQHandler                         0x080001c7   Thumb Code     0  startup_stm32f411xe.o(.text)
    EXTI9_5_IRQHandler                       0x080001c7   Thumb Code     0  startup_stm32f411xe.o(.text)
    FLASH_IRQHandler                         0x080001c7   Thumb Code     0  startup_stm32f411xe.o(.text)
    FPU_IRQHandler                           0x080001c7   Thumb Code     0  startup_stm32f411xe.o(.text)
    I2C1_ER_IRQHandler                       0x080001c7   Thumb Code     0  startup_stm32f411xe.o(.text)
    I2C1_EV_IRQHandler                       0x080001c7   Thumb Code     0  startup_stm32f411xe.o(.text)
    I2C2_ER_IRQHandler                       0x080001c7   Thumb Code     0  startup_stm32f411xe.o(.text)
    I2C2_EV_IRQHandler                       0x080001c7   Thumb Code     0  startup_stm32f411xe.o(.text)
    I2C3_ER_IRQHandler                       0x080001c7   Thumb Code     0  startup_stm32f411xe.o(.text)
    I2C3_EV_IRQHandler                       0x080001c7   Thumb Code     0  startup_stm32f411xe.o(.text)
    OTG_FS_WKUP_IRQHandler                   0x080001c7   Thumb Code     0  startup_stm32f411xe.o(.text)
    PVD_IRQHandler                           0x080001c7   Thumb Code     0  startup_stm32f411xe.o(.text)
    RCC_IRQHandler                           0x080001c7   Thumb Code     0  startup_stm32f411xe.o(.text)
    RTC_Alarm_IRQHandler                     0x080001c7   Thumb Code     0  startup_stm32f411xe.o(.text)
    RTC_WKUP_IRQHandler                      0x080001c7   Thumb Code     0  startup_stm32f411xe.o(.text)
    SDIO_IRQHandler                          0x080001c7   Thumb Code     0  startup_stm32f411xe.o(.text)
    SPI1_IRQHandler                          0x080001c7   Thumb Code     0  startup_stm32f411xe.o(.text)
    SPI2_IRQHandler                          0x080001c7   Thumb Code     0  startup_stm32f411xe.o(.text)
    SPI3_IRQHandler                          0x080001c7   Thumb Code     0  startup_stm32f411xe.o(.text)
    SPI4_IRQHandler                          0x080001c7   Thumb Code     0  startup_stm32f411xe.o(.text)
    SPI5_IRQHandler                          0x080001c7   Thumb Code     0  startup_stm32f411xe.o(.text)
    TAMP_STAMP_IRQHandler                    0x080001c7   Thumb Code     0  startup_stm32f411xe.o(.text)
    TIM1_BRK_TIM9_IRQHandler                 0x080001c7   Thumb Code     0  startup_stm32f411xe.o(.text)
    TIM1_CC_IRQHandler                       0x080001c7   Thumb Code     0  startup_stm32f411xe.o(.text)
    TIM1_UP_TIM10_IRQHandler                 0x080001c7   Thumb Code     0  startup_stm32f411xe.o(.text)
    TIM2_IRQHandler                          0x080001c7   Thumb Code     0  startup_stm32f411xe.o(.text)
    TIM3_IRQHandler                          0x080001c7   Thumb Code     0  startup_stm32f411xe.o(.text)
    TIM4_IRQHandler                          0x080001c7   Thumb Code     0  startup_stm32f411xe.o(.text)
    TIM5_IRQHandler                          0x080001c7   Thumb Code     0  startup_stm32f411xe.o(.text)
    USART1_IRQHandler                        0x080001c7   Thumb Code     0  startup_stm32f411xe.o(.text)
    USART2_IRQHandler                        0x080001c7   Thumb Code     0  startup_stm32f411xe.o(.text)
    USART6_IRQHandler                        0x080001c7   Thumb Code     0  startup_stm32f411xe.o(.text)
    WWDG_IRQHandler                          0x080001c7   Thumb Code     0  startup_stm32f411xe.o(.text)
    __aeabi_uldivmod                         0x080001d1   Thumb Code    98  uldiv.o(.text)
    __aeabi_memset                           0x08000233   Thumb Code    14  memseta.o(.text)
    __aeabi_memset4                          0x08000233   Thumb Code     0  memseta.o(.text)
    __aeabi_memset8                          0x08000233   Thumb Code     0  memseta.o(.text)
    __aeabi_memclr                           0x08000241   Thumb Code     4  memseta.o(.text)
    __aeabi_memclr4                          0x08000241   Thumb Code     0  memseta.o(.text)
    __aeabi_memclr8                          0x08000241   Thumb Code     0  memseta.o(.text)
    _memset$wrapper                          0x08000245   Thumb Code    18  memseta.o(.text)
    __aeabi_uidiv                            0x08000257   Thumb Code     0  uidiv.o(.text)
    __aeabi_uidivmod                         0x08000257   Thumb Code    44  uidiv.o(.text)
    __aeabi_llsl                             0x08000283   Thumb Code    30  llshl.o(.text)
    _ll_shift_l                              0x08000283   Thumb Code     0  llshl.o(.text)
    __aeabi_llsr                             0x080002a1   Thumb Code    32  llushr.o(.text)
    _ll_ushift_r                             0x080002a1   Thumb Code     0  llushr.o(.text)
    __I$use$fp                               0x080002c1   Thumb Code     0  iusefp.o(.text)
    __aeabi_dadd                             0x080002c1   Thumb Code   322  dadd.o(.text)
    __aeabi_dsub                             0x08000403   Thumb Code     6  dadd.o(.text)
    __aeabi_drsub                            0x08000409   Thumb Code     6  dadd.o(.text)
    __aeabi_dmul                             0x0800040f   Thumb Code   228  dmul.o(.text)
    __aeabi_ddiv                             0x080004f3   Thumb Code   222  ddiv.o(.text)
    __aeabi_d2ulz                            0x080005d1   Thumb Code    48  dfixul.o(.text)
    __aeabi_cdrcmple                         0x08000601   Thumb Code    48  cdrcmple.o(.text)
    __scatterload                            0x08000631   Thumb Code    28  init.o(.text)
    __scatterload_rt2                        0x08000631   Thumb Code     0  init.o(.text)
    __aeabi_lasr                             0x08000655   Thumb Code    36  llsshr.o(.text)
    _ll_sshift_r                             0x08000655   Thumb Code     0  llsshr.o(.text)
    _double_round                            0x08000679   Thumb Code    30  depilogue.o(.text)
    _double_epilogue                         0x08000697   Thumb Code   156  depilogue.o(.text)
    BXF_NRF_ReadBuff                         0x08000735   Thumb Code    94  nrf24l01p.o(.text.BXF_NRF_ReadBuff)
    BXF_NRF_ReadData                         0x08000795   Thumb Code    92  nrf24l01p.o(.text.BXF_NRF_ReadData)
    BXF_NRF_TxDate                           0x080007f1   Thumb Code   120  nrf24l01p.o(.text.BXF_NRF_TxDate)
    BXF_NRF_TxMode                           0x08000869   Thumb Code   236  nrf24l01p.o(.text.BXF_NRF_TxMode)
    BXF_NRF_WriteBuff                        0x08000955   Thumb Code    94  nrf24l01p.o(.text.BXF_NRF_WriteBuff)
    BXF_NRF_WriteData                        0x080009b5   Thumb Code    92  nrf24l01p.o(.text.BXF_NRF_WriteData)
    BXF_NRF_nRF24L01P_Init                   0x08000a11   Thumb Code   210  nrf24l01p.o(.text.BXF_NRF_nRF24L01P_Init)
    BXF_USR_DefineInit                       0x08000ae5   Thumb Code    46  bxf_sys_define.o(.text.BXF_USR_DefineInit)
    BXF_USR_KEY_Proess                       0x08000b15   Thumb Code    52  bxf_sys.o(.text.BXF_USR_KEY_Proess)
    BXF_USR_LEDCtrl                          0x08000b49   Thumb Code   128  bxf_sys.o(.text.BXF_USR_LEDCtrl)
    BXF_USR_LEDInit                          0x08000bc9   Thumb Code    38  bxf_sys.o(.text.BXF_USR_LEDInit)
    BXF_USR_MEMCopy                          0x08000bf1   Thumb Code    56  bxf_sys_define.o(.text.BXF_USR_MEMCopy)
    BXF_USR_MEMFill                          0x08000c29   Thumb Code    58  bxf_sys_define.o(.text.BXF_USR_MEMFill)
    BXF_USR_NRF_INT_Proess                   0x08000c65   Thumb Code   488  bxf_sys.o(.text.BXF_USR_NRF_INT_Proess)
    BXF_USR_SYSInit                          0x08000e4d   Thumb Code    16  bxf_sys.o(.text.BXF_USR_SYSInit)
    BXF_USR_TIM11_Proess                     0x08000e5d   Thumb Code   828  bxf_sys.o(.text.BXF_USR_TIM11_Proess)
    BusFault_Handler                         0x08001199   Thumb Code     4  stm32f4xx_it.o(.text.BusFault_Handler)
    DebugMon_Handler                         0x08001231   Thumb Code     2  stm32f4xx_it.o(.text.DebugMon_Handler)
    EXTI15_10_IRQHandler                     0x08001235   Thumb Code    12  stm32f4xx_it.o(.text.EXTI15_10_IRQHandler)
    EXTI1_IRQHandler                         0x08001241   Thumb Code    10  stm32f4xx_it.o(.text.EXTI1_IRQHandler)
    Error_Handler                            0x0800124d   Thumb Code    14  main.o(.text.Error_Handler)
    HAL_Delay                                0x0800125d   Thumb Code    66  stm32f4xx_hal.o(.text.HAL_Delay)
    HAL_GPIO_EXTI_Callback                   0x080012a1   Thumb Code   114  gpio.o(.text.HAL_GPIO_EXTI_Callback)
    HAL_GPIO_EXTI_IRQHandler                 0x08001315   Thumb Code    56  stm32f4xx_hal_gpio.o(.text.HAL_GPIO_EXTI_IRQHandler)
    HAL_GPIO_Init                            0x0800134d   Thumb Code   866  stm32f4xx_hal_gpio.o(.text.HAL_GPIO_Init)
    HAL_GPIO_ReadPin                         0x080016b1   Thumb Code    46  stm32f4xx_hal_gpio.o(.text.HAL_GPIO_ReadPin)
    HAL_GPIO_TogglePin                       0x080016e1   Thumb Code    38  stm32f4xx_hal_gpio.o(.text.HAL_GPIO_TogglePin)
    HAL_GPIO_WritePin                        0x08001709   Thumb Code    46  stm32f4xx_hal_gpio.o(.text.HAL_GPIO_WritePin)
    HAL_GetTick                              0x08001739   Thumb Code    12  stm32f4xx_hal.o(.text.HAL_GetTick)
    HAL_HCD_Connect_Callback                 0x08001745   Thumb Code    20  usbh_conf.o(.text.HAL_HCD_Connect_Callback)
    HAL_HCD_Disconnect_Callback              0x08001759   Thumb Code    20  usbh_conf.o(.text.HAL_HCD_Disconnect_Callback)
    HAL_HCD_GetCurrentFrame                  0x0800176d   Thumb Code    18  stm32f4xx_hal_hcd.o(.text.HAL_HCD_GetCurrentFrame)
    HAL_HCD_GetCurrentSpeed                  0x08001781   Thumb Code    18  stm32f4xx_hal_hcd.o(.text.HAL_HCD_GetCurrentSpeed)
    HAL_HCD_HC_GetURBState                   0x08001795   Thumb Code    28  stm32f4xx_hal_hcd.o(.text.HAL_HCD_HC_GetURBState)
    HAL_HCD_HC_GetXferCount                  0x080017b1   Thumb Code    26  stm32f4xx_hal_hcd.o(.text.HAL_HCD_HC_GetXferCount)
    HAL_HCD_HC_Halt                          0x080017cd   Thumb Code    92  stm32f4xx_hal_hcd.o(.text.HAL_HCD_HC_Halt)
    HAL_HCD_HC_Init                          0x08001829   Thumb Code   336  stm32f4xx_hal_hcd.o(.text.HAL_HCD_HC_Init)
    HAL_HCD_HC_NotifyURBChange_Callback      0x08001979   Thumb Code    16  usbh_conf.o(.text.HAL_HCD_HC_NotifyURBChange_Callback)
    HAL_HCD_HC_SubmitRequest                 0x08001989   Thumb Code   684  stm32f4xx_hal_hcd.o(.text.HAL_HCD_HC_SubmitRequest)
    HAL_HCD_IRQHandler                       0x08001c35   Thumb Code   472  stm32f4xx_hal_hcd.o(.text.HAL_HCD_IRQHandler)
    HAL_HCD_Init                             0x08001e0d   Thumb Code   328  stm32f4xx_hal_hcd.o(.text.HAL_HCD_Init)
    HAL_HCD_MspInit                          0x08001f55   Thumb Code   176  usbh_conf.o(.text.HAL_HCD_MspInit)
    HAL_HCD_PortDisabled_Callback            0x08002005   Thumb Code    20  usbh_conf.o(.text.HAL_HCD_PortDisabled_Callback)
    HAL_HCD_PortEnabled_Callback             0x08002019   Thumb Code    20  usbh_conf.o(.text.HAL_HCD_PortEnabled_Callback)
    HAL_HCD_ResetPort                        0x0800202d   Thumb Code    18  stm32f4xx_hal_hcd.o(.text.HAL_HCD_ResetPort)
    HAL_HCD_SOF_Callback                     0x08002041   Thumb Code    20  usbh_conf.o(.text.HAL_HCD_SOF_Callback)
    HAL_HCD_Start                            0x08002055   Thumb Code    86  stm32f4xx_hal_hcd.o(.text.HAL_HCD_Start)
    HAL_HCD_Stop                             0x080020ad   Thumb Code    76  stm32f4xx_hal_hcd.o(.text.HAL_HCD_Stop)
    HAL_IncTick                              0x080020f9   Thumb Code    26  stm32f4xx_hal.o(.text.HAL_IncTick)
    HAL_Init                                 0x08002115   Thumb Code    54  stm32f4xx_hal.o(.text.HAL_Init)
    HAL_InitTick                             0x0800214d   Thumb Code   112  stm32f4xx_hal.o(.text.HAL_InitTick)
    HAL_MspInit                              0x080021bd   Thumb Code    74  stm32f4xx_hal_msp.o(.text.HAL_MspInit)
    HAL_NVIC_EnableIRQ                       0x08002209   Thumb Code    20  stm32f4xx_hal_cortex.o(.text.HAL_NVIC_EnableIRQ)
    HAL_NVIC_SetPriority                     0x0800221d   Thumb Code    50  stm32f4xx_hal_cortex.o(.text.HAL_NVIC_SetPriority)
    HAL_NVIC_SetPriorityGrouping             0x08002251   Thumb Code    16  stm32f4xx_hal_cortex.o(.text.HAL_NVIC_SetPriorityGrouping)
    HAL_RCC_ClockConfig                      0x08002261   Thumb Code   610  stm32f4xx_hal_rcc.o(.text.HAL_RCC_ClockConfig)
    HAL_RCC_GetHCLKFreq                      0x080024c5   Thumb Code    12  stm32f4xx_hal_rcc.o(.text.HAL_RCC_GetHCLKFreq)
    HAL_RCC_GetPCLK1Freq                     0x080024d1   Thumb Code    34  stm32f4xx_hal_rcc.o(.text.HAL_RCC_GetPCLK1Freq)
    HAL_RCC_GetPCLK2Freq                     0x080024f5   Thumb Code    34  stm32f4xx_hal_rcc.o(.text.HAL_RCC_GetPCLK2Freq)
    HAL_RCC_GetSysClockFreq                  0x08002519   Thumb Code   230  stm32f4xx_hal_rcc.o(.text.HAL_RCC_GetSysClockFreq)
    HAL_RCC_OscConfig                        0x08002601   Thumb Code  1726  stm32f4xx_hal_rcc.o(.text.HAL_RCC_OscConfig)
    HAL_SPI_Init                             0x08002cc1   Thumb Code   256  stm32f4xx_hal_spi.o(.text.HAL_SPI_Init)
    HAL_SPI_MspInit                          0x08002dc1   Thumb Code   142  spi.o(.text.HAL_SPI_MspInit)
    HAL_SPI_Receive                          0x08002e51   Thumb Code   560  stm32f4xx_hal_spi.o(.text.HAL_SPI_Receive)
    HAL_SPI_Transmit                         0x08003081   Thumb Code   644  stm32f4xx_hal_spi.o(.text.HAL_SPI_Transmit)
    HAL_SPI_TransmitReceive                  0x08003305   Thumb Code   870  stm32f4xx_hal_spi.o(.text.HAL_SPI_TransmitReceive)
    HAL_SYSTICK_Config                       0x0800366d   Thumb Code    16  stm32f4xx_hal_cortex.o(.text.HAL_SYSTICK_Config)
    HAL_TIMEx_BreakCallback                  0x0800367d   Thumb Code     8  stm32f4xx_hal_tim_ex.o(.text.HAL_TIMEx_BreakCallback)
    HAL_TIMEx_CommutCallback                 0x08003685   Thumb Code     8  stm32f4xx_hal_tim_ex.o(.text.HAL_TIMEx_CommutCallback)
    HAL_TIM_Base_Init                        0x0800368d   Thumb Code   156  stm32f4xx_hal_tim.o(.text.HAL_TIM_Base_Init)
    HAL_TIM_Base_MspInit                     0x08003729   Thumb Code    82  tim.o(.text.HAL_TIM_Base_MspInit)
    HAL_TIM_Base_Start_IT                    0x0800377d   Thumb Code   210  stm32f4xx_hal_tim.o(.text.HAL_TIM_Base_Start_IT)
    HAL_TIM_IC_CaptureCallback               0x08003851   Thumb Code     8  stm32f4xx_hal_tim.o(.text.HAL_TIM_IC_CaptureCallback)
    HAL_TIM_IRQHandler                       0x08003859   Thumb Code   634  stm32f4xx_hal_tim.o(.text.HAL_TIM_IRQHandler)
    HAL_TIM_OC_DelayElapsedCallback          0x08003ad5   Thumb Code     8  stm32f4xx_hal_tim.o(.text.HAL_TIM_OC_DelayElapsedCallback)
    HAL_TIM_PWM_PulseFinishedCallback        0x08003add   Thumb Code     8  stm32f4xx_hal_tim.o(.text.HAL_TIM_PWM_PulseFinishedCallback)
    HAL_TIM_PeriodElapsedCallback            0x08003ae5   Thumb Code   168  tim.o(.text.HAL_TIM_PeriodElapsedCallback)
    HAL_TIM_TriggerCallback                  0x08003b8d   Thumb Code     8  stm32f4xx_hal_tim.o(.text.HAL_TIM_TriggerCallback)
    HAL_UART_Init                            0x08003b95   Thumb Code   154  stm32f4xx_hal_uart.o(.text.HAL_UART_Init)
    HAL_UART_MspInit                         0x08003c31   Thumb Code   266  usart.o(.text.HAL_UART_MspInit)
    HAL_UART_Transmit                        0x08003d3d   Thumb Code   334  stm32f4xx_hal_uart.o(.text.HAL_UART_Transmit)
    HID_ReadItem                             0x08004c15   Thumb Code   330  usbh_hid_parser.o(.text.HID_ReadItem)
    HardFault_Handler                        0x08004d61   Thumb Code     4  stm32f4xx_it.o(.text.HardFault_Handler)
    MX_GPIO_Init                             0x08004d65   Thumb Code   358  gpio.o(.text.MX_GPIO_Init)
    MX_SPI1_Init                             0x08004ecd   Thumb Code    78  spi.o(.text.MX_SPI1_Init)
    MX_TIM11_Init                            0x08004f1d   Thumb Code    68  tim.o(.text.MX_TIM11_Init)
    MX_USART1_UART_Init                      0x08004f61   Thumb Code    64  usart.o(.text.MX_USART1_UART_Init)
    MX_USB_HOST_Init                         0x08004fa1   Thumb Code   118  usb_host.o(.text.MX_USB_HOST_Init)
    MX_USB_HOST_Process                      0x08005019   Thumb Code    16  usb_host.o(.text.MX_USB_HOST_Process)
    MemManage_Handler                        0x08005029   Thumb Code     4  stm32f4xx_it.o(.text.MemManage_Handler)
    NMI_Handler                              0x0800502d   Thumb Code     4  stm32f4xx_it.o(.text.NMI_Handler)
    NRF24L01P_Check                          0x08005031   Thumb Code   242  nrf24l01p.o(.text.NRF24L01P_Check)
    OTG_FS_IRQHandler                        0x08005191   Thumb Code    16  stm32f4xx_it.o(.text.OTG_FS_IRQHandler)
    PendSV_Handler                           0x080051a1   Thumb Code     2  stm32f4xx_it.o(.text.PendSV_Handler)
    SVC_Handler                              0x08005459   Thumb Code     2  stm32f4xx_it.o(.text.SVC_Handler)
    SysTick_Handler                          0x080054b1   Thumb Code     8  stm32f4xx_it.o(.text.SysTick_Handler)
    SystemClock_Config                       0x080054b9   Thumb Code   184  main.o(.text.SystemClock_Config)
    SystemInit                               0x08005571   Thumb Code    18  system_stm32f4xx.o(.text.SystemInit)
    TIM1_TRG_COM_TIM11_IRQHandler            0x08005585   Thumb Code    16  stm32f4xx_it.o(.text.TIM1_TRG_COM_TIM11_IRQHandler)
    TIM_Base_SetConfig                       0x08005595   Thumb Code   314  stm32f4xx_hal_tim.o(.text.TIM_Base_SetConfig)
    USBH_AllocPipe                           0x080058e1   Thumb Code    70  usbh_pipes.o(.text.USBH_AllocPipe)
    USBH_ClosePipe                           0x08005929   Thumb Code    26  usbh_pipes.o(.text.USBH_ClosePipe)
    USBH_ClrFeature                          0x08005945   Thumb Code    66  usbh_ctlreq.o(.text.USBH_ClrFeature)
    USBH_CtlReceiveData                      0x08005989   Thumb Code    62  usbh_ioreq.o(.text.USBH_CtlReceiveData)
    USBH_CtlReq                              0x080059c9   Thumb Code   148  usbh_ctlreq.o(.text.USBH_CtlReq)
    USBH_CtlSendData                         0x08005a5d   Thumb Code    92  usbh_ioreq.o(.text.USBH_CtlSendData)
    USBH_CtlSendSetup                        0x08005ab9   Thumb Code    56  usbh_ioreq.o(.text.USBH_CtlSendSetup)
    USBH_Delay                               0x08005af1   Thumb Code    16  usbh_conf.o(.text.USBH_Delay)
    USBH_FindInterface                       0x08005b01   Thumb Code   170  usbh_core.o(.text.USBH_FindInterface)
    USBH_FreePipe                            0x08005bad   Thumb Code    48  usbh_pipes.o(.text.USBH_FreePipe)
    USBH_GetDescriptor                       0x08005bdd   Thumb Code   122  usbh_ctlreq.o(.text.USBH_GetDescriptor)
    USBH_GetNextDesc                         0x08005cb5   Thumb Code    32  usbh_ctlreq.o(.text.USBH_GetNextDesc)
    USBH_Get_CfgDesc                         0x08005cd5   Thumb Code    76  usbh_ctlreq.o(.text.USBH_Get_CfgDesc)
    USBH_Get_DevDesc                         0x08005d21   Thumb Code    74  usbh_ctlreq.o(.text.USBH_Get_DevDesc)
    USBH_Get_StringDesc                      0x08005d6d   Thumb Code    84  usbh_ctlreq.o(.text.USBH_Get_StringDesc)
    USBH_Get_USB_Status                      0x08005dc1   Thumb Code    82  usbh_conf.o(.text.USBH_Get_USB_Status)
    USBH_HID_EventCallback                   0x08005f69   Thumb Code   156  usb_host.o(.text.USBH_HID_EventCallback)
    USBH_HID_FifoInit                        0x08006005   Thumb Code    42  usbh_hid.o(.text.USBH_HID_FifoInit)
    USBH_HID_FifoRead                        0x08006031   Thumb Code   164  usbh_hid.o(.text.USBH_HID_FifoRead)
    USBH_HID_FifoWrite                       0x080060d5   Thumb Code   190  usbh_hid.o(.text.USBH_HID_FifoWrite)
    USBH_HID_GetDeviceType                   0x08006195   Thumb Code    88  usbh_hid.o(.text.USBH_HID_GetDeviceType)
    USBH_HID_GetHIDReportDescriptor          0x080061ed   Thumb Code    46  usbh_hid.o(.text.USBH_HID_GetHIDReportDescriptor)
    USBH_HID_GetMouseInfo                    0x0800621d   Thumb Code    40  usbh_hid_mouse.o(.text.USBH_HID_GetMouseInfo)
    USBH_HID_GetReport                       0x08006245   Thumb Code    84  usbh_hid.o(.text.USBH_HID_GetReport)
    USBH_HID_KeybdInit                       0x08006605   Thumb Code   150  usbh_hid_keybd.o(.text.USBH_HID_KeybdInit)
    USBH_HID_MouseInit                       0x08006759   Thumb Code   140  usbh_hid_mouse.o(.text.USBH_HID_MouseInit)
    USBH_HID_SetIdle                         0x08006a2d   Thumb Code    64  usbh_hid.o(.text.USBH_HID_SetIdle)
    USBH_HID_SetProtocol                     0x08006a6d   Thumb Code    68  usbh_hid.o(.text.USBH_HID_SetProtocol)
    USBH_Init                                0x08007491   Thumb Code   162  usbh_core.o(.text.USBH_Init)
    USBH_InterruptReceiveData                0x08007535   Thumb Code    64  usbh_ioreq.o(.text.USBH_InterruptReceiveData)
    USBH_LL_ClosePipe                        0x08007575   Thumb Code    58  usbh_conf.o(.text.USBH_LL_ClosePipe)
    USBH_LL_Connect                          0x080075b1   Thumb Code    30  usbh_core.o(.text.USBH_LL_Connect)
    USBH_LL_Disconnect                       0x080075d1   Thumb Code    58  usbh_core.o(.text.USBH_LL_Disconnect)
    USBH_LL_DriverVBUS                       0x0800760d   Thumb Code    48  usbh_conf.o(.text.USBH_LL_DriverVBUS)
    USBH_LL_GetLastXferSize                  0x0800763d   Thumb Code    28  usbh_conf.o(.text.USBH_LL_GetLastXferSize)
    USBH_LL_GetSpeed                         0x08007659   Thumb Code    86  usbh_conf.o(.text.USBH_LL_GetSpeed)
    USBH_LL_GetURBState                      0x080076b1   Thumb Code    28  usbh_conf.o(.text.USBH_LL_GetURBState)
    USBH_LL_IncTimer                         0x080076cd   Thumb Code    28  usbh_core.o(.text.USBH_LL_IncTimer)
    USBH_LL_Init                             0x080076e9   Thumb Code   110  usbh_conf.o(.text.USBH_LL_Init)
    USBH_LL_OpenPipe                         0x08007759   Thumb Code   124  usbh_conf.o(.text.USBH_LL_OpenPipe)
    USBH_LL_PortDisabled                     0x080077d5   Thumb Code    16  usbh_core.o(.text.USBH_LL_PortDisabled)
    USBH_LL_PortEnabled                      0x080077e5   Thumb Code    16  usbh_core.o(.text.USBH_LL_PortEnabled)
    USBH_LL_ResetPort                        0x080077f5   Thumb Code    50  usbh_conf.o(.text.USBH_LL_ResetPort)
    USBH_LL_SetTimer                         0x08007829   Thumb Code    18  usbh_core.o(.text.USBH_LL_SetTimer)
    USBH_LL_SetToggle                        0x0800783d   Thumb Code    90  usbh_conf.o(.text.USBH_LL_SetToggle)
    USBH_LL_Start                            0x08007899   Thumb Code    50  usbh_conf.o(.text.USBH_LL_Start)
    USBH_LL_Stop                             0x080078cd   Thumb Code    50  usbh_conf.o(.text.USBH_LL_Stop)
    USBH_LL_SubmitURB                        0x08007901   Thumb Code   132  usbh_conf.o(.text.USBH_LL_SubmitURB)
    USBH_OpenPipe                            0x08007985   Thumb Code    92  usbh_pipes.o(.text.USBH_OpenPipe)
    USBH_Process                             0x08007f1d   Thumb Code  1630  usbh_core.o(.text.USBH_Process)
    USBH_RegisterClass                       0x0800857d   Thumb Code   168  usbh_core.o(.text.USBH_RegisterClass)
    USBH_SelectInterface                     0x08008625   Thumb Code   264  usbh_core.o(.text.USBH_SelectInterface)
    USBH_SetAddress                          0x0800872d   Thumb Code    64  usbh_ctlreq.o(.text.USBH_SetAddress)
    USBH_SetCfg                              0x0800876d   Thumb Code    64  usbh_ctlreq.o(.text.USBH_SetCfg)
    USBH_SetFeature                          0x080087ad   Thumb Code    64  usbh_ctlreq.o(.text.USBH_SetFeature)
    USBH_Start                               0x080087ed   Thumb Code    26  usbh_core.o(.text.USBH_Start)
    USBH_VS_BtpA1n3sInit                     0x080088f5   Thumb Code   118  usbh_vendor_specific_btp_a1n3s.o(.text.USBH_VS_BtpA1n3sInit)
    USBH_VS_EventCallback                    0x08008ac1   Thumb Code   102  usb_host.o(.text.USBH_VS_EventCallback)
    USBH_VS_FifoInit                         0x08008b29   Thumb Code    42  usbh_vendor_specific.o(.text.USBH_VS_FifoInit)
    USBH_VS_FifoRead                         0x08008b55   Thumb Code   164  usbh_vendor_specific.o(.text.USBH_VS_FifoRead)
    USBH_VS_FifoWrite                        0x08008bf9   Thumb Code   190  usbh_vendor_specific.o(.text.USBH_VS_FifoWrite)
    USBH_VS_GetBtpA1n3sInfo                  0x08008cb9   Thumb Code    40  usbh_vendor_specific_btp_a1n3s.o(.text.USBH_VS_GetBtpA1n3sInfo)
    USBH_VS_GetDeviceType                    0x08008ce1   Thumb Code    68  usbh_vendor_specific.o(.text.USBH_VS_GetDeviceType)
    USBH_VS_GetReport                        0x08008d25   Thumb Code    84  usbh_vendor_specific.o(.text.USBH_VS_GetReport)
    USBH_VS_GetVSReportDescriptor            0x08008d79   Thumb Code    46  usbh_vendor_specific.o(.text.USBH_VS_GetVSReportDescriptor)
    USBH_VS_SetIdle                          0x08009319   Thumb Code    64  usbh_vendor_specific.o(.text.USBH_VS_SetIdle)
    USBH_VS_SetProtocol                      0x08009359   Thumb Code    68  usbh_vendor_specific.o(.text.USBH_VS_SetProtocol)
    USB_CoreInit                             0x0800939d   Thumb Code   252  stm32f4xx_ll_usb.o(.text.USB_CoreInit)
    USB_DisableGlobalInt                     0x0800951d   Thumb Code    20  stm32f4xx_ll_usb.o(.text.USB_DisableGlobalInt)
    USB_DoPing                               0x08009531   Thumb Code    94  stm32f4xx_ll_usb.o(.text.USB_DoPing)
    USB_DriveVbus                            0x08009591   Thumb Code   104  stm32f4xx_ll_usb.o(.text.USB_DriveVbus)
    USB_EnableGlobalInt                      0x080095f9   Thumb Code    20  stm32f4xx_ll_usb.o(.text.USB_EnableGlobalInt)
    USB_FlushRxFifo                          0x0800960d   Thumb Code   128  stm32f4xx_ll_usb.o(.text.USB_FlushRxFifo)
    USB_FlushTxFifo                          0x0800968d   Thumb Code   134  stm32f4xx_ll_usb.o(.text.USB_FlushTxFifo)
    USB_GetCurrentFrame                      0x08009715   Thumb Code    20  stm32f4xx_ll_usb.o(.text.USB_GetCurrentFrame)
    USB_GetHostSpeed                         0x08009729   Thumb Code    30  stm32f4xx_ll_usb.o(.text.USB_GetHostSpeed)
    USB_GetMode                              0x08009749   Thumb Code    16  stm32f4xx_ll_usb.o(.text.USB_GetMode)
    USB_HC_Halt                              0x08009759   Thumb Code   416  stm32f4xx_ll_usb.o(.text.USB_HC_Halt)
    USB_HC_Init                              0x080098f9   Thumb Code   546  stm32f4xx_ll_usb.o(.text.USB_HC_Init)
    USB_HC_ReadInterrupt                     0x08009b1d   Thumb Code    20  stm32f4xx_ll_usb.o(.text.USB_HC_ReadInterrupt)
    USB_HC_StartXfer                         0x08009b31   Thumb Code   630  stm32f4xx_ll_usb.o(.text.USB_HC_StartXfer)
    USB_HostInit                             0x08009da9   Thumb Code   428  stm32f4xx_ll_usb.o(.text.USB_HostInit)
    USB_InitFSLSPClkSel                      0x08009f55   Thumb Code   100  stm32f4xx_ll_usb.o(.text.USB_InitFSLSPClkSel)
    USB_ReadInterrupts                       0x08009fb9   Thumb Code    26  stm32f4xx_ll_usb.o(.text.USB_ReadInterrupts)
    USB_ReadPacket                           0x08009fd5   Thumb Code   180  stm32f4xx_ll_usb.o(.text.USB_ReadPacket)
    USB_ResetPort                            0x0800a089   Thumb Code    74  stm32f4xx_ll_usb.o(.text.USB_ResetPort)
    USB_SetCurrentMode                       0x0800a0d5   Thumb Code   222  stm32f4xx_ll_usb.o(.text.USB_SetCurrentMode)
    USB_StopHost                             0x0800a1b5   Thumb Code   288  stm32f4xx_ll_usb.o(.text.USB_StopHost)
    USB_WritePacket                          0x0800a2d5   Thumb Code   130  stm32f4xx_ll_usb.o(.text.USB_WritePacket)
    UsageFault_Handler                       0x0800a359   Thumb Code     4  stm32f4xx_it.o(.text.UsageFault_Handler)
    fputc                                    0x0800a41d   Thumb Code    34  usart.o(.text.fputc)
    main                                     0x0800a441   Thumb Code   238  main.o(.text.main)
    __0printf                                0x0800a531   Thumb Code    22  printfa.o(i.__0printf)
    __1printf                                0x0800a531   Thumb Code     0  printfa.o(i.__0printf)
    __2printf                                0x0800a531   Thumb Code     0  printfa.o(i.__0printf)
    __c89printf                              0x0800a531   Thumb Code     0  printfa.o(i.__0printf)
    printf                                   0x0800a531   Thumb Code     0  printfa.o(i.__0printf)
    __scatterload_copy                       0x0800a551   Thumb Code    14  handlers.o(i.__scatterload_copy)
    __scatterload_null                       0x0800a55f   Thumb Code     2  handlers.o(i.__scatterload_null)
    __scatterload_zeroinit                   0x0800a561   Thumb Code    14  handlers.o(i.__scatterload_zeroinit)
    free                                     0x0800ae25   Thumb Code    76  malloc.o(i.free)
    malloc                                   0x0800ae75   Thumb Code    92  malloc.o(i.malloc)
    AHBPrescTable                            0x0800aee0   Data          16  system_stm32f4xx.o(.rodata.AHBPrescTable)
    APBPrescTable                            0x0800aef0   Data           8  system_stm32f4xx.o(.rodata.APBPrescTable)
    Region$$Table$$Base                      0x0800b790   Number         0  anon$$obj.o(Region$$Table)
    Region$$Table$$Limit                     0x0800b7b0   Number         0  anon$$obj.o(Region$$Table)
    __stdout                                 0x20000000   Data           4  stdout.o(.data)
    __microlib_freelist                      0x20000004   Data           4  mvars.o(.data)
    __microlib_freelist_initialised          0x20000008   Data           4  mvars.o(.data)
    HID_Class                                0x20000010   Data          32  usbh_hid.o(.data.HID_Class)
    SystemCoreClock                          0x20000030   Data           4  system_stm32f4xx.o(.data.SystemCoreClock)
    VS_Class                                 0x20000034   Data          32  usbh_vendor_specific.o(.data.VS_Class)
    nrf_tx_addr                              0x20000054   Data           5  nrf24l01p.o(.data.nrf_tx_addr)
    uwTickFreq                               0x20000059   Data           1  stm32f4xx_hal.o(.data.uwTickFreq)
    uwTickPrio                               0x2000005c   Data           4  stm32f4xx_hal.o(.data.uwTickPrio)
    Appli_state                              0x20000060   Data           1  usb_host.o(.bss.Appli_state)
    bled                                     0x20000070   Data         128  bxf_sys.o(.bss.bled)
    bled0                                    0x200000f0   Data           8  bxf_sys.o(.bss.bled0)
    btp_a1n3s_info                           0x200000f8   Data          12  usbh_vendor_specific_btp_a1n3s.o(.bss.btp_a1n3s_info)
    btp_a1n3s_report_data                    0x20000104   Data          20  usbh_vendor_specific_btp_a1n3s.o(.bss.btp_a1n3s_report_data)
    btp_a1n3s_rx_report_buf                  0x20000118   Data          20  usbh_vendor_specific_btp_a1n3s.o(.bss.btp_a1n3s_rx_report_buf)
    bxf_btp_a1n3s_info                       0x2000012c   Data          12  bxf_sys_define.o(.bss.bxf_btp_a1n3s_info)
    bxf_user_int_flag                        0x20000138   Data           4  bxf_sys_define.o(.bss.bxf_user_int_flag)
    bxf_user_key_flag                        0x2000013c   Data           4  bxf_sys_define.o(.bss.bxf_user_key_flag)
    bxf_user_led_flag                        0x20000140   Data           4  bxf_sys_define.o(.bss.bxf_user_led_flag)
    bxf_user_nrf_flag                        0x20000144   Data           4  bxf_sys_define.o(.bss.bxf_user_nrf_flag)
    hUsbHostFS                               0x20000148   Data         988  usb_host.o(.bss.hUsbHostFS)
    hhcd_USB_OTG_FS                          0x20000524   Data         772  usbh_conf.o(.bss.hhcd_USB_OTG_FS)
    hspi1                                    0x20000828   Data          88  spi.o(.bss.hspi1)
    htim11                                   0x20000880   Data          72  tim.o(.bss.htim11)
    huart1                                   0x200008c8   Data          68  usart.o(.bss.huart1)
    keybd_info                               0x2000090c   Data          15  usbh_hid_keybd.o(.bss.keybd_info)
    keybd_report_data                        0x2000091c   Data           8  usbh_hid_keybd.o(.bss.keybd_report_data)
    keybd_rx_report_buf                      0x20000924   Data           8  usbh_hid_keybd.o(.bss.keybd_rx_report_buf)
    mouse_info                               0x2000092c   Data           5  usbh_hid_mouse.o(.bss.mouse_info)
    mouse_report_data                        0x20000934   Data           8  usbh_hid_mouse.o(.bss.mouse_report_data)
    mouse_rx_report_buf                      0x2000093c   Data           8  usbh_hid_mouse.o(.bss.mouse_rx_report_buf)
    nrf_rx_buff                              0x20000944   Data          32  nrf24l01p.o(.bss.nrf_rx_buff)
    uwTick                                   0x20000964   Data           4  stm32f4xx_hal.o(.bss.uwTick)
    __heap_base                              0x20000968   Data           0  startup_stm32f411xe.o(HEAP)
    __heap_limit                             0x20000b68   Data           0  startup_stm32f411xe.o(HEAP)
    __initial_sp                             0x20000f68   Data           0  startup_stm32f411xe.o(STACK)



==============================================================================

Memory Map of the image

  Image Entry point : 0x08000199

  Load Region LR_IROM1 (Base: 0x08000000, Size: 0x0000b810, Max: 0x00040000, ABSOLUTE)

    Execution Region ER_IROM1 (Exec base: 0x08000000, Load base: 0x08000000, Size: 0x0000b7b0, Max: 0x00040000, ABSOLUTE)

    Exec Addr    Load Addr    Size         Type   Attr      Idx    E Section Name        Object

    0x08000000   0x08000000   0x00000198   Data   RO            3    RESET               startup_stm32f411xe.o
    0x08000198   0x08000198   0x00000000   Code   RO         1835  * .ARM.Collect$$$$00000000  mc_w.l(entry.o)
    0x08000198   0x08000198   0x00000004   Code   RO         1898    .ARM.Collect$$$$00000001  mc_w.l(entry2.o)
    0x0800019c   0x0800019c   0x00000004   Code   RO         1901    .ARM.Collect$$$$00000004  mc_w.l(entry5.o)
    0x080001a0   0x080001a0   0x00000000   Code   RO         1903    .ARM.Collect$$$$00000008  mc_w.l(entry7b.o)
    0x080001a0   0x080001a0   0x00000000   Code   RO         1905    .ARM.Collect$$$$0000000A  mc_w.l(entry8b.o)
    0x080001a0   0x080001a0   0x00000008   Code   RO         1906    .ARM.Collect$$$$0000000B  mc_w.l(entry9a.o)
    0x080001a8   0x080001a8   0x00000000   Code   RO         1908    .ARM.Collect$$$$0000000D  mc_w.l(entry10a.o)
    0x080001a8   0x080001a8   0x00000000   Code   RO         1910    .ARM.Collect$$$$0000000F  mc_w.l(entry11a.o)
    0x080001a8   0x080001a8   0x00000004   Code   RO         1899    .ARM.Collect$$$$00002712  mc_w.l(entry2.o)
    0x080001ac   0x080001ac   0x00000024   Code   RO            4    .text               startup_stm32f411xe.o
    0x080001d0   0x080001d0   0x00000062   Code   RO         1838    .text               mc_w.l(uldiv.o)
    0x08000232   0x08000232   0x00000024   Code   RO         1840    .text               mc_w.l(memseta.o)
    0x08000256   0x08000256   0x0000002c   Code   RO         1922    .text               mc_w.l(uidiv.o)
    0x08000282   0x08000282   0x0000001e   Code   RO         1924    .text               mc_w.l(llshl.o)
    0x080002a0   0x080002a0   0x00000020   Code   RO         1926    .text               mc_w.l(llushr.o)
    0x080002c0   0x080002c0   0x00000000   Code   RO         1934    .text               mc_w.l(iusefp.o)
    0x080002c0   0x080002c0   0x0000014e   Code   RO         1935    .text               mf_w.l(dadd.o)
    0x0800040e   0x0800040e   0x000000e4   Code   RO         1937    .text               mf_w.l(dmul.o)
    0x080004f2   0x080004f2   0x000000de   Code   RO         1939    .text               mf_w.l(ddiv.o)
    0x080005d0   0x080005d0   0x00000030   Code   RO         1941    .text               mf_w.l(dfixul.o)
    0x08000600   0x08000600   0x00000030   Code   RO         1943    .text               mf_w.l(cdrcmple.o)
    0x08000630   0x08000630   0x00000024   Code   RO         1945    .text               mc_w.l(init.o)
    0x08000654   0x08000654   0x00000024   Code   RO         1947    .text               mc_w.l(llsshr.o)
    0x08000678   0x08000678   0x000000ba   Code   RO         1949    .text               mf_w.l(depilogue.o)
    0x08000732   0x08000732   0x00000002   PAD
    0x08000734   0x08000734   0x0000005e   Code   RO         1812    .text.BXF_NRF_ReadBuff  nrf24l01p.o
    0x08000792   0x08000792   0x00000002   PAD
    0x08000794   0x08000794   0x0000005c   Code   RO         1810    .text.BXF_NRF_ReadData  nrf24l01p.o
    0x080007f0   0x080007f0   0x00000078   Code   RO         1816    .text.BXF_NRF_TxDate  nrf24l01p.o
    0x08000868   0x08000868   0x000000ec   Code   RO         1814    .text.BXF_NRF_TxMode  nrf24l01p.o
    0x08000954   0x08000954   0x0000005e   Code   RO         1808    .text.BXF_NRF_WriteBuff  nrf24l01p.o
    0x080009b2   0x080009b2   0x00000002   PAD
    0x080009b4   0x080009b4   0x0000005c   Code   RO         1806    .text.BXF_NRF_WriteData  nrf24l01p.o
    0x08000a10   0x08000a10   0x000000d2   Code   RO         1822    .text.BXF_NRF_nRF24L01P_Init  nrf24l01p.o
    0x08000ae2   0x08000ae2   0x00000002   PAD
    0x08000ae4   0x08000ae4   0x0000002e   Code   RO         1788    .text.BXF_USR_DefineInit  bxf_sys_define.o
    0x08000b12   0x08000b12   0x00000002   PAD
    0x08000b14   0x08000b14   0x00000034   Code   RO         1768    .text.BXF_USR_KEY_Proess  bxf_sys.o
    0x08000b48   0x08000b48   0x00000080   Code   RO         1760    .text.BXF_USR_LEDCtrl  bxf_sys.o
    0x08000bc8   0x08000bc8   0x00000026   Code   RO         1762    .text.BXF_USR_LEDInit  bxf_sys.o
    0x08000bee   0x08000bee   0x00000002   PAD
    0x08000bf0   0x08000bf0   0x00000038   Code   RO         1790    .text.BXF_USR_MEMCopy  bxf_sys_define.o
    0x08000c28   0x08000c28   0x0000003a   Code   RO         1792    .text.BXF_USR_MEMFill  bxf_sys_define.o
    0x08000c62   0x08000c62   0x00000002   PAD
    0x08000c64   0x08000c64   0x000001e8   Code   RO         1766    .text.BXF_USR_NRF_INT_Proess  bxf_sys.o
    0x08000e4c   0x08000e4c   0x00000010   Code   RO         1764    .text.BXF_USR_SYSInit  bxf_sys.o
    0x08000e5c   0x08000e5c   0x0000033c   Code   RO         1770    .text.BXF_USR_TIM11_Proess  bxf_sys.o
    0x08001198   0x08001198   0x00000004   Code   RO           94    .text.BusFault_Handler  stm32f4xx_it.o
    0x0800119c   0x0800119c   0x00000094   Code   RO         1521    .text.DeInitStateMachine  usbh_core.o
    0x08001230   0x08001230   0x00000002   Code   RO          100    .text.DebugMon_Handler  stm32f4xx_it.o
    0x08001232   0x08001232   0x00000002   PAD
    0x08001234   0x08001234   0x0000000c   Code   RO          110    .text.EXTI15_10_IRQHandler  stm32f4xx_it.o
    0x08001240   0x08001240   0x0000000a   Code   RO          106    .text.EXTI1_IRQHandler  stm32f4xx_it.o
    0x0800124a   0x0800124a   0x00000002   PAD
    0x0800124c   0x0800124c   0x0000000e   Code   RO           15    .text.Error_Handler  main.o
    0x0800125a   0x0800125a   0x00000002   PAD
    0x0800125c   0x0800125c   0x00000042   Code   RO          772    .text.HAL_Delay     stm32f4xx_hal.o
    0x0800129e   0x0800129e   0x00000002   PAD
    0x080012a0   0x080012a0   0x00000072   Code   RO           28    .text.HAL_GPIO_EXTI_Callback  gpio.o
    0x08001312   0x08001312   0x00000002   PAD
    0x08001314   0x08001314   0x00000038   Code   RO          549    .text.HAL_GPIO_EXTI_IRQHandler  stm32f4xx_hal_gpio.o
    0x0800134c   0x0800134c   0x00000362   Code   RO          537    .text.HAL_GPIO_Init  stm32f4xx_hal_gpio.o
    0x080016ae   0x080016ae   0x00000002   PAD
    0x080016b0   0x080016b0   0x0000002e   Code   RO          541    .text.HAL_GPIO_ReadPin  stm32f4xx_hal_gpio.o
    0x080016de   0x080016de   0x00000002   PAD
    0x080016e0   0x080016e0   0x00000026   Code   RO          545    .text.HAL_GPIO_TogglePin  stm32f4xx_hal_gpio.o
    0x08001706   0x08001706   0x00000002   PAD
    0x08001708   0x08001708   0x0000002e   Code   RO          543    .text.HAL_GPIO_WritePin  stm32f4xx_hal_gpio.o
    0x08001736   0x08001736   0x00000002   PAD
    0x08001738   0x08001738   0x0000000c   Code   RO          764    .text.HAL_GetTick   stm32f4xx_hal.o
    0x08001744   0x08001744   0x00000014   Code   RO          155    .text.HAL_HCD_Connect_Callback  usbh_conf.o
    0x08001758   0x08001758   0x00000014   Code   RO          157    .text.HAL_HCD_Disconnect_Callback  usbh_conf.o
    0x0800176c   0x0800176c   0x00000012   Code   RO          257    .text.HAL_HCD_GetCurrentFrame  stm32f4xx_hal_hcd.o
    0x0800177e   0x0800177e   0x00000002   PAD
    0x08001780   0x08001780   0x00000012   Code   RO          259    .text.HAL_HCD_GetCurrentSpeed  stm32f4xx_hal_hcd.o
    0x08001792   0x08001792   0x00000002   PAD
    0x08001794   0x08001794   0x0000001c   Code   RO          251    .text.HAL_HCD_HC_GetURBState  stm32f4xx_hal_hcd.o
    0x080017b0   0x080017b0   0x0000001a   Code   RO          253    .text.HAL_HCD_HC_GetXferCount  stm32f4xx_hal_hcd.o
    0x080017ca   0x080017ca   0x00000002   PAD
    0x080017cc   0x080017cc   0x0000005c   Code   RO          211    .text.HAL_HCD_HC_Halt  stm32f4xx_hal_hcd.o
    0x08001828   0x08001828   0x00000150   Code   RO          209    .text.HAL_HCD_HC_Init  stm32f4xx_hal_hcd.o
    0x08001978   0x08001978   0x00000010   Code   RO          159    .text.HAL_HCD_HC_NotifyURBChange_Callback  usbh_conf.o
    0x08001988   0x08001988   0x000002ac   Code   RO          217    .text.HAL_HCD_HC_SubmitRequest  stm32f4xx_hal_hcd.o
    0x08001c34   0x08001c34   0x000001d8   Code   RO          219    .text.HAL_HCD_IRQHandler  stm32f4xx_hal_hcd.o
    0x08001e0c   0x08001e0c   0x00000148   Code   RO          205    .text.HAL_HCD_Init  stm32f4xx_hal_hcd.o
    0x08001f54   0x08001f54   0x000000b0   Code   RO          149    .text.HAL_HCD_MspInit  usbh_conf.o
    0x08002004   0x08002004   0x00000014   Code   RO          163    .text.HAL_HCD_PortDisabled_Callback  usbh_conf.o
    0x08002018   0x08002018   0x00000014   Code   RO          161    .text.HAL_HCD_PortEnabled_Callback  usbh_conf.o
    0x0800202c   0x0800202c   0x00000012   Code   RO          247    .text.HAL_HCD_ResetPort  stm32f4xx_hal_hcd.o
    0x0800203e   0x0800203e   0x00000002   PAD
    0x08002040   0x08002040   0x00000014   Code   RO          153    .text.HAL_HCD_SOF_Callback  usbh_conf.o
    0x08002054   0x08002054   0x00000056   Code   RO          243    .text.HAL_HCD_Start  stm32f4xx_hal_hcd.o
    0x080020aa   0x080020aa   0x00000002   PAD
    0x080020ac   0x080020ac   0x0000004c   Code   RO          245    .text.HAL_HCD_Stop  stm32f4xx_hal_hcd.o
    0x080020f8   0x080020f8   0x0000001a   Code   RO          762    .text.HAL_IncTick   stm32f4xx_hal.o
    0x08002112   0x08002112   0x00000002   PAD
    0x08002114   0x08002114   0x00000036   Code   RO          752    .text.HAL_Init      stm32f4xx_hal.o
    0x0800214a   0x0800214a   0x00000002   PAD
    0x0800214c   0x0800214c   0x00000070   Code   RO          754    .text.HAL_InitTick  stm32f4xx_hal.o
    0x080021bc   0x080021bc   0x0000004a   Code   RO          121    .text.HAL_MspInit   stm32f4xx_hal_msp.o
    0x08002206   0x08002206   0x00000002   PAD
    0x08002208   0x08002208   0x00000014   Code   RO          693    .text.HAL_NVIC_EnableIRQ  stm32f4xx_hal_cortex.o
    0x0800221c   0x0800221c   0x00000032   Code   RO          685    .text.HAL_NVIC_SetPriority  stm32f4xx_hal_cortex.o
    0x0800224e   0x0800224e   0x00000002   PAD
    0x08002250   0x08002250   0x00000010   Code   RO          681    .text.HAL_NVIC_SetPriorityGrouping  stm32f4xx_hal_cortex.o
    0x08002260   0x08002260   0x00000262   Code   RO          377    .text.HAL_RCC_ClockConfig  stm32f4xx_hal_rcc.o
    0x080024c2   0x080024c2   0x00000002   PAD
    0x080024c4   0x080024c4   0x0000000c   Code   RO          387    .text.HAL_RCC_GetHCLKFreq  stm32f4xx_hal_rcc.o
    0x080024d0   0x080024d0   0x00000022   Code   RO          389    .text.HAL_RCC_GetPCLK1Freq  stm32f4xx_hal_rcc.o
    0x080024f2   0x080024f2   0x00000002   PAD
    0x080024f4   0x080024f4   0x00000022   Code   RO          391    .text.HAL_RCC_GetPCLK2Freq  stm32f4xx_hal_rcc.o
    0x08002516   0x08002516   0x00000002   PAD
    0x08002518   0x08002518   0x000000e6   Code   RO          379    .text.HAL_RCC_GetSysClockFreq  stm32f4xx_hal_rcc.o
    0x080025fe   0x080025fe   0x00000002   PAD
    0x08002600   0x08002600   0x000006be   Code   RO          375    .text.HAL_RCC_OscConfig  stm32f4xx_hal_rcc.o
    0x08002cbe   0x08002cbe   0x00000002   PAD
    0x08002cc0   0x08002cc0   0x00000100   Code   RO          841    .text.HAL_SPI_Init  stm32f4xx_hal_spi.o
    0x08002dc0   0x08002dc0   0x0000008e   Code   RO           39    .text.HAL_SPI_MspInit  spi.o
    0x08002e4e   0x08002e4e   0x00000002   PAD
    0x08002e50   0x08002e50   0x00000230   Code   RO          853    .text.HAL_SPI_Receive  stm32f4xx_hal_spi.o
    0x08003080   0x08003080   0x00000284   Code   RO          849    .text.HAL_SPI_Transmit  stm32f4xx_hal_spi.o
    0x08003304   0x08003304   0x00000366   Code   RO          855    .text.HAL_SPI_TransmitReceive  stm32f4xx_hal_spi.o
    0x0800366a   0x0800366a   0x00000002   PAD
    0x0800366c   0x0800366c   0x00000010   Code   RO          705    .text.HAL_SYSTICK_Config  stm32f4xx_hal_cortex.o
    0x0800367c   0x0800367c   0x00000008   Code   RO         1281    .text.HAL_TIMEx_BreakCallback  stm32f4xx_hal_tim_ex.o
    0x08003684   0x08003684   0x00000008   Code   RO         1277    .text.HAL_TIMEx_CommutCallback  stm32f4xx_hal_tim_ex.o
    0x0800368c   0x0800368c   0x0000009c   Code   RO          958    .text.HAL_TIM_Base_Init  stm32f4xx_hal_tim.o
    0x08003728   0x08003728   0x00000052   Code   RO           53    .text.HAL_TIM_Base_MspInit  tim.o
    0x0800377a   0x0800377a   0x00000002   PAD
    0x0800377c   0x0800377c   0x000000d2   Code   RO          972    .text.HAL_TIM_Base_Start_IT  stm32f4xx_hal_tim.o
    0x0800384e   0x0800384e   0x00000002   PAD
    0x08003850   0x08003850   0x00000008   Code   RO         1094    .text.HAL_TIM_IC_CaptureCallback  stm32f4xx_hal_tim.o
    0x08003858   0x08003858   0x0000027a   Code   RO         1092    .text.HAL_TIM_IRQHandler  stm32f4xx_hal_tim.o
    0x08003ad2   0x08003ad2   0x00000002   PAD
    0x08003ad4   0x08003ad4   0x00000008   Code   RO         1096    .text.HAL_TIM_OC_DelayElapsedCallback  stm32f4xx_hal_tim.o
    0x08003adc   0x08003adc   0x00000008   Code   RO         1098    .text.HAL_TIM_PWM_PulseFinishedCallback  stm32f4xx_hal_tim.o
    0x08003ae4   0x08003ae4   0x000000a8   Code   RO           57    .text.HAL_TIM_PeriodElapsedCallback  tim.o
    0x08003b8c   0x08003b8c   0x00000008   Code   RO         1102    .text.HAL_TIM_TriggerCallback  stm32f4xx_hal_tim.o
    0x08003b94   0x08003b94   0x0000009a   Code   RO         1294    .text.HAL_UART_Init  stm32f4xx_hal_uart.o
    0x08003c2e   0x08003c2e   0x00000002   PAD
    0x08003c30   0x08003c30   0x0000010a   Code   RO           73    .text.HAL_UART_MspInit  usart.o
    0x08003d3a   0x08003d3a   0x00000002   PAD
    0x08003d3c   0x08003d3c   0x0000014e   Code   RO         1310    .text.HAL_UART_Transmit  stm32f4xx_hal_uart.o
    0x08003e8a   0x08003e8a   0x00000002   PAD
    0x08003e8c   0x08003e8c   0x000005a6   Code   RO          229    .text.HCD_HC_IN_IRQHandler  stm32f4xx_hal_hcd.o
    0x08004432   0x08004432   0x00000002   PAD
    0x08004434   0x08004434   0x000005b4   Code   RO          231    .text.HCD_HC_OUT_IRQHandler  stm32f4xx_hal_hcd.o
    0x080049e8   0x080049e8   0x000000e4   Code   RO          223    .text.HCD_Port_IRQHandler  stm32f4xx_hal_hcd.o
    0x08004acc   0x08004acc   0x00000148   Code   RO          227    .text.HCD_RXQLVL_IRQHandler  stm32f4xx_hal_hcd.o
    0x08004c14   0x08004c14   0x0000014a   Code   RO         1749    .text.HID_ReadItem  usbh_hid_parser.o
    0x08004d5e   0x08004d5e   0x00000002   PAD
    0x08004d60   0x08004d60   0x00000004   Code   RO           90    .text.HardFault_Handler  stm32f4xx_it.o
    0x08004d64   0x08004d64   0x00000166   Code   RO           26    .text.MX_GPIO_Init  gpio.o
    0x08004eca   0x08004eca   0x00000002   PAD
    0x08004ecc   0x08004ecc   0x0000004e   Code   RO           37    .text.MX_SPI1_Init  spi.o
    0x08004f1a   0x08004f1a   0x00000002   PAD
    0x08004f1c   0x08004f1c   0x00000044   Code   RO           51    .text.MX_TIM11_Init  tim.o
    0x08004f60   0x08004f60   0x00000040   Code   RO           69    .text.MX_USART1_UART_Init  usart.o
    0x08004fa0   0x08004fa0   0x00000076   Code   RO          133    .text.MX_USB_HOST_Init  usb_host.o
    0x08005016   0x08005016   0x00000002   PAD
    0x08005018   0x08005018   0x00000010   Code   RO          137    .text.MX_USB_HOST_Process  usb_host.o
    0x08005028   0x08005028   0x00000004   Code   RO           92    .text.MemManage_Handler  stm32f4xx_it.o
    0x0800502c   0x0800502c   0x00000004   Code   RO           88    .text.NMI_Handler   stm32f4xx_it.o
    0x08005030   0x08005030   0x000000f2   Code   RO         1820    .text.NRF24L01P_Check  nrf24l01p.o
    0x08005122   0x08005122   0x00000002   PAD
    0x08005124   0x08005124   0x0000006c   Code   RO          691    .text.NVIC_EncodePriority  stm32f4xx_hal_cortex.o
    0x08005190   0x08005190   0x00000010   Code   RO          112    .text.OTG_FS_IRQHandler  stm32f4xx_it.o
    0x080051a0   0x080051a0   0x00000002   Code   RO          102    .text.PendSV_Handler  stm32f4xx_it.o
    0x080051a2   0x080051a2   0x00000002   PAD
    0x080051a4   0x080051a4   0x000000e4   Code   RO          857    .text.SPI_EndRxTransaction  stm32f4xx_hal_spi.o
    0x08005288   0x08005288   0x000000a4   Code   RO          851    .text.SPI_EndRxTxTransaction  stm32f4xx_hal_spi.o
    0x0800532c   0x0800532c   0x0000012a   Code   RO          949    .text.SPI_WaitFlagStateUntilTimeout  stm32f4xx_hal_spi.o
    0x08005456   0x08005456   0x00000002   PAD
    0x08005458   0x08005458   0x00000002   Code   RO           98    .text.SVC_Handler   stm32f4xx_it.o
    0x0800545a   0x0800545a   0x00000002   PAD
    0x0800545c   0x0800545c   0x00000052   Code   RO          707    .text.SysTick_Config  stm32f4xx_hal_cortex.o
    0x080054ae   0x080054ae   0x00000002   PAD
    0x080054b0   0x080054b0   0x00000008   Code   RO          104    .text.SysTick_Handler  stm32f4xx_it.o
    0x080054b8   0x080054b8   0x000000b8   Code   RO           13    .text.SystemClock_Config  main.o
    0x08005570   0x08005570   0x00000012   Code   RO         1423    .text.SystemInit    system_stm32f4xx.o
    0x08005582   0x08005582   0x00000002   PAD
    0x08005584   0x08005584   0x00000010   Code   RO          108    .text.TIM1_TRG_COM_TIM11_IRQHandler  stm32f4xx_it.o
    0x08005594   0x08005594   0x0000013a   Code   RO          962    .text.TIM_Base_SetConfig  stm32f4xx_hal_tim.o
    0x080056ce   0x080056ce   0x00000002   PAD
    0x080056d0   0x080056d0   0x0000013a   Code   RO         1298    .text.UART_SetConfig  stm32f4xx_hal_uart.o
    0x0800580a   0x0800580a   0x00000002   PAD
    0x0800580c   0x0800580c   0x000000d2   Code   RO         1312    .text.UART_WaitOnFlagUntilTimeout  stm32f4xx_hal_uart.o
    0x080058de   0x080058de   0x00000002   PAD
    0x080058e0   0x080058e0   0x00000046   Code   RO         1640    .text.USBH_AllocPipe  usbh_pipes.o
    0x08005926   0x08005926   0x00000002   PAD
    0x08005928   0x08005928   0x0000001a   Code   RO         1638    .text.USBH_ClosePipe  usbh_pipes.o
    0x08005942   0x08005942   0x00000002   PAD
    0x08005944   0x08005944   0x00000042   Code   RO         1593    .text.USBH_ClrFeature  usbh_ctlreq.o
    0x08005986   0x08005986   0x00000002   PAD
    0x08005988   0x08005988   0x0000003e   Code   RO         1615    .text.USBH_CtlReceiveData  usbh_ioreq.o
    0x080059c6   0x080059c6   0x00000002   PAD
    0x080059c8   0x080059c8   0x00000094   Code   RO         1583    .text.USBH_CtlReq   usbh_ctlreq.o
    0x08005a5c   0x08005a5c   0x0000005c   Code   RO         1613    .text.USBH_CtlSendData  usbh_ioreq.o
    0x08005ab8   0x08005ab8   0x00000038   Code   RO         1611    .text.USBH_CtlSendSetup  usbh_ioreq.o
    0x08005af0   0x08005af0   0x00000010   Code   RO          195    .text.USBH_Delay    usbh_conf.o
    0x08005b00   0x08005b00   0x000000aa   Code   RO         1531    .text.USBH_FindInterface  usbh_core.o
    0x08005baa   0x08005baa   0x00000002   PAD
    0x08005bac   0x08005bac   0x00000030   Code   RO         1644    .text.USBH_FreePipe  usbh_pipes.o
    0x08005bdc   0x08005bdc   0x0000007a   Code   RO         1571    .text.USBH_GetDescriptor  usbh_ctlreq.o
    0x08005c56   0x08005c56   0x00000002   PAD
    0x08005c58   0x08005c58   0x0000005a   Code   RO         1642    .text.USBH_GetFreePipe  usbh_pipes.o
    0x08005cb2   0x08005cb2   0x00000002   PAD
    0x08005cb4   0x08005cb4   0x00000020   Code   RO         1595    .text.USBH_GetNextDesc  usbh_ctlreq.o
    0x08005cd4   0x08005cd4   0x0000004c   Code   RO         1575    .text.USBH_Get_CfgDesc  usbh_ctlreq.o
    0x08005d20   0x08005d20   0x0000004a   Code   RO         1569    .text.USBH_Get_DevDesc  usbh_ctlreq.o
    0x08005d6a   0x08005d6a   0x00000002   PAD
    0x08005d6c   0x08005d6c   0x00000054   Code   RO         1579    .text.USBH_Get_StringDesc  usbh_ctlreq.o
    0x08005dc0   0x08005dc0   0x00000052   Code   RO          169    .text.USBH_Get_USB_Status  usbh_conf.o
    0x08005e12   0x08005e12   0x00000002   PAD
    0x08005e14   0x08005e14   0x00000152   Code   RO         1657    .text.USBH_HID_ClassRequest  usbh_hid.o
    0x08005f66   0x08005f66   0x00000002   PAD
    0x08005f68   0x08005f68   0x0000009c   Code   RO          131    .text.USBH_HID_EventCallback  usb_host.o
    0x08006004   0x08006004   0x0000002a   Code   RO         1679    .text.USBH_HID_FifoInit  usbh_hid.o
    0x0800602e   0x0800602e   0x00000002   PAD
    0x08006030   0x08006030   0x000000a4   Code   RO         1681    .text.USBH_HID_FifoRead  usbh_hid.o
    0x080060d4   0x080060d4   0x000000be   Code   RO         1683    .text.USBH_HID_FifoWrite  usbh_hid.o
    0x08006192   0x08006192   0x00000002   PAD
    0x08006194   0x08006194   0x00000058   Code   RO         1675    .text.USBH_HID_GetDeviceType  usbh_hid.o
    0x080061ec   0x080061ec   0x0000002e   Code   RO         1663    .text.USBH_HID_GetHIDReportDescriptor  usbh_hid.o
    0x0800621a   0x0800621a   0x00000002   PAD
    0x0800621c   0x0800621c   0x00000028   Code   RO         1730    .text.USBH_HID_GetMouseInfo  usbh_hid_mouse.o
    0x08006244   0x08006244   0x00000054   Code   RO         1671    .text.USBH_HID_GetReport  usbh_hid.o
    0x08006298   0x08006298   0x00000082   Code   RO         1655    .text.USBH_HID_InterfaceDeInit  usbh_hid.o
    0x0800631a   0x0800631a   0x00000002   PAD
    0x0800631c   0x0800631c   0x000002e6   Code   RO         1653    .text.USBH_HID_InterfaceInit  usbh_hid.o
    0x08006602   0x08006602   0x00000002   PAD
    0x08006604   0x08006604   0x00000096   Code   RO         1698    .text.USBH_HID_KeybdInit  usbh_hid_keybd.o
    0x0800669a   0x0800669a   0x00000002   PAD
    0x0800669c   0x0800669c   0x000000bc   Code   RO         1732    .text.USBH_HID_MouseDecode  usbh_hid_mouse.o
    0x08006758   0x08006758   0x0000008c   Code   RO         1728    .text.USBH_HID_MouseInit  usbh_hid_mouse.o
    0x080067e4   0x080067e4   0x0000009c   Code   RO         1687    .text.USBH_HID_ParseHIDDesc  usbh_hid.o
    0x08006880   0x08006880   0x0000016e   Code   RO         1659    .text.USBH_HID_Process  usbh_hid.o
    0x080069ee   0x080069ee   0x00000002   PAD
    0x080069f0   0x080069f0   0x0000003c   Code   RO         1661    .text.USBH_HID_SOFProcess  usbh_hid.o
    0x08006a2c   0x08006a2c   0x00000040   Code   RO         1667    .text.USBH_HID_SetIdle  usbh_hid.o
    0x08006a6c   0x08006a6c   0x00000044   Code   RO         1673    .text.USBH_HID_SetProtocol  usbh_hid.o
    0x08006ab0   0x08006ab0   0x00000326   Code   RO         1597    .text.USBH_HandleControl  usbh_ctlreq.o
    0x08006dd6   0x08006dd6   0x00000002   PAD
    0x08006dd8   0x08006dd8   0x0000068a   Code   RO         1545    .text.USBH_HandleEnum  usbh_core.o
    0x08007462   0x08007462   0x00000002   PAD
    0x08007464   0x08007464   0x0000002a   Code   RO         1551    .text.USBH_HandleSof  usbh_core.o
    0x0800748e   0x0800748e   0x00000002   PAD
    0x08007490   0x08007490   0x000000a2   Code   RO         1519    .text.USBH_Init     usbh_core.o
    0x08007532   0x08007532   0x00000002   PAD
    0x08007534   0x08007534   0x00000040   Code   RO         1621    .text.USBH_InterruptReceiveData  usbh_ioreq.o
    0x08007574   0x08007574   0x0000003a   Code   RO          183    .text.USBH_LL_ClosePipe  usbh_conf.o
    0x080075ae   0x080075ae   0x00000002   PAD
    0x080075b0   0x080075b0   0x0000001e   Code   RO         1557    .text.USBH_LL_Connect  usbh_core.o
    0x080075ce   0x080075ce   0x00000002   PAD
    0x080075d0   0x080075d0   0x0000003a   Code   RO         1559    .text.USBH_LL_Disconnect  usbh_core.o
    0x0800760a   0x0800760a   0x00000002   PAD
    0x0800760c   0x0800760c   0x00000030   Code   RO          189    .text.USBH_LL_DriverVBUS  usbh_conf.o
    0x0800763c   0x0800763c   0x0000001c   Code   RO          179    .text.USBH_LL_GetLastXferSize  usbh_conf.o
    0x08007658   0x08007658   0x00000056   Code   RO          175    .text.USBH_LL_GetSpeed  usbh_conf.o
    0x080076ae   0x080076ae   0x00000002   PAD
    0x080076b0   0x080076b0   0x0000001c   Code   RO          187    .text.USBH_LL_GetURBState  usbh_conf.o
    0x080076cc   0x080076cc   0x0000001c   Code   RO         1549    .text.USBH_LL_IncTimer  usbh_core.o
    0x080076e8   0x080076e8   0x0000006e   Code   RO          165    .text.USBH_LL_Init  usbh_conf.o
    0x08007756   0x08007756   0x00000002   PAD
    0x08007758   0x08007758   0x0000007c   Code   RO          181    .text.USBH_LL_OpenPipe  usbh_conf.o
    0x080077d4   0x080077d4   0x00000010   Code   RO         1555    .text.USBH_LL_PortDisabled  usbh_core.o
    0x080077e4   0x080077e4   0x00000010   Code   RO         1553    .text.USBH_LL_PortEnabled  usbh_core.o
    0x080077f4   0x080077f4   0x00000032   Code   RO          177    .text.USBH_LL_ResetPort  usbh_conf.o
    0x08007826   0x08007826   0x00000002   PAD
    0x08007828   0x08007828   0x00000012   Code   RO         1547    .text.USBH_LL_SetTimer  usbh_core.o
    0x0800783a   0x0800783a   0x00000002   PAD
    0x0800783c   0x0800783c   0x0000005a   Code   RO          191    .text.USBH_LL_SetToggle  usbh_conf.o
    0x08007896   0x08007896   0x00000002   PAD
    0x08007898   0x08007898   0x00000032   Code   RO          171    .text.USBH_LL_Start  usbh_conf.o
    0x080078ca   0x080078ca   0x00000002   PAD
    0x080078cc   0x080078cc   0x00000032   Code   RO          173    .text.USBH_LL_Stop  usbh_conf.o
    0x080078fe   0x080078fe   0x00000002   PAD
    0x08007900   0x08007900   0x00000084   Code   RO          185    .text.USBH_LL_SubmitURB  usbh_conf.o
    0x08007984   0x08007984   0x0000005c   Code   RO         1636    .text.USBH_OpenPipe  usbh_pipes.o
    0x080079e0   0x080079e0   0x00000256   Code   RO         1577    .text.USBH_ParseCfgDesc  usbh_ctlreq.o
    0x08007c36   0x08007c36   0x00000002   PAD
    0x08007c38   0x08007c38   0x000000d2   Code   RO         1573    .text.USBH_ParseDevDesc  usbh_ctlreq.o
    0x08007d0a   0x08007d0a   0x00000002   PAD
    0x08007d0c   0x08007d0c   0x00000136   Code   RO         1601    .text.USBH_ParseEPDesc  usbh_ctlreq.o
    0x08007e42   0x08007e42   0x00000002   PAD
    0x08007e44   0x08007e44   0x00000052   Code   RO         1599    .text.USBH_ParseInterfaceDesc  usbh_ctlreq.o
    0x08007e96   0x08007e96   0x00000002   PAD
    0x08007e98   0x08007e98   0x00000084   Code   RO         1581    .text.USBH_ParseStringDesc  usbh_ctlreq.o
    0x08007f1c   0x08007f1c   0x0000065e   Code   RO         1543    .text.USBH_Process  usbh_core.o
    0x0800857a   0x0800857a   0x00000002   PAD
    0x0800857c   0x0800857c   0x000000a8   Code   RO         1525    .text.USBH_RegisterClass  usbh_core.o
    0x08008624   0x08008624   0x00000108   Code   RO         1527    .text.USBH_SelectInterface  usbh_core.o
    0x0800872c   0x0800872c   0x00000040   Code   RO         1585    .text.USBH_SetAddress  usbh_ctlreq.o
    0x0800876c   0x0800876c   0x00000040   Code   RO         1587    .text.USBH_SetCfg   usbh_ctlreq.o
    0x080087ac   0x080087ac   0x00000040   Code   RO         1591    .text.USBH_SetFeature  usbh_ctlreq.o
    0x080087ec   0x080087ec   0x0000001a   Code   RO         1535    .text.USBH_Start    usbh_core.o
    0x08008806   0x08008806   0x00000002   PAD
    0x08008808   0x08008808   0x00000054   Code   RO          135    .text.USBH_UserProcess  usb_host.o
    0x0800885c   0x0800885c   0x00000096   Code   RO         1486    .text.USBH_VS_BtpA1n3sDecode  usbh_vendor_specific_btp_a1n3s.o
    0x080088f2   0x080088f2   0x00000002   PAD
    0x080088f4   0x080088f4   0x00000076   Code   RO         1482    .text.USBH_VS_BtpA1n3sInit  usbh_vendor_specific_btp_a1n3s.o
    0x0800896a   0x0800896a   0x00000002   PAD
    0x0800896c   0x0800896c   0x00000152   Code   RO         1441    .text.USBH_VS_ClassRequest  usbh_vendor_specific.o
    0x08008abe   0x08008abe   0x00000002   PAD
    0x08008ac0   0x08008ac0   0x00000066   Code   RO          129    .text.USBH_VS_EventCallback  usb_host.o
    0x08008b26   0x08008b26   0x00000002   PAD
    0x08008b28   0x08008b28   0x0000002a   Code   RO         1463    .text.USBH_VS_FifoInit  usbh_vendor_specific.o
    0x08008b52   0x08008b52   0x00000002   PAD
    0x08008b54   0x08008b54   0x000000a4   Code   RO         1465    .text.USBH_VS_FifoRead  usbh_vendor_specific.o
    0x08008bf8   0x08008bf8   0x000000be   Code   RO         1467    .text.USBH_VS_FifoWrite  usbh_vendor_specific.o
    0x08008cb6   0x08008cb6   0x00000002   PAD
    0x08008cb8   0x08008cb8   0x00000028   Code   RO         1484    .text.USBH_VS_GetBtpA1n3sInfo  usbh_vendor_specific_btp_a1n3s.o
    0x08008ce0   0x08008ce0   0x00000044   Code   RO         1459    .text.USBH_VS_GetDeviceType  usbh_vendor_specific.o
    0x08008d24   0x08008d24   0x00000054   Code   RO         1455    .text.USBH_VS_GetReport  usbh_vendor_specific.o
    0x08008d78   0x08008d78   0x0000002e   Code   RO         1447    .text.USBH_VS_GetVSReportDescriptor  usbh_vendor_specific.o
    0x08008da6   0x08008da6   0x00000002   PAD
    0x08008da8   0x08008da8   0x00000082   Code   RO         1439    .text.USBH_VS_InterfaceDeInit  usbh_vendor_specific.o
    0x08008e2a   0x08008e2a   0x00000002   PAD
    0x08008e2c   0x08008e2c   0x000002a4   Code   RO         1437    .text.USBH_VS_InterfaceInit  usbh_vendor_specific.o
    0x080090d0   0x080090d0   0x0000009c   Code   RO         1471    .text.USBH_VS_ParseVSDesc  usbh_vendor_specific.o
    0x0800916c   0x0800916c   0x0000016e   Code   RO         1443    .text.USBH_VS_Process  usbh_vendor_specific.o
    0x080092da   0x080092da   0x00000002   PAD
    0x080092dc   0x080092dc   0x0000003c   Code   RO         1445    .text.USBH_VS_SOFProcess  usbh_vendor_specific.o
    0x08009318   0x08009318   0x00000040   Code   RO         1451    .text.USBH_VS_SetIdle  usbh_vendor_specific.o
    0x08009358   0x08009358   0x00000044   Code   RO         1457    .text.USBH_VS_SetProtocol  usbh_vendor_specific.o
    0x0800939c   0x0800939c   0x000000fc   Code   RO          268    .text.USB_CoreInit  stm32f4xx_ll_usb.o
    0x08009498   0x08009498   0x00000082   Code   RO          270    .text.USB_CoreReset  stm32f4xx_ll_usb.o
    0x0800951a   0x0800951a   0x00000002   PAD
    0x0800951c   0x0800951c   0x00000014   Code   RO          276    .text.USB_DisableGlobalInt  stm32f4xx_ll_usb.o
    0x08009530   0x08009530   0x0000005e   Code   RO          354    .text.USB_DoPing    stm32f4xx_ll_usb.o
    0x0800958e   0x0800958e   0x00000002   PAD
    0x08009590   0x08009590   0x00000068   Code   RO          344    .text.USB_DriveVbus  stm32f4xx_ll_usb.o
    0x080095f8   0x080095f8   0x00000014   Code   RO          274    .text.USB_EnableGlobalInt  stm32f4xx_ll_usb.o
    0x0800960c   0x0800960c   0x00000080   Code   RO          288    .text.USB_FlushRxFifo  stm32f4xx_ll_usb.o
    0x0800968c   0x0800968c   0x00000086   Code   RO          286    .text.USB_FlushTxFifo  stm32f4xx_ll_usb.o
    0x08009712   0x08009712   0x00000002   PAD
    0x08009714   0x08009714   0x00000014   Code   RO          348    .text.USB_GetCurrentFrame  stm32f4xx_ll_usb.o
    0x08009728   0x08009728   0x0000001e   Code   RO          346    .text.USB_GetHostSpeed  stm32f4xx_ll_usb.o
    0x08009746   0x08009746   0x00000002   PAD
    0x08009748   0x08009748   0x00000010   Code   RO          280    .text.USB_GetMode   stm32f4xx_ll_usb.o
    0x08009758   0x08009758   0x000001a0   Code   RO          358    .text.USB_HC_Halt   stm32f4xx_ll_usb.o
    0x080098f8   0x080098f8   0x00000222   Code   RO          350    .text.USB_HC_Init   stm32f4xx_ll_usb.o
    0x08009b1a   0x08009b1a   0x00000002   PAD
    0x08009b1c   0x08009b1c   0x00000014   Code   RO          356    .text.USB_HC_ReadInterrupt  stm32f4xx_ll_usb.o
    0x08009b30   0x08009b30   0x00000276   Code   RO          352    .text.USB_HC_StartXfer  stm32f4xx_ll_usb.o
    0x08009da6   0x08009da6   0x00000002   PAD
    0x08009da8   0x08009da8   0x000001ac   Code   RO          338    .text.USB_HostInit  stm32f4xx_ll_usb.o
    0x08009f54   0x08009f54   0x00000064   Code   RO          340    .text.USB_InitFSLSPClkSel  stm32f4xx_ll_usb.o
    0x08009fb8   0x08009fb8   0x0000001a   Code   RO          322    .text.USB_ReadInterrupts  stm32f4xx_ll_usb.o
    0x08009fd2   0x08009fd2   0x00000002   PAD
    0x08009fd4   0x08009fd4   0x000000b4   Code   RO          308    .text.USB_ReadPacket  stm32f4xx_ll_usb.o
    0x0800a088   0x0800a088   0x0000004a   Code   RO          342    .text.USB_ResetPort  stm32f4xx_ll_usb.o
    0x0800a0d2   0x0800a0d2   0x00000002   PAD
    0x0800a0d4   0x0800a0d4   0x000000de   Code   RO          278    .text.USB_SetCurrentMode  stm32f4xx_ll_usb.o
    0x0800a1b2   0x0800a1b2   0x00000002   PAD
    0x0800a1b4   0x0800a1b4   0x00000120   Code   RO          360    .text.USB_StopHost  stm32f4xx_ll_usb.o
    0x0800a2d4   0x0800a2d4   0x00000082   Code   RO          302    .text.USB_WritePacket  stm32f4xx_ll_usb.o
    0x0800a356   0x0800a356   0x00000002   PAD
    0x0800a358   0x0800a358   0x00000004   Code   RO           96    .text.UsageFault_Handler  stm32f4xx_it.o
    0x0800a35c   0x0800a35c   0x00000030   Code   RO          695    .text.__NVIC_EnableIRQ  stm32f4xx_hal_cortex.o
    0x0800a38c   0x0800a38c   0x00000010   Code   RO          687    .text.__NVIC_GetPriorityGrouping  stm32f4xx_hal_cortex.o
    0x0800a39c   0x0800a39c   0x00000042   Code   RO          689    .text.__NVIC_SetPriority  stm32f4xx_hal_cortex.o
    0x0800a3de   0x0800a3de   0x00000002   PAD
    0x0800a3e0   0x0800a3e0   0x0000003c   Code   RO          683    .text.__NVIC_SetPriorityGrouping  stm32f4xx_hal_cortex.o
    0x0800a41c   0x0800a41c   0x00000022   Code   RO           77    .text.fputc         usart.o
    0x0800a43e   0x0800a43e   0x00000002   PAD
    0x0800a440   0x0800a440   0x000000ee   Code   RO           11    .text.main          main.o
    0x0800a52e   0x0800a52e   0x00000002   PAD
    0x0800a530   0x0800a530   0x00000020   Code   RO         1843    i.__0printf         mc_w.l(printfa.o)
    0x0800a550   0x0800a550   0x0000000e   Code   RO         1953    i.__scatterload_copy  mc_w.l(handlers.o)
    0x0800a55e   0x0800a55e   0x00000002   Code   RO         1954    i.__scatterload_null  mc_w.l(handlers.o)
    0x0800a560   0x0800a560   0x0000000e   Code   RO         1955    i.__scatterload_zeroinit  mc_w.l(handlers.o)
    0x0800a56e   0x0800a56e   0x00000002   PAD
    0x0800a570   0x0800a570   0x00000184   Code   RO         1850    i._fp_digits        mc_w.l(printfa.o)
    0x0800a6f4   0x0800a6f4   0x000006dc   Code   RO         1851    i._printf_core      mc_w.l(printfa.o)
    0x0800add0   0x0800add0   0x00000024   Code   RO         1852    i._printf_post_padding  mc_w.l(printfa.o)
    0x0800adf4   0x0800adf4   0x0000002e   Code   RO         1853    i._printf_pre_padding  mc_w.l(printfa.o)
    0x0800ae22   0x0800ae22   0x00000002   PAD
    0x0800ae24   0x0800ae24   0x00000050   Code   RO         1870    i.free              mc_w.l(malloc.o)
    0x0800ae74   0x0800ae74   0x0000006c   Code   RO         1871    i.malloc            mc_w.l(malloc.o)
    0x0800aee0   0x0800aee0   0x00000010   Data   RO         1428    .rodata.AHBPrescTable  system_stm32f4xx.o
    0x0800aef0   0x0800aef0   0x00000008   Data   RO         1429    .rodata.APBPrescTable  system_stm32f4xx.o
    0x0800aef8   0x0800aef8   0x00000020   Data   RO         1739    .rodata.prop_b1     usbh_hid_mouse.o
    0x0800af18   0x0800af18   0x00000020   Data   RO         1740    .rodata.prop_b2     usbh_hid_mouse.o
    0x0800af38   0x0800af38   0x00000020   Data   RO         1741    .rodata.prop_b3     usbh_hid_mouse.o
    0x0800af58   0x0800af58   0x00000020   Data   RO         1737    .rodata.prop_x      usbh_hid_mouse.o
    0x0800af78   0x0800af78   0x00000020   Data   RO         1738    .rodata.prop_y      usbh_hid_mouse.o
    0x0800af98   0x0800af98   0x000000ca   Data   RO           17    .rodata.str1.1      main.o
    0x0800b062   0x0800b062   0x0000004d   Data   RO          140    .rodata.str1.1      usb_host.o
    0x0800b0af   0x0800b0af   0x000000bd   Data   RO         1473    .rodata.str1.1      usbh_vendor_specific.o
    0x0800b16c   0x0800b16c   0x00000424   Data   RO         1561    .rodata.str1.1      usbh_core.o
    0x0800b590   0x0800b590   0x00000025   Data   RO         1603    .rodata.str1.1      usbh_ctlreq.o
    0x0800b5b5   0x0800b5b5   0x000000a6   Data   RO         1689    .rodata.str1.1      usbh_hid.o
    0x0800b65b   0x0800b65b   0x00000085   Data   RO         1774    .rodata.str1.1      bxf_sys.o
    0x0800b6e0   0x0800b6e0   0x000000ae   Data   RO         1826    .rodata.str1.1      nrf24l01p.o
    0x0800b78e   0x0800b78e   0x00000002   PAD
    0x0800b790   0x0800b790   0x00000020   Data   RO         1952    Region$$Table       anon$$obj.o


    Execution Region RW_IRAM1 (Exec base: 0x20000000, Load base: 0x0800b7b0, Size: 0x00000f68, Max: 0x00020000, ABSOLUTE)

    Exec Addr    Load Addr    Size         Type   Attr      Idx    E Section Name        Object

    0x20000000   0x0800b7b0   0x00000004   Data   RW         1912    .data               mc_w.l(stdout.o)
    0x20000004   0x0800b7b4   0x00000004   Data   RW         1932    .data               mc_w.l(mvars.o)
    0x20000008   0x0800b7b8   0x00000004   Data   RW         1933    .data               mc_w.l(mvars.o)
    0x2000000c   0x0800b7bc   0x00000001   Data   RW         1775    .data.BXF_USR_TIM11_Proess.key_1s  bxf_sys.o
    0x2000000d   0x0800b7bd   0x00000001   Data   RW         1776    .data.BXF_USR_TIM11_Proess.led_blink  bxf_sys.o
    0x2000000e   0x0800b7be   0x00000002   PAD
    0x20000010   0x0800b7c0   0x00000020   Data   RW         1690    .data.HID_Class     usbh_hid.o
    0x20000030   0x0800b7e0   0x00000004   Data   RW         1427    .data.SystemCoreClock  system_stm32f4xx.o
    0x20000034   0x0800b7e4   0x00000020   Data   RW         1474    .data.VS_Class      usbh_vendor_specific.o
    0x20000054   0x0800b804   0x00000005   Data   RW         1824    .data.nrf_tx_addr   nrf24l01p.o
    0x20000059   0x0800b809   0x00000001   Data   RW          807    .data.uwTickFreq    stm32f4xx_hal.o
    0x2000005a   0x0800b80a   0x00000002   PAD
    0x2000005c   0x0800b80c   0x00000004   Data   RW          806    .data.uwTickPrio    stm32f4xx_hal.o
    0x20000060        -       0x00000001   Zero   RW          139    .bss.Appli_state    usb_host.o
    0x20000061   0x0800b810   0x00000001   PAD
    0x20000062        -       0x00000002   Zero   RW         1779    .bss.BXF_USR_TIM11_Proess.count  bxf_sys.o
    0x20000064        -       0x00000002   Zero   RW         1778    .bss.BXF_USR_TIM11_Proess.led_blink_count  bxf_sys.o
    0x20000066   0x0800b810   0x00000002   PAD
    0x20000068        -       0x00000004   Zero   RW         1780    .bss.BXF_USR_TIM11_Proess.led_gpio  bxf_sys.o
    0x2000006c        -       0x00000002   Zero   RW         1777    .bss.BXF_USR_TIM11_Proess.led_pin  bxf_sys.o
    0x2000006e        -       0x00000001   Zero   RW           60    .bss.HAL_TIM_PeriodElapsedCallback.tim11_100mscount  tim.o
    0x2000006f        -       0x00000001   Zero   RW           61    .bss.HAL_TIM_PeriodElapsedCallback.tim11_50mscount  tim.o
    0x20000070        -       0x00000080   Zero   RW         1773    .bss.bled           bxf_sys.o
    0x200000f0        -       0x00000008   Zero   RW         1772    .bss.bled0          bxf_sys.o
    0x200000f8        -       0x0000000c   Zero   RW         1490    .bss.btp_a1n3s_info  usbh_vendor_specific_btp_a1n3s.o
    0x20000104        -       0x00000014   Zero   RW         1488    .bss.btp_a1n3s_report_data  usbh_vendor_specific_btp_a1n3s.o
    0x20000118        -       0x00000014   Zero   RW         1489    .bss.btp_a1n3s_rx_report_buf  usbh_vendor_specific_btp_a1n3s.o
    0x2000012c        -       0x0000000c   Zero   RW         1798    .bss.bxf_btp_a1n3s_info  bxf_sys_define.o
    0x20000138        -       0x00000004   Zero   RW         1796    .bss.bxf_user_int_flag  bxf_sys_define.o
    0x2000013c        -       0x00000004   Zero   RW         1795    .bss.bxf_user_key_flag  bxf_sys_define.o
    0x20000140        -       0x00000004   Zero   RW         1794    .bss.bxf_user_led_flag  bxf_sys_define.o
    0x20000144        -       0x00000004   Zero   RW         1797    .bss.bxf_user_nrf_flag  bxf_sys_define.o
    0x20000148        -       0x000003dc   Zero   RW          141    .bss.hUsbHostFS     usb_host.o
    0x20000524        -       0x00000304   Zero   RW          197    .bss.hhcd_USB_OTG_FS  usbh_conf.o
    0x20000828        -       0x00000058   Zero   RW           43    .bss.hspi1          spi.o
    0x20000880        -       0x00000048   Zero   RW           59    .bss.htim11         tim.o
    0x200008c8        -       0x00000044   Zero   RW           79    .bss.huart1         usart.o
    0x2000090c        -       0x0000000f   Zero   RW         1706    .bss.keybd_info     usbh_hid_keybd.o
    0x2000091b   0x0800b810   0x00000001   PAD
    0x2000091c        -       0x00000008   Zero   RW         1707    .bss.keybd_report_data  usbh_hid_keybd.o
    0x20000924        -       0x00000008   Zero   RW         1708    .bss.keybd_rx_report_buf  usbh_hid_keybd.o
    0x2000092c        -       0x00000005   Zero   RW         1734    .bss.mouse_info     usbh_hid_mouse.o
    0x20000931   0x0800b810   0x00000003   PAD
    0x20000934        -       0x00000008   Zero   RW         1735    .bss.mouse_report_data  usbh_hid_mouse.o
    0x2000093c        -       0x00000008   Zero   RW         1736    .bss.mouse_rx_report_buf  usbh_hid_mouse.o
    0x20000944        -       0x00000020   Zero   RW         1828    .bss.nrf_rx_buff    nrf24l01p.o
    0x20000964        -       0x00000004   Zero   RW          808    .bss.uwTick         stm32f4xx_hal.o
    0x20000968        -       0x00000200   Zero   RW            2    HEAP                startup_stm32f411xe.o
    0x20000b68        -       0x00000400   Zero   RW            1    STACK               startup_stm32f411xe.o


==============================================================================

Image component sizes


      Code (inc. data)   RO Data    RW Data    ZI Data      Debug   Object Name

      1550          0        133          2        146       3813   bxf_sys.o
       160          0          0          0         28       2633   bxf_sys_define.o
       472          0          0          0          0       3850   gpio.o
       436          0        202          0          0       3213   main.o
      1180          0        174          5         32       3218   nrf24l01p.o
       220          0          0          0         88       4901   spi.o
        36          8        408          0       1536        836   startup_stm32f411xe.o
       270          0          0          5          4       6677   stm32f4xx_hal.o
       482          0          0          0          0       8919   stm32f4xx_hal_cortex.o
      1052          0          0          0          0       5074   stm32f4xx_hal_gpio.o
      5644         10          0          0          0      12143   stm32f4xx_hal_hcd.o
        74          0          0          0          0       1527   stm32f4xx_hal_msp.o
      2646          0          0          0          0       7615   stm32f4xx_hal_rcc.o
      3020          0          0          0          0      19649   stm32f4xx_hal_spi.o
      1346          0          0          0          0      35569   stm32f4xx_hal_tim.o
        16          0          0          0          0      15231   stm32f4xx_hal_tim_ex.o
      1012          0          0          0          0      20095   stm32f4xx_hal_uart.o
        88          0          0          0          0       1536   stm32f4xx_it.o
      4008          8          0          0          0      19065   stm32f4xx_ll_usb.o
        18          0         24          4          0       2573   system_stm32f4xx.o
       318          0          0          0         74       6459   tim.o
       364          0          0          0         68       5499   usart.o
       476          6         77          0        989       7218   usb_host.o
      1244          4          0          0        772      14758   usbh_conf.o
      4450         44       1060          0          0      12471   usbh_core.o
      2932         22         37          0          0      11201   usbh_ctlreq.o
      2538         14        166         32          0      12270   usbh_hid.o
       150          0          0          0         31       8193   usbh_hid_keybd.o
       368          0        160          0         21       7492   usbh_hid_mouse.o
       330          0          0          0          0       2108   usbh_hid_parser.o
       274          0          0          0          0       6745   usbh_ioreq.o
       326          0          0          0          0       5961   usbh_pipes.o
      2452         14        189         32          0      12054   usbh_vendor_specific.o
       308          0          0          0         52       7540   usbh_vendor_specific_btp_a1n3s.o

    ----------------------------------------------------------------------
     40480        130       2664         84       3848     298106   Object Totals
         0          0         32          0          0          0   (incl. Generated)
       220          0          2          4          7          0   (incl. Padding)

    ----------------------------------------------------------------------

      Code (inc. data)   RO Data    RW Data    ZI Data      Debug   Library Member Name

         0          0          0          0          0          0   entry.o
         0          0          0          0          0          0   entry10a.o
         0          0          0          0          0          0   entry11a.o
         8          4          0          0          0          0   entry2.o
         4          0          0          0          0          0   entry5.o
         0          0          0          0          0          0   entry7b.o
         0          0          0          0          0          0   entry8b.o
         8          4          0          0          0          0   entry9a.o
        30          0          0          0          0          0   handlers.o
        36          8          0          0          0         68   init.o
         0          0          0          0          0          0   iusefp.o
        30          0          0          0          0         68   llshl.o
        36          0          0          0          0         68   llsshr.o
        32          0          0          0          0         68   llushr.o
       188         20          0          0          0        160   malloc.o
        36          0          0          0          0        108   memseta.o
         0          0          0          8          0          0   mvars.o
      2258         90          0          0          0        452   printfa.o
         0          0          0          4          0          0   stdout.o
        44          0          0          0          0         80   uidiv.o
        98          0          0          0          0         92   uldiv.o
        48          0          0          0          0         68   cdrcmple.o
       334          0          0          0          0        148   dadd.o
       222          0          0          0          0        100   ddiv.o
       186          0          0          0          0        176   depilogue.o
        48          0          0          0          0         68   dfixul.o
       228          0          0          0          0         96   dmul.o

    ----------------------------------------------------------------------
      3880        126          0         12          0       1820   Library Totals
         6          0          0          0          0          0   (incl. Padding)

    ----------------------------------------------------------------------

      Code (inc. data)   RO Data    RW Data    ZI Data      Debug   Library Name

      2808        126          0         12          0       1164   mc_w.l
      1066          0          0          0          0        656   mf_w.l

    ----------------------------------------------------------------------
      3880        126          0         12          0       1820   Library Totals

    ----------------------------------------------------------------------

==============================================================================


      Code (inc. data)   RO Data    RW Data    ZI Data      Debug   

     44360        256       2664         96       3848     298554   Grand Totals
     44360        256       2664         96       3848     298554   ELF Image Totals
     44360        256       2664         96          0          0   ROM Totals

==============================================================================

    Total RO  Size (Code + RO Data)                47024 (  45.92kB)
    Total RW  Size (RW Data + ZI Data)              3944 (   3.85kB)
    Total ROM Size (Code + RO Data + RW Data)      47120 (  46.02kB)

==============================================================================

