Component: Arm Compiler for Embedded 6.19 Tool: armlink [5e73cb00]

==============================================================================

Section Cross References

    startup_stm32f411xe.o(RESET) refers to startup_stm32f411xe.o(STACK) for __initial_sp
    startup_stm32f411xe.o(RESET) refers to startup_stm32f411xe.o(.text) for Reset_Handler
    startup_stm32f411xe.o(RESET) refers to stm32f4xx_it.o(.text.NMI_Handler) for NMI_Handler
    startup_stm32f411xe.o(RESET) refers to stm32f4xx_it.o(.text.HardFault_Handler) for HardFault_Handler
    startup_stm32f411xe.o(RESET) refers to stm32f4xx_it.o(.text.MemManage_Handler) for MemManage_Handler
    startup_stm32f411xe.o(RESET) refers to stm32f4xx_it.o(.text.BusFault_Handler) for BusFault_Handler
    startup_stm32f411xe.o(RESET) refers to stm32f4xx_it.o(.text.UsageFault_Handler) for UsageFault_Handler
    startup_stm32f411xe.o(RESET) refers to stm32f4xx_it.o(.text.SVC_Handler) for SVC_Handler
    startup_stm32f411xe.o(RESET) refers to stm32f4xx_it.o(.text.DebugMon_Handler) for DebugMon_Handler
    startup_stm32f411xe.o(RESET) refers to stm32f4xx_it.o(.text.PendSV_Handler) for PendSV_Handler
    startup_stm32f411xe.o(RESET) refers to stm32f4xx_it.o(.text.SysTick_Handler) for SysTick_Handler
    startup_stm32f411xe.o(RESET) refers to stm32f4xx_it.o(.text.EXTI1_IRQHandler) for EXTI1_IRQHandler
    startup_stm32f411xe.o(RESET) refers to stm32f4xx_it.o(.text.TIM1_TRG_COM_TIM11_IRQHandler) for TIM1_TRG_COM_TIM11_IRQHandler
    startup_stm32f411xe.o(RESET) refers to stm32f4xx_it.o(.text.EXTI15_10_IRQHandler) for EXTI15_10_IRQHandler
    startup_stm32f411xe.o(RESET) refers to stm32f4xx_it.o(.text.OTG_FS_IRQHandler) for OTG_FS_IRQHandler
    startup_stm32f411xe.o(.text) refers to system_stm32f4xx.o(.text.SystemInit) for SystemInit
    startup_stm32f411xe.o(.text) refers to entry.o(.ARM.Collect$$$$00000000) for __main
    main.o(.text.main) refers to stm32f4xx_hal.o(.text.HAL_Init) for HAL_Init
    main.o(.text.main) refers to main.o(.text.SystemClock_Config) for SystemClock_Config
    main.o(.text.main) refers to gpio.o(.text.MX_GPIO_Init) for MX_GPIO_Init
    main.o(.text.main) refers to usart.o(.text.MX_USART1_UART_Init) for MX_USART1_UART_Init
    main.o(.text.main) refers to tim.o(.text.MX_TIM11_Init) for MX_TIM11_Init
    main.o(.text.main) refers to spi.o(.text.MX_SPI1_Init) for MX_SPI1_Init
    main.o(.text.main) refers to main.o(.rodata.str1.1) for .L.str
    main.o(.text.main) refers to printfa.o(i.__0printf) for printf
    main.o(.text.main) refers to bxf_sys.o(.text.BXF_USR_SYSInit) for BXF_USR_SYSInit
    main.o(.text.main) refers to bxf_sys_define.o(.bss.bxf_user_led_flag) for bxf_user_led_flag
    main.o(.text.main) refers to nrf24l01p.o(.text.BXF_NRF_ReadData) for BXF_NRF_ReadData
    main.o(.text.main) refers to nrf24l01p.o(.text.BXF_NRF_WriteData) for BXF_NRF_WriteData
    main.o(.text.main) refers to nrf24l01p.o(.bss.nrf_rx_buff) for nrf_rx_buff
    main.o(.text.main) refers to nrf24l01p.o(.text.BXF_NRF_ReadBuff) for BXF_NRF_ReadBuff
    main.o(.text.main) refers to nrf24l01p.o(.text.BXF_NRF_TxDate) for BXF_NRF_TxDate
    main.o(.ARM.exidx.text.main) refers to main.o(.text.main) for [Anonymous Symbol]
    main.o(.text.SystemClock_Config) refers to memseta.o(.text) for __aeabi_memclr4
    main.o(.text.SystemClock_Config) refers to stm32f4xx_hal_rcc.o(.text.HAL_RCC_OscConfig) for HAL_RCC_OscConfig
    main.o(.text.SystemClock_Config) refers to main.o(.text.Error_Handler) for Error_Handler
    main.o(.text.SystemClock_Config) refers to stm32f4xx_hal_rcc.o(.text.HAL_RCC_ClockConfig) for HAL_RCC_ClockConfig
    main.o(.ARM.exidx.text.SystemClock_Config) refers to main.o(.text.SystemClock_Config) for [Anonymous Symbol]
    main.o(.ARM.exidx.text.Error_Handler) refers to main.o(.text.Error_Handler) for [Anonymous Symbol]
    gpio.o(.text.MX_GPIO_Init) refers to stm32f4xx_hal_gpio.o(.text.HAL_GPIO_WritePin) for HAL_GPIO_WritePin
    gpio.o(.text.MX_GPIO_Init) refers to stm32f4xx_hal_gpio.o(.text.HAL_GPIO_Init) for HAL_GPIO_Init
    gpio.o(.text.MX_GPIO_Init) refers to stm32f4xx_hal_cortex.o(.text.HAL_NVIC_SetPriority) for HAL_NVIC_SetPriority
    gpio.o(.text.MX_GPIO_Init) refers to stm32f4xx_hal_cortex.o(.text.HAL_NVIC_EnableIRQ) for HAL_NVIC_EnableIRQ
    gpio.o(.ARM.exidx.text.MX_GPIO_Init) refers to gpio.o(.text.MX_GPIO_Init) for [Anonymous Symbol]
    gpio.o(.text.HAL_GPIO_EXTI_Callback) refers to stm32f4xx_hal_gpio.o(.text.HAL_GPIO_ReadPin) for HAL_GPIO_ReadPin
    gpio.o(.text.HAL_GPIO_EXTI_Callback) refers to bxf_sys_define.o(.bss.bxf_user_key_flag) for bxf_user_key_flag
    gpio.o(.text.HAL_GPIO_EXTI_Callback) refers to gpio.o(.rodata.str1.1) for .L.str
    gpio.o(.text.HAL_GPIO_EXTI_Callback) refers to printfa.o(i.__0printf) for printf
    gpio.o(.text.HAL_GPIO_EXTI_Callback) refers to bxf_sys_define.o(.bss.bxf_user_led_flag) for bxf_user_led_flag
[...]
    Removing usbh_ioreq.o(.ARM.exidx.text.USBH_CtlReceiveData), (8 bytes).
    Removing usbh_ioreq.o(.text.USBH_BulkSendData), (92 bytes).
    Removing usbh_ioreq.o(.ARM.exidx.text.USBH_BulkSendData), (8 bytes).
    Removing usbh_ioreq.o(.text.USBH_BulkReceiveData), (64 bytes).
    Removing usbh_ioreq.o(.ARM.exidx.text.USBH_BulkReceiveData), (8 bytes).
    Removing usbh_ioreq.o(.text.USBH_InterruptReceiveData), (64 bytes).
    Removing usbh_ioreq.o(.ARM.exidx.text.USBH_InterruptReceiveData), (8 bytes).
    Removing usbh_ioreq.o(.text.USBH_InterruptSendData), (64 bytes).
    Removing usbh_ioreq.o(.ARM.exidx.text.USBH_InterruptSendData), (8 bytes).
    Removing usbh_ioreq.o(.text.USBH_IsocReceiveData), (62 bytes).
    Removing usbh_ioreq.o(.ARM.exidx.text.USBH_IsocReceiveData), (8 bytes).
    Removing usbh_ioreq.o(.text.USBH_IsocSendData), (60 bytes).
    Removing usbh_ioreq.o(.ARM.exidx.text.USBH_IsocSendData), (8 bytes).
    Removing usbh_pipes.o(.text), (0 bytes).
    Removing usbh_pipes.o(.text.USBH_OpenPipe), (92 bytes).
    Removing usbh_pipes.o(.ARM.exidx.text.USBH_OpenPipe), (8 bytes).
    Removing usbh_pipes.o(.text.USBH_ClosePipe), (26 bytes).
    Removing usbh_pipes.o(.ARM.exidx.text.USBH_ClosePipe), (8 bytes).
    Removing usbh_pipes.o(.text.USBH_AllocPipe), (70 bytes).
    Removing usbh_pipes.o(.ARM.exidx.text.USBH_AllocPipe), (8 bytes).
    Removing usbh_pipes.o(.text.USBH_GetFreePipe), (90 bytes).
    Removing usbh_pipes.o(.ARM.exidx.text.USBH_GetFreePipe), (8 bytes).
    Removing usbh_pipes.o(.ARM.exidx.text.USBH_FreePipe), (8 bytes).
    Removing usbh_hid.o(.text), (0 bytes).
    Removing usbh_hid.o(.text.USBH_HID_InterfaceInit), (742 bytes).
    Removing usbh_hid.o(.ARM.exidx.text.USBH_HID_InterfaceInit), (8 bytes).
    Removing usbh_hid.o(.text.USBH_HID_InterfaceDeInit), (130 bytes).
    Removing usbh_hid.o(.ARM.exidx.text.USBH_HID_InterfaceDeInit), (8 bytes).
    Removing usbh_hid.o(.text.USBH_HID_ClassRequest), (338 bytes).
    Removing usbh_hid.o(.ARM.exidx.text.USBH_HID_ClassRequest), (8 bytes).
    Removing usbh_hid.o(.text.USBH_HID_Process), (366 bytes).
    Removing usbh_hid.o(.ARM.exidx.text.USBH_HID_Process), (8 bytes).
    Removing usbh_hid.o(.text.USBH_HID_SOFProcess), (60 bytes).
    Removing usbh_hid.o(.ARM.exidx.text.USBH_HID_SOFProcess), (8 bytes).
    Removing usbh_hid.o(.text.USBH_HID_GetHIDReportDescriptor), (46 bytes).
    Removing usbh_hid.o(.ARM.exidx.text.USBH_HID_GetHIDReportDescriptor), (8 bytes).
    Removing usbh_hid.o(.text.USBH_HID_GetHIDDescriptor), (46 bytes).
    Removing usbh_hid.o(.ARM.exidx.text.USBH_HID_GetHIDDescriptor), (8 bytes).
    Removing usbh_hid.o(.text.USBH_HID_SetIdle), (64 bytes).
    Removing usbh_hid.o(.ARM.exidx.text.USBH_HID_SetIdle), (8 bytes).
    Removing usbh_hid.o(.text.USBH_HID_SetReport), (84 bytes).
    Removing usbh_hid.o(.ARM.exidx.text.USBH_HID_SetReport), (8 bytes).
    Removing usbh_hid.o(.text.USBH_HID_GetReport), (84 bytes).
    Removing usbh_hid.o(.ARM.exidx.text.USBH_HID_GetReport), (8 bytes).
    Removing usbh_hid.o(.text.USBH_HID_SetProtocol), (68 bytes).
    Removing usbh_hid.o(.ARM.exidx.text.USBH_HID_SetProtocol), (8 bytes).
    Removing usbh_hid.o(.text.USBH_HID_GetDeviceType), (88 bytes).
    Removing usbh_hid.o(.ARM.exidx.text.USBH_HID_GetDeviceType), (8 bytes).
    Removing usbh_hid.o(.text.USBH_HID_GetPollInterval), (90 bytes).
    Removing usbh_hid.o(.ARM.exidx.text.USBH_HID_GetPollInterval), (8 bytes).
    Removing usbh_hid.o(.text.USBH_HID_FifoInit), (42 bytes).
    Removing usbh_hid.o(.ARM.exidx.text.USBH_HID_FifoInit), (8 bytes).
    Removing usbh_hid.o(.text.USBH_HID_FifoRead), (164 bytes).
    Removing usbh_hid.o(.ARM.exidx.text.USBH_HID_FifoRead), (8 bytes).
    Removing usbh_hid.o(.text.USBH_HID_FifoWrite), (190 bytes).
    Removing usbh_hid.o(.ARM.exidx.text.USBH_HID_FifoWrite), (8 bytes).
    Removing usbh_hid.o(.text.USBH_HID_EventCallback), (8 bytes).
    Removing usbh_hid.o(.ARM.exidx.text.USBH_HID_EventCallback), (8 bytes).
    Removing usbh_hid.o(.text.USBH_HID_ParseHIDDesc), (156 bytes).
    Removing usbh_hid.o(.ARM.exidx.text.USBH_HID_ParseHIDDesc), (8 bytes).
    Removing usbh_hid.o(.rodata.str1.1), (201 bytes).
    Removing usbh_hid.o(.data.HID_Class), (32 bytes).
    Removing usbh_hid_keybd.o(.text), (0 bytes).
    Removing usbh_hid_keybd.o(.text.USBH_HID_KeybdInit), (150 bytes).
    Removing usbh_hid_keybd.o(.ARM.exidx.text.USBH_HID_KeybdInit), (8 bytes).
    Removing usbh_hid_keybd.o(.text.USBH_HID_GetKeybdInfo), (40 bytes).
    Removing usbh_hid_keybd.o(.ARM.exidx.text.USBH_HID_GetKeybdInfo), (8 bytes).
    Removing usbh_hid_keybd.o(.text.USBH_HID_KeybdDecode), (306 bytes).
    Removing usbh_hid_keybd.o(.ARM.exidx.text.USBH_HID_KeybdDecode), (8 bytes).
    Removing usbh_hid_keybd.o(.text.USBH_HID_GetASCIICode), (88 bytes).
    Removing usbh_hid_keybd.o(.ARM.exidx.text.USBH_HID_GetASCIICode), (8 bytes).
    Removing usbh_hid_keybd.o(.bss.keybd_info), (15 bytes).
    Removing usbh_hid_keybd.o(.bss.keybd_report_data), (8 bytes).
    Removing usbh_hid_keybd.o(.bss.keybd_rx_report_buf), (8 bytes).
    Removing usbh_hid_keybd.o(.rodata.HID_KEYBRD_Codes), (232 bytes).
    Removing usbh_hid_keybd.o(.rodata.imp_0_lctrl), (32 bytes).
    Removing usbh_hid_keybd.o(.rodata.imp_0_lshift), (32 bytes).
    Removing usbh_hid_keybd.o(.rodata.imp_0_lalt), (32 bytes).
    Removing usbh_hid_keybd.o(.rodata.imp_0_lgui), (32 bytes).
    Removing usbh_hid_keybd.o(.rodata.imp_0_rctrl), (32 bytes).
    Removing usbh_hid_keybd.o(.rodata.imp_0_rshift), (32 bytes).
    Removing usbh_hid_keybd.o(.rodata.imp_0_ralt), (32 bytes).
    Removing usbh_hid_keybd.o(.rodata.imp_0_rgui), (32 bytes).
    Removing usbh_hid_keybd.o(.rodata.imp_0_key_array), (32 bytes).
    Removing usbh_hid_keybd.o(.rodata.HID_KEYBRD_ShiftKey), (130 bytes).
    Removing usbh_hid_keybd.o(.rodata.HID_KEYBRD_Key), (130 bytes).
    Removing usbh_hid_mouse.o(.text), (0 bytes).
    Removing usbh_hid_mouse.o(.text.USBH_HID_MouseInit), (140 bytes).
    Removing usbh_hid_mouse.o(.ARM.exidx.text.USBH_HID_MouseInit), (8 bytes).
    Removing usbh_hid_mouse.o(.text.USBH_HID_GetMouseInfo), (40 bytes).
    Removing usbh_hid_mouse.o(.ARM.exidx.text.USBH_HID_GetMouseInfo), (8 bytes).
    Removing usbh_hid_mouse.o(.text.USBH_HID_MouseDecode), (188 bytes).
    Removing usbh_hid_mouse.o(.ARM.exidx.text.USBH_HID_MouseDecode), (8 bytes).
    Removing usbh_hid_mouse.o(.bss.mouse_info), (5 bytes).
    Removing usbh_hid_mouse.o(.bss.mouse_report_data), (8 bytes).
    Removing usbh_hid_mouse.o(.bss.mouse_rx_report_buf), (8 bytes).
    Removing usbh_hid_mouse.o(.rodata.prop_x), (32 bytes).
    Removing usbh_hid_mouse.o(.rodata.prop_y), (32 bytes).
    Removing usbh_hid_mouse.o(.rodata.prop_b1), (32 bytes).
    Removing usbh_hid_mouse.o(.rodata.prop_b2), (32 bytes).
    Removing usbh_hid_mouse.o(.rodata.prop_b3), (32 bytes).
    Removing usbh_hid_parser.o(.text), (0 bytes).
    Removing usbh_hid_parser.o(.text.HID_ReadItem), (330 bytes).
    Removing usbh_hid_parser.o(.ARM.exidx.text.HID_ReadItem), (8 bytes).
    Removing usbh_hid_parser.o(.text.HID_WriteItem), (290 bytes).
    Removing usbh_hid_parser.o(.ARM.exidx.text.HID_WriteItem), (8 bytes).
    Removing bxf_sys.o(.text), (0 bytes).
    Removing bxf_sys.o(.ARM.exidx.text.BXF_USR_LEDCtrl), (8 bytes).
    Removing bxf_sys.o(.ARM.exidx.text.BXF_USR_LEDInit), (8 bytes).
    Removing bxf_sys.o(.ARM.exidx.text.BXF_USR_SYSInit), (8 bytes).
    Removing bxf_sys_define.o(.text), (0 bytes).
    Removing bxf_sys_define.o(.ARM.exidx.text.BXF_USR_DefineInit), (8 bytes).
    Removing nrf24l01p.o(.text), (0 bytes).
    Removing nrf24l01p.o(.ARM.exidx.text.BXF_NRF_WriteData), (8 bytes).
    Removing nrf24l01p.o(.ARM.exidx.text.BXF_NRF_WriteBuff), (8 bytes).
    Removing nrf24l01p.o(.ARM.exidx.text.BXF_NRF_ReadData), (8 bytes).
    Removing nrf24l01p.o(.ARM.exidx.text.BXF_NRF_ReadBuff), (8 bytes).
    Removing nrf24l01p.o(.ARM.exidx.text.BXF_NRF_TxMode), (8 bytes).
    Removing nrf24l01p.o(.ARM.exidx.text.BXF_NRF_TxDate), (8 bytes).
    Removing nrf24l01p.o(.text.BXF_NRF_RxMode), (106 bytes).
    Removing nrf24l01p.o(.ARM.exidx.text.BXF_NRF_RxMode), (8 bytes).
    Removing nrf24l01p.o(.ARM.exidx.text.NRF24L01P_Check), (8 bytes).
    Removing nrf24l01p.o(.ARM.exidx.text.BXF_NRF_nRF24L01P_Init), (8 bytes).
    Removing nrf24l01p.o(.data.nrf_rx_addr), (5 bytes).
    Removing nrf24l01p.o(.rodata..L__const.NRF24L01P_Check.TX_buff), (5 bytes).

1409 unused section(s) (total 109018 bytes) removed from the image.

==============================================================================

Image Symbol Table

    Local Symbols

    Symbol Name                              Value     Ov Type        Size  Object(Section)

    ../clib/division.s                       0x00000000   Number         0  aeabi_sdiv.o ABSOLUTE
    ../clib/microlib/division.c              0x00000000   Number         0  uldiv.o ABSOLUTE
    ../clib/microlib/division.c              0x00000000   Number         0  uidiv.o ABSOLUTE
    ../clib/microlib/init/entry.s            0x00000000   Number         0  entry.o ABSOLUTE
    ../clib/microlib/init/entry.s            0x00000000   Number         0  entry2.o ABSOLUTE
    ../clib/microlib/init/entry.s            0x00000000   Number         0  entry5.o ABSOLUTE
    ../clib/microlib/init/entry.s            0x00000000   Number         0  entry7a.o ABSOLUTE
    ../clib/microlib/init/entry.s            0x00000000   Number         0  entry7b.o ABSOLUTE
    ../clib/microlib/init/entry.s            0x00000000   Number         0  entry8a.o ABSOLUTE
    ../clib/microlib/init/entry.s            0x00000000   Number         0  entry8b.o ABSOLUTE
    ../clib/microlib/init/entry.s            0x00000000   Number         0  entry9a.o ABSOLUTE
    ../clib/microlib/init/entry.s            0x00000000   Number         0  entry9b.o ABSOLUTE
    ../clib/microlib/init/entry.s            0x00000000   Number         0  entry10a.o ABSOLUTE
    ../clib/microlib/init/entry.s            0x00000000   Number         0  entry10b.o ABSOLUTE
    ../clib/microlib/init/entry.s            0x00000000   Number         0  entry11a.o ABSOLUTE
    ../clib/microlib/init/entry.s            0x00000000   Number         0  entry11b.o ABSOLUTE
    ../clib/microlib/longlong.c              0x00000000   Number         0  llshl.o ABSOLUTE
    ../clib/microlib/longlong.c              0x00000000   Number         0  llushr.o ABSOLUTE
    ../clib/microlib/longlong.c              0x00000000   Number         0  llsshr.o ABSOLUTE
    ../clib/microlib/malloc/malloc.c         0x00000000   Number         0  malloc.o ABSOLUTE
    ../clib/microlib/malloc/malloc.c         0x00000000   Number         0  mallocr.o ABSOLUTE
    ../clib/microlib/malloc/malloc.c         0x00000000   Number         0  malloca.o ABSOLUTE
    ../clib/microlib/malloc/malloc.c         0x00000000   Number         0  mallocra.o ABSOLUTE
    ../clib/microlib/malloc/mvars.c          0x00000000   Number         0  mvars.o ABSOLUTE
    ../clib/microlib/printf/printf.c         0x00000000   Number         0  printfa.o ABSOLUTE
    ../clib/microlib/stdio/streams.c         0x00000000   Number         0  stdout.o ABSOLUTE
    ../clib/microlib/string/memcpy.c         0x00000000   Number         0  memcpya.o ABSOLUTE
    ../clib/microlib/string/memcpy.c         0x00000000   Number         0  memcpyb.o ABSOLUTE
    ../clib/microlib/string/memset.c         0x00000000   Number         0  memseta.o ABSOLUTE
    ../clib/microlib/stubs.s                 0x00000000   Number         0  iusefp.o ABSOLUTE
    ../fplib/microlib/fpadd.c                0x00000000   Number         0  dadd.o ABSOLUTE
    ../fplib/microlib/fpdiv.c                0x00000000   Number         0  ddiv.o ABSOLUTE
    ../fplib/microlib/fpepilogue.c           0x00000000   Number         0  depilogue.o ABSOLUTE
    ../fplib/microlib/fpfix.c                0x00000000   Number         0  dfixul.o ABSOLUTE
    ../fplib/microlib/fpmul.c                0x00000000   Number         0  dmul.o ABSOLUTE
    bxf_sys.c                                0x00000000   Number         0  bxf_sys.o ABSOLUTE
    bxf_sys_define.c                         0x00000000   Number         0  bxf_sys_define.o ABSOLUTE
    bxf_usb_define.c                         0x00000000   Number         0  bxf_usb_define.o ABSOLUTE
    cdrcmple.s                               0x00000000   Number         0  cdrcmple.o ABSOLUTE
    dc.s                                     0x00000000   Number         0  dc.o ABSOLUTE
    gpio.c                                   0x00000000   Number         0  gpio.o ABSOLUTE
    handlers.s                               0x00000000   Number         0  handlers.o ABSOLUTE
    init.s                                   0x00000000   Number         0  init.o ABSOLUTE
    main.c                                   0x00000000   Number         0  main.o ABSOLUTE
    nrf24l01p.c                              0x00000000   Number         0  nrf24l01p.o ABSOLUTE
    spi.c                                    0x00000000   Number         0  spi.o ABSOLUTE
    startup_stm32f411xe.s                    0x00000000   Number         0  startup_stm32f411xe.o ABSOLUTE
    stm32f4xx_hal.c                          0x00000000   Number         0  stm32f4xx_hal.o ABSOLUTE
    stm32f4xx_hal_cortex.c                   0x00000000   Number         0  stm32f4xx_hal_cortex.o ABSOLUTE
    stm32f4xx_hal_dma.c                      0x00000000   Number         0  stm32f4xx_hal_dma.o ABSOLUTE
    stm32f4xx_hal_dma_ex.c                   0x00000000   Number         0  stm32f4xx_hal_dma_ex.o ABSOLUTE
    stm32f4xx_hal_exti.c                     0x00000000   Number         0  stm32f4xx_hal_exti.o ABSOLUTE
    stm32f4xx_hal_flash.c                    0x00000000   Number         0  stm32f4xx_hal_flash.o ABSOLUTE
    stm32f4xx_hal_flash_ex.c                 0x00000000   Number         0  stm32f4xx_hal_flash_ex.o ABSOLUTE
    stm32f4xx_hal_flash_ramfunc.c            0x00000000   Number         0  stm32f4xx_hal_flash_ramfunc.o ABSOLUTE
    stm32f4xx_hal_gpio.c                     0x00000000   Number         0  stm32f4xx_hal_gpio.o ABSOLUTE
    stm32f4xx_hal_hcd.c                      0x00000000   Number         0  stm32f4xx_hal_hcd.o ABSOLUTE
    stm32f4xx_hal_msp.c                      0x00000000   Number         0  stm32f4xx_hal_msp.o ABSOLUTE
    stm32f4xx_hal_pwr.c                      0x00000000   Number         0  stm32f4xx_hal_pwr.o ABSOLUTE
    stm32f4xx_hal_pwr_ex.c                   0x00000000   Number         0  stm32f4xx_hal_pwr_ex.o ABSOLUTE
    stm32f4xx_hal_rcc.c                      0x00000000   Number         0  stm32f4xx_hal_rcc.o ABSOLUTE
    stm32f4xx_hal_rcc_ex.c                   0x00000000   Number         0  stm32f4xx_hal_rcc_ex.o ABSOLUTE
    stm32f4xx_hal_spi.c                      0x00000000   Number         0  stm32f4xx_hal_spi.o ABSOLUTE
    stm32f4xx_hal_tim.c                      0x00000000   Number         0  stm32f4xx_hal_tim.o ABSOLUTE
    stm32f4xx_hal_tim_ex.c                   0x00000000   Number         0  stm32f4xx_hal_tim_ex.o ABSOLUTE
    stm32f4xx_hal_uart.c                     0x00000000   Number         0  stm32f4xx_hal_uart.o ABSOLUTE
    stm32f4xx_it.c                           0x00000000   Number         0  stm32f4xx_it.o ABSOLUTE
    stm32f4xx_ll_usb.c                       0x00000000   Number         0  stm32f4xx_ll_usb.o ABSOLUTE
    system_stm32f4xx.c                       0x00000000   Number         0  system_stm32f4xx.o ABSOLUTE
    tim.c                                    0x00000000   Number         0  tim.o ABSOLUTE
    usart.c                                  0x00000000   Number         0  usart.o ABSOLUTE
    usb_host.c                               0x00000000   Number         0  usb_host.o ABSOLUTE
    usbh_conf.c                              0x00000000   Number         0  usbh_conf.o ABSOLUTE
    usbh_core.c                              0x00000000   Number         0  usbh_core.o ABSOLUTE
    usbh_ctlreq.c                            0x00000000   Number         0  usbh_ctlreq.o ABSOLUTE
    usbh_hid.c                               0x00000000   Number         0  usbh_hid.o ABSOLUTE
    usbh_hid_keybd.c                         0x00000000   Number         0  usbh_hid_keybd.o ABSOLUTE
    usbh_hid_mouse.c                         0x00000000   Number         0  usbh_hid_mouse.o ABSOLUTE
    usbh_hid_parser.c                        0x00000000   Number         0  usbh_hid_parser.o ABSOLUTE
    usbh_ioreq.c                             0x00000000   Number         0  usbh_ioreq.o ABSOLUTE
    usbh_pipes.c                             0x00000000   Number         0  usbh_pipes.o ABSOLUTE
    usbh_vendor_specific.c                   0x00000000   Number         0  usbh_vendor_specific.o ABSOLUTE
    usbh_vendor_specific_btp_a1n3s.c         0x00000000   Number         0  usbh_vendor_specific_btp_a1n3s.o ABSOLUTE
    usbh_vendor_specific_parser.c            0x00000000   Number         0  usbh_vendor_specific_parser.o ABSOLUTE
    RESET                                    0x08000000   Section      408  startup_stm32f411xe.o(RESET)
    .ARM.Collect$$$$00000000                 0x08000198   Section        0  entry.o(.ARM.Collect$$$$00000000)
    .ARM.Collect$$$$00000001                 0x08000198   Section        4  entry2.o(.ARM.Collect$$$$00000001)
    .ARM.Collect$$$$00000004                 0x0800019c   Section        4  entry5.o(.ARM.Collect$$$$00000004)
    .ARM.Collect$$$$00000008                 0x080001a0   Section        0  entry7b.o(.ARM.Collect$$$$00000008)
    .ARM.Collect$$$$0000000A                 0x080001a0   Section        0  entry8b.o(.ARM.Collect$$$$0000000A)
    .ARM.Collect$$$$0000000B                 0x080001a0   Section        8  entry9a.o(.ARM.Collect$$$$0000000B)
    __lit__00000000                          0x080001a8   Data           4  entry2.o(.ARM.Collect$$$$00002712)
    .ARM.Collect$$$$0000000D                 0x080001a8   Section        0  entry10a.o(.ARM.Collect$$$$0000000D)
    .ARM.Collect$$$$0000000F                 0x080001a8   Section        0  entry11a.o(.ARM.Collect$$$$0000000F)
    .ARM.Collect$$$$00002712                 0x080001a8   Section        4  entry2.o(.ARM.Collect$$$$00002712)
    $v0                                      0x080001ac   Number         0  startup_stm32f411xe.o(.text)
    .text                                    0x080001ac   Section       36  startup_stm32f411xe.o(.text)
    .text                                    0x080001d0   Section        0  uldiv.o(.text)
    .text                                    0x08000232   Section        0  memseta.o(.text)
    .text                                    0x08000256   Section        0  uidiv.o(.text)
    .text                                    0x08000282   Section        0  llshl.o(.text)
    .text                                    0x080002a0   Section        0  llushr.o(.text)
    .text                                    0x080002c0   Section        0  iusefp.o(.text)
    .text                                    0x080002c0   Section        0  dadd.o(.text)
    .text                                    0x0800040e   Section        0  dmul.o(.text)
    .text                                    0x080004f2   Section        0  ddiv.o(.text)
    .text                                    0x080005d0   Section        0  dfixul.o(.text)
    .text                                    0x08000600   Section       48  cdrcmple.o(.text)
    .text                                    0x08000630   Section       36  init.o(.text)
    .text                                    0x08000654   Section        0  llsshr.o(.text)
    .text                                    0x08000678   Section        0  depilogue.o(.text)
    [Anonymous Symbol]                       0x08000734   Section        0  nrf24l01p.o(.text.BXF_NRF_ReadBuff)
    [Anonymous Symbol]                       0x08000794   Section        0  nrf24l01p.o(.text.BXF_NRF_ReadData)
    [Anonymous Symbol]                       0x080007f0   Section        0  nrf24l01p.o(.text.BXF_NRF_TxDate)
    [Anonymous Symbol]                       0x0800084c   Section        0  nrf24l01p.o(.text.BXF_NRF_TxMode)
    [Anonymous Symbol]                       0x08000938   Section        0  nrf24l01p.o(.text.BXF_NRF_WriteBuff)
    [Anonymous Symbol]                       0x08000998   Section        0  nrf24l01p.o(.text.BXF_NRF_WriteData)
    [Anonymous Symbol]                       0x080009f4   Section        0  nrf24l01p.o(.text.BXF_NRF_nRF24L01P_Init)
    [Anonymous Symbol]                       0x08000acc   Section        0  bxf_sys_define.o(.text.BXF_USR_DefineInit)
    [Anonymous Symbol]                       0x08000ae8   Section        0  bxf_sys.o(.text.BXF_USR_LEDCtrl)
    [Anonymous Symbol]                       0x08000b70   Section        0  bxf_sys.o(.text.BXF_USR_LEDInit)
    [Anonymous Symbol]                       0x08000b98   Section        0  bxf_sys.o(.text.BXF_USR_SYSInit)
    [Anonymous Symbol]                       0x08000ba8   Section        0  stm32f4xx_it.o(.text.BusFault_Handler)
    [Anonymous Symbol]                       0x08000bac   Section        0  stm32f4xx_it.o(.text.DebugMon_Handler)
    [Anonymous Symbol]                       0x08000bb0   Section        0  stm32f4xx_it.o(.text.EXTI15_10_IRQHandler)
    [Anonymous Symbol]                       0x08000bbc   Section        0  stm32f4xx_it.o(.text.EXTI1_IRQHandler)
    [Anonymous Symbol]                       0x08000bc8   Section        0  main.o(.text.Error_Handler)
    [Anonymous Symbol]                       0x08000bd8   Section        0  stm32f4xx_hal.o(.text.HAL_Delay)
    [Anonymous Symbol]                       0x08000c1c   Section        0  gpio.o(.text.HAL_GPIO_EXTI_Callback)
    [Anonymous Symbol]                       0x08000cac   Section        0  stm32f4xx_hal_gpio.o(.text.HAL_GPIO_EXTI_IRQHandler)
    [Anonymous Symbol]                       0x08000ce4   Section        0  stm32f4xx_hal_gpio.o(.text.HAL_GPIO_Init)
    [Anonymous Symbol]                       0x08001048   Section        0  stm32f4xx_hal_gpio.o(.text.HAL_GPIO_ReadPin)
    [Anonymous Symbol]                       0x08001078   Section        0  stm32f4xx_hal_gpio.o(.text.HAL_GPIO_WritePin)
    [Anonymous Symbol]                       0x080010a8   Section        0  stm32f4xx_hal.o(.text.HAL_GetTick)
    [Anonymous Symbol]                       0x080010b4   Section        0  usbh_conf.o(.text.HAL_HCD_Connect_Callback)
    [Anonymous Symbol]                       0x080010c8   Section        0  usbh_conf.o(.text.HAL_HCD_Disconnect_Callback)
    [Anonymous Symbol]                       0x080010dc   Section        0  usbh_conf.o(.text.HAL_HCD_HC_NotifyURBChange_Callback)
    [Anonymous Symbol]                       0x080010ec   Section        0  stm32f4xx_hal_hcd.o(.text.HAL_HCD_IRQHandler)
    [Anonymous Symbol]                       0x080012c4   Section        0  usbh_conf.o(.text.HAL_HCD_PortDisabled_Callback)
    [Anonymous Symbol]                       0x080012d8   Section        0  usbh_conf.o(.text.HAL_HCD_PortEnabled_Callback)
    [Anonymous Symbol]                       0x080012ec   Section        0  usbh_conf.o(.text.HAL_HCD_SOF_Callback)
    [Anonymous Symbol]                       0x08001300   Section        0  stm32f4xx_hal_hcd.o(.text.HAL_HCD_Stop)
    [Anonymous Symbol]                       0x0800134c   Section        0  stm32f4xx_hal.o(.text.HAL_IncTick)
    [Anonymous Symbol]                       0x08001368   Section        0  stm32f4xx_hal.o(.text.HAL_Init)
    [Anonymous Symbol]                       0x080013a0   Section        0  stm32f4xx_hal.o(.text.HAL_InitTick)
    [Anonymous Symbol]                       0x08001410   Section        0  stm32f4xx_hal_msp.o(.text.HAL_MspInit)
    [Anonymous Symbol]                       0x0800145c   Section        0  stm32f4xx_hal_cortex.o(.text.HAL_NVIC_EnableIRQ)
    [Anonymous Symbol]                       0x08001470   Section        0  stm32f4xx_hal_cortex.o(.text.HAL_NVIC_SetPriority)
    [Anonymous Symbol]                       0x080014a4   Section        0  stm32f4xx_hal_cortex.o(.text.HAL_NVIC_SetPriorityGrouping)
    [Anonymous Symbol]                       0x080014b4   Section        0  stm32f4xx_hal_rcc.o(.text.HAL_RCC_ClockConfig)
    [Anonymous Symbol]                       0x08001718   Section        0  stm32f4xx_hal_rcc.o(.text.HAL_RCC_GetHCLKFreq)
    [Anonymous Symbol]                       0x08001724   Section        0  stm32f4xx_hal_rcc.o(.text.HAL_RCC_GetPCLK1Freq)
    [Anonymous Symbol]                       0x08001748   Section        0  stm32f4xx_hal_rcc.o(.text.HAL_RCC_GetPCLK2Freq)
    [Anonymous Symbol]                       0x0800176c   Section        0  stm32f4xx_hal_rcc.o(.text.HAL_RCC_GetSysClockFreq)
    [Anonymous Symbol]                       0x08001854   Section        0  stm32f4xx_hal_rcc.o(.text.HAL_RCC_OscConfig)
    [Anonymous Symbol]                       0x08001f14   Section        0  stm32f4xx_hal_spi.o(.text.HAL_SPI_Init)
    [Anonymous Symbol]                       0x08002014   Section        0  spi.o(.text.HAL_SPI_MspInit)
    [Anonymous Symbol]                       0x080020a4   Section        0  stm32f4xx_hal_spi.o(.text.HAL_SPI_Receive)
    [Anonymous Symbol]                       0x080022d4   Section        0  stm32f4xx_hal_spi.o(.text.HAL_SPI_Transmit)
    [Anonymous Symbol]                       0x08002558   Section        0  stm32f4xx_hal_spi.o(.text.HAL_SPI_TransmitReceive)
    [Anonymous Symbol]                       0x080028c0   Section        0  stm32f4xx_hal_cortex.o(.text.HAL_SYSTICK_Config)
    [Anonymous Symbol]                       0x080028d0   Section        0  stm32f4xx_hal_tim_ex.o(.text.HAL_TIMEx_BreakCallback)
    [Anonymous Symbol]                       0x080028d8   Section        0  stm32f4xx_hal_tim_ex.o(.text.HAL_TIMEx_CommutCallback)
    [Anonymous Symbol]                       0x080028e0   Section        0  stm32f4xx_hal_tim.o(.text.HAL_TIM_Base_Init)
    [Anonymous Symbol]                       0x0800297c   Section        0  tim.o(.text.HAL_TIM_Base_MspInit)
    [Anonymous Symbol]                       0x080029d0   Section        0  stm32f4xx_hal_tim.o(.text.HAL_TIM_Base_Start_IT)
    [Anonymous Symbol]                       0x08002aa4   Section        0  stm32f4xx_hal_tim.o(.text.HAL_TIM_IC_CaptureCallback)
    [Anonymous Symbol]                       0x08002aac   Section        0  stm32f4xx_hal_tim.o(.text.HAL_TIM_IRQHandler)
    [Anonymous Symbol]                       0x08002d28   Section        0  stm32f4xx_hal_tim.o(.text.HAL_TIM_OC_DelayElapsedCallback)
    [Anonymous Symbol]                       0x08002d30   Section        0  stm32f4xx_hal_tim.o(.text.HAL_TIM_PWM_PulseFinishedCallback)
    [Anonymous Symbol]                       0x08002d38   Section        0  tim.o(.text.HAL_TIM_PeriodElapsedCallback)
    [Anonymous Symbol]                       0x08002db4   Section        0  stm32f4xx_hal_tim.o(.text.HAL_TIM_TriggerCallback)
    [Anonymous Symbol]                       0x08002dbc   Section        0  stm32f4xx_hal_uart.o(.text.HAL_UART_Init)
    [Anonymous Symbol]                       0x08002e58   Section        0  usart.o(.text.HAL_UART_MspInit)
    [Anonymous Symbol]                       0x08002f64   Section        0  stm32f4xx_hal_uart.o(.text.HAL_UART_Transmit)
    HCD_HC_IN_IRQHandler                     0x080030b5   Thumb Code  1446  stm32f4xx_hal_hcd.o(.text.HCD_HC_IN_IRQHandler)
    [Anonymous Symbol]                       0x080030b4   Section        0  stm32f4xx_hal_hcd.o(.text.HCD_HC_IN_IRQHandler)
    HCD_HC_OUT_IRQHandler                    0x0800365d   Thumb Code  1460  stm32f4xx_hal_hcd.o(.text.HCD_HC_OUT_IRQHandler)
    [Anonymous Symbol]                       0x0800365c   Section        0  stm32f4xx_hal_hcd.o(.text.HCD_HC_OUT_IRQHandler)
    HCD_Port_IRQHandler                      0x08003c11   Thumb Code   228  stm32f4xx_hal_hcd.o(.text.HCD_Port_IRQHandler)
    [Anonymous Symbol]                       0x08003c10   Section        0  stm32f4xx_hal_hcd.o(.text.HCD_Port_IRQHandler)
    HCD_RXQLVL_IRQHandler                    0x08003cf5   Thumb Code   328  stm32f4xx_hal_hcd.o(.text.HCD_RXQLVL_IRQHandler)
    [Anonymous Symbol]                       0x08003cf4   Section        0  stm32f4xx_hal_hcd.o(.text.HCD_RXQLVL_IRQHandler)
    [Anonymous Symbol]                       0x08003e3c   Section        0  stm32f4xx_it.o(.text.HardFault_Handler)
    [Anonymous Symbol]                       0x08003e40   Section        0  gpio.o(.text.MX_GPIO_Init)
    [Anonymous Symbol]                       0x08003fa0   Section        0  spi.o(.text.MX_SPI1_Init)
    [Anonymous Symbol]                       0x08003ff0   Section        0  tim.o(.text.MX_TIM11_Init)
    [Anonymous Symbol]                       0x08004034   Section        0  usart.o(.text.MX_USART1_UART_Init)
    [Anonymous Symbol]                       0x08004074   Section        0  stm32f4xx_it.o(.text.MemManage_Handler)
    [Anonymous Symbol]                       0x08004078   Section        0  stm32f4xx_it.o(.text.NMI_Handler)
    [Anonymous Symbol]                       0x0800407c   Section        0  nrf24l01p.o(.text.NRF24L01P_Check)
    NVIC_EncodePriority                      0x08004171   Thumb Code   108  stm32f4xx_hal_cortex.o(.text.NVIC_EncodePriority)
    [Anonymous Symbol]                       0x08004170   Section        0  stm32f4xx_hal_cortex.o(.text.NVIC_EncodePriority)
    [Anonymous Symbol]                       0x080041dc   Section        0  stm32f4xx_it.o(.text.OTG_FS_IRQHandler)
    [Anonymous Symbol]                       0x080041ec   Section        0  stm32f4xx_it.o(.text.PendSV_Handler)
    SPI_EndRxTransaction                     0x080041f1   Thumb Code   228  stm32f4xx_hal_spi.o(.text.SPI_EndRxTransaction)
    [Anonymous Symbol]                       0x080041f0   Section        0  stm32f4xx_hal_spi.o(.text.SPI_EndRxTransaction)
    SPI_EndRxTxTransaction                   0x080042d5   Thumb Code   164  stm32f4xx_hal_spi.o(.text.SPI_EndRxTxTransaction)
    [Anonymous Symbol]                       0x080042d4   Section        0  stm32f4xx_hal_spi.o(.text.SPI_EndRxTxTransaction)
    SPI_WaitFlagStateUntilTimeout            0x08004379   Thumb Code   298  stm32f4xx_hal_spi.o(.text.SPI_WaitFlagStateUntilTimeout)
    [Anonymous Symbol]                       0x08004378   Section        0  stm32f4xx_hal_spi.o(.text.SPI_WaitFlagStateUntilTimeout)
    [Anonymous Symbol]                       0x080044a4   Section        0  stm32f4xx_it.o(.text.SVC_Handler)
    SysTick_Config                           0x080044a9   Thumb Code    82  stm32f4xx_hal_cortex.o(.text.SysTick_Config)
    [Anonymous Symbol]                       0x080044a8   Section        0  stm32f4xx_hal_cortex.o(.text.SysTick_Config)
    [Anonymous Symbol]                       0x080044fc   Section        0  stm32f4xx_it.o(.text.SysTick_Handler)
    [Anonymous Symbol]                       0x08004504   Section        0  main.o(.text.SystemClock_Config)
    [Anonymous Symbol]                       0x080045bc   Section        0  system_stm32f4xx.o(.text.SystemInit)
    [Anonymous Symbol]                       0x080045d0   Section        0  stm32f4xx_it.o(.text.TIM1_TRG_COM_TIM11_IRQHandler)
    [Anonymous Symbol]                       0x080045e0   Section        0  stm32f4xx_hal_tim.o(.text.TIM_Base_SetConfig)
    UART_SetConfig                           0x0800471d   Thumb Code   314  stm32f4xx_hal_uart.o(.text.UART_SetConfig)
    [Anonymous Symbol]                       0x0800471c   Section        0  stm32f4xx_hal_uart.o(.text.UART_SetConfig)
    UART_WaitOnFlagUntilTimeout              0x08004859   Thumb Code   210  stm32f4xx_hal_uart.o(.text.UART_WaitOnFlagUntilTimeout)
    [Anonymous Symbol]                       0x08004858   Section        0  stm32f4xx_hal_uart.o(.text.UART_WaitOnFlagUntilTimeout)
    [Anonymous Symbol]                       0x0800492c   Section        0  usbh_pipes.o(.text.USBH_FreePipe)
    [Anonymous Symbol]                       0x0800495c   Section        0  usbh_conf.o(.text.USBH_Get_USB_Status)
    USBH_HandleSof                           0x080049b1   Thumb Code    42  usbh_core.o(.text.USBH_HandleSof)
    [Anonymous Symbol]                       0x080049b0   Section        0  usbh_core.o(.text.USBH_HandleSof)
    [Anonymous Symbol]                       0x080049dc   Section        0  usbh_core.o(.text.USBH_LL_Connect)
    [Anonymous Symbol]                       0x080049fc   Section        0  usbh_core.o(.text.USBH_LL_Disconnect)
    [Anonymous Symbol]                       0x08004a38   Section        0  usbh_core.o(.text.USBH_LL_IncTimer)
    [Anonymous Symbol]                       0x08004a54   Section        0  usbh_core.o(.text.USBH_LL_PortDisabled)
    [Anonymous Symbol]                       0x08004a64   Section        0  usbh_core.o(.text.USBH_LL_PortEnabled)
    [Anonymous Symbol]                       0x08004a74   Section        0  usbh_conf.o(.text.USBH_LL_Stop)
    [Anonymous Symbol]                       0x08004aa8   Section        0  stm32f4xx_ll_usb.o(.text.USB_DisableGlobalInt)
    [Anonymous Symbol]                       0x08004abc   Section        0  stm32f4xx_ll_usb.o(.text.USB_EnableGlobalInt)
    [Anonymous Symbol]                       0x08004ad0   Section        0  stm32f4xx_ll_usb.o(.text.USB_FlushRxFifo)
    [Anonymous Symbol]                       0x08004b50   Section        0  stm32f4xx_ll_usb.o(.text.USB_FlushTxFifo)
    [Anonymous Symbol]                       0x08004bd8   Section        0  stm32f4xx_ll_usb.o(.text.USB_GetMode)
    [Anonymous Symbol]                       0x08004be8   Section        0  stm32f4xx_ll_usb.o(.text.USB_HC_Halt)
    [Anonymous Symbol]                       0x08004d88   Section        0  stm32f4xx_ll_usb.o(.text.USB_HC_ReadInterrupt)
    [Anonymous Symbol]                       0x08004d9c   Section        0  stm32f4xx_ll_usb.o(.text.USB_InitFSLSPClkSel)
    [Anonymous Symbol]                       0x08004e00   Section        0  stm32f4xx_ll_usb.o(.text.USB_ReadInterrupts)
    [Anonymous Symbol]                       0x08004e1c   Section        0  stm32f4xx_ll_usb.o(.text.USB_ReadPacket)
    [Anonymous Symbol]                       0x08004ed0   Section        0  stm32f4xx_ll_usb.o(.text.USB_StopHost)
    [Anonymous Symbol]                       0x08004ff0   Section        0  stm32f4xx_it.o(.text.UsageFault_Handler)
    __NVIC_EnableIRQ                         0x08004ff5   Thumb Code    48  stm32f4xx_hal_cortex.o(.text.__NVIC_EnableIRQ)
    [Anonymous Symbol]                       0x08004ff4   Section        0  stm32f4xx_hal_cortex.o(.text.__NVIC_EnableIRQ)
    __NVIC_GetPriorityGrouping               0x08005025   Thumb Code    16  stm32f4xx_hal_cortex.o(.text.__NVIC_GetPriorityGrouping)
    [Anonymous Symbol]                       0x08005024   Section        0  stm32f4xx_hal_cortex.o(.text.__NVIC_GetPriorityGrouping)
    __NVIC_SetPriority                       0x08005035   Thumb Code    66  stm32f4xx_hal_cortex.o(.text.__NVIC_SetPriority)
    [Anonymous Symbol]                       0x08005034   Section        0  stm32f4xx_hal_cortex.o(.text.__NVIC_SetPriority)
    __NVIC_SetPriorityGrouping               0x08005079   Thumb Code    60  stm32f4xx_hal_cortex.o(.text.__NVIC_SetPriorityGrouping)
    [Anonymous Symbol]                       0x08005078   Section        0  stm32f4xx_hal_cortex.o(.text.__NVIC_SetPriorityGrouping)
    [Anonymous Symbol]                       0x080050b4   Section        0  usart.o(.text.fputc)
    [Anonymous Symbol]                       0x080050d8   Section        0  main.o(.text.main)
    i.__0printf                              0x080054d8   Section        0  printfa.o(i.__0printf)
    i.__scatterload_copy                     0x080054f8   Section       14  handlers.o(i.__scatterload_copy)
    i.__scatterload_null                     0x08005506   Section        2  handlers.o(i.__scatterload_null)
    i.__scatterload_zeroinit                 0x08005508   Section       14  handlers.o(i.__scatterload_zeroinit)
    _fp_digits                               0x08005519   Thumb Code   366  printfa.o(i._fp_digits)
    i._fp_digits                             0x08005518   Section        0  printfa.o(i._fp_digits)
    _printf_core                             0x0800569d   Thumb Code  1744  printfa.o(i._printf_core)
    i._printf_core                           0x0800569c   Section        0  printfa.o(i._printf_core)
    _printf_post_padding                     0x08005d79   Thumb Code    36  printfa.o(i._printf_post_padding)
    i._printf_post_padding                   0x08005d78   Section        0  printfa.o(i._printf_post_padding)
    _printf_pre_padding                      0x08005d9d   Thumb Code    46  printfa.o(i._printf_pre_padding)
    i._printf_pre_padding                    0x08005d9c   Section        0  printfa.o(i._printf_pre_padding)
    .L.str.4                                 0x08005de2   Data          24  main.o(.rodata.str1.1)
    [Anonymous Symbol]                       0x08005de2   Section        0  main.o(.rodata.str1.1)
    .L.str                                   0x08005dfa   Data          12  main.o(.rodata.str1.1)
    .L.str.2                                 0x08005e06   Data          15  main.o(.rodata.str1.1)
    .L.str.17                                0x08005e15   Data          21  main.o(.rodata.str1.1)
    .L.str.3                                 0x08005e27   Data           3  main.o(.rodata.str1.1)
    .L.str.3                                 0x08005e27   Data           3  main.o(.rodata.str1.1)
    .L.str.9                                 0x08005e27   Data           3  main.o(.rodata.str1.1)
    .L.str.21                                0x08005e2a   Data          22  main.o(.rodata.str1.1)
    .L.str.5                                 0x08005e2a   Data          22  main.o(.rodata.str1.1)
    .L.str                                   0x08005e40   Data          23  main.o(.rodata.str1.1)
    .L.str                                   0x08005e40   Data          23  main.o(.rodata.str1.1)
    .L.str.10                                0x08005e40   Data          23  main.o(.rodata.str1.1)
    .L.str.12                                0x08005e57   Data          36  main.o(.rodata.str1.1)
    .L.str.18                                0x08005e7b   Data          11  main.o(.rodata.str1.1)
    .L.str.5                                 0x08005e86   Data           4  main.o(.rodata.str1.1)
    .L.str.8                                 0x08005e8a   Data           9  main.o(.rodata.str1.1)
    .L.str.7                                 0x08005e93   Data          12  main.o(.rodata.str1.1)
    .L.str.1                                 0x08005e9f   Data          14  main.o(.rodata.str1.1)
    .L.str.16                                0x08005ead   Data          14  main.o(.rodata.str1.1)
    .L.str.15                                0x08005ebb   Data          14  main.o(.rodata.str1.1)
    .L.str.14                                0x08005ec9   Data          15  main.o(.rodata.str1.1)
    .L.str.3                                 0x08005ed8   Data          13  main.o(.rodata.str1.1)
    .L.str.11                                0x08005ee5   Data          19  main.o(.rodata.str1.1)
    .L.str.19                                0x08005ef8   Data           3  main.o(.rodata.str1.1)
    .L.str.22                                0x08005efb   Data           5  main.o(.rodata.str1.1)
    .L.str.13                                0x08005f00   Data          12  main.o(.rodata.str1.1)
    .L.str.6                                 0x08005f0c   Data          21  main.o(.rodata.str1.1)
    .L.str.20                                0x08005f21   Data           5  main.o(.rodata.str1.1)
    .L.str.2                                 0x08005f26   Data          15  gpio.o(.rodata.str1.1)
    [Anonymous Symbol]                       0x08005f26   Section        0  gpio.o(.rodata.str1.1)
    .L.str.1                                 0x08005f35   Data          19  gpio.o(.rodata.str1.1)
    .L.str.4                                 0x08005f48   Data          20  nrf24l01p.o(.rodata.str1.1)
    [Anonymous Symbol]                       0x08005f48   Section        0  nrf24l01p.o(.rodata.str1.1)
    .L.str.6                                 0x08005f5c   Data          37  nrf24l01p.o(.rodata.str1.1)
    .L.str.7                                 0x08005f81   Data          40  nrf24l01p.o(.rodata.str1.1)
    .L.str.2                                 0x08005fa9   Data          21  nrf24l01p.o(.rodata.str1.1)
    .L.str.1                                 0x08005fbe   Data          34  nrf24l01p.o(.rodata.str1.1)
    .data                                    0x20000000   Section        4  stdout.o(.data)
    HAL_TIM_PeriodElapsedCallback.send_count 0x20000018   Data           1  tim.o(.bss.HAL_TIM_PeriodElapsedCallback.send_count)
    [Anonymous Symbol]                       0x20000018   Section        0  tim.o(.bss.HAL_TIM_PeriodElapsedCallback.send_count)
    STACK                                    0x200004b8   Section     1024  startup_stm32f411xe.o(STACK)

    Global Symbols

    Symbol Name                              Value     Ov Type        Size  Object(Section)

    BuildAttributes$$THM_ISAv4$E$P$D$K$B$S$7EM$VFPi3$EXTD16$VFPS$VFMA$PE$A:L22UL41UL21$X:L11$S22US41US21$IEEE1$IW$~IW$USESV6$~STKCKD$USESV7$~SHL$OSPACE$ROPI$EBA8$MICROLIB$REQ8$PRES8$EABIv2 0x00000000   Number         0  anon$$obj.o ABSOLUTE
    __cpp_initialize__aeabi_                  - Undefined Weak Reference
    __cxa_finalize                            - Undefined Weak Reference
    __decompress                              - Undefined Weak Reference
    _clock_init                               - Undefined Weak Reference
    _microlib_exit                            - Undefined Weak Reference
    __Vectors_Size                           0x00000198   Number         0  startup_stm32f411xe.o ABSOLUTE
    __Vectors                                0x08000000   Data           4  startup_stm32f411xe.o(RESET)
    __Vectors_End                            0x08000198   Data           0  startup_stm32f411xe.o(RESET)
    __main                                   0x08000199   Thumb Code     0  entry.o(.ARM.Collect$$$$00000000)
    _main_stk                                0x08000199   Thumb Code     0  entry2.o(.ARM.Collect$$$$00000001)
    _main_scatterload                        0x0800019d   Thumb Code     0  entry5.o(.ARM.Collect$$$$00000004)
    __main_after_scatterload                 0x080001a1   Thumb Code     0  entry5.o(.ARM.Collect$$$$00000004)
    _main_clock                              0x080001a1   Thumb Code     0  entry7b.o(.ARM.Collect$$$$00000008)
    _main_cpp_init                           0x080001a1   Thumb Code     0  entry8b.o(.ARM.Collect$$$$0000000A)
    _main_init                               0x080001a1   Thumb Code     0  entry9a.o(.ARM.Collect$$$$0000000B)
    __rt_final_cpp                           0x080001a9   Thumb Code     0  entry10a.o(.ARM.Collect$$$$0000000D)
    __rt_final_exit                          0x080001a9   Thumb Code     0  entry11a.o(.ARM.Collect$$$$0000000F)
    Reset_Handler                            0x080001ad   Thumb Code     8  startup_stm32f411xe.o(.text)
    ADC_IRQHandler                           0x080001c7   Thumb Code     0  startup_stm32f411xe.o(.text)
    DMA1_Stream0_IRQHandler                  0x080001c7   Thumb Code     0  startup_stm32f411xe.o(.text)
    DMA1_Stream1_IRQHandler                  0x080001c7   Thumb Code     0  startup_stm32f411xe.o(.text)
    DMA1_Stream2_IRQHandler                  0x080001c7   Thumb Code     0  startup_stm32f411xe.o(.text)
    DMA1_Stream3_IRQHandler                  0x080001c7   Thumb Code     0  startup_stm32f411xe.o(.text)
    DMA1_Stream4_IRQHandler                  0x080001c7   Thumb Code     0  startup_stm32f411xe.o(.text)
    DMA1_Stream5_IRQHandler                  0x080001c7   Thumb Code     0  startup_stm32f411xe.o(.text)
    DMA1_Stream6_IRQHandler                  0x080001c7   Thumb Code     0  startup_stm32f411xe.o(.text)
    DMA1_Stream7_IRQHandler                  0x080001c7   Thumb Code     0  startup_stm32f411xe.o(.text)
    DMA2_Stream0_IRQHandler                  0x080001c7   Thumb Code     0  startup_stm32f411xe.o(.text)
    DMA2_Stream1_IRQHandler                  0x080001c7   Thumb Code     0  startup_stm32f411xe.o(.text)
    DMA2_Stream2_IRQHandler                  0x080001c7   Thumb Code     0  startup_stm32f411xe.o(.text)
    DMA2_Stream3_IRQHandler                  0x080001c7   Thumb Code     0  startup_stm32f411xe.o(.text)
    DMA2_Stream4_IRQHandler                  0x080001c7   Thumb Code     0  startup_stm32f411xe.o(.text)
    DMA2_Stream5_IRQHandler                  0x080001c7   Thumb Code     0  startup_stm32f411xe.o(.text)
    DMA2_Stream6_IRQHandler                  0x080001c7   Thumb Code     0  startup_stm32f411xe.o(.text)
    DMA2_Stream7_IRQHandler                  0x080001c7   Thumb Code     0  startup_stm32f411xe.o(.text)
    EXTI0_IRQHandler                         0x080001c7   Thumb Code     0  startup_stm32f411xe.o(.text)
    EXTI2_IRQHandler                         0x080001c7   Thumb Code     0  startup_stm32f411xe.o(.text)
    EXTI3_IRQHandler                         0x080001c7   Thumb Code     0  startup_stm32f411xe.o(.text)
    EXTI4_IRQHandler                         0x080001c7   Thumb Code     0  startup_stm32f411xe.o(.text)
    EXTI9_5_IRQHandler                       0x080001c7   Thumb Code     0  startup_stm32f411xe.o(.text)
    FLASH_IRQHandler                         0x080001c7   Thumb Code     0  startup_stm32f411xe.o(.text)
    FPU_IRQHandler                           0x080001c7   Thumb Code     0  startup_stm32f411xe.o(.text)
    I2C1_ER_IRQHandler                       0x080001c7   Thumb Code     0  startup_stm32f411xe.o(.text)
    I2C1_EV_IRQHandler                       0x080001c7   Thumb Code     0  startup_stm32f411xe.o(.text)
    I2C2_ER_IRQHandler                       0x080001c7   Thumb Code     0  startup_stm32f411xe.o(.text)
    I2C2_EV_IRQHandler                       0x080001c7   Thumb Code     0  startup_stm32f411xe.o(.text)
    I2C3_ER_IRQHandler                       0x080001c7   Thumb Code     0  startup_stm32f411xe.o(.text)
    I2C3_EV_IRQHandler                       0x080001c7   Thumb Code     0  startup_stm32f411xe.o(.text)
    OTG_FS_WKUP_IRQHandler                   0x080001c7   Thumb Code     0  startup_stm32f411xe.o(.text)
    PVD_IRQHandler                           0x080001c7   Thumb Code     0  startup_stm32f411xe.o(.text)
    RCC_IRQHandler                           0x080001c7   Thumb Code     0  startup_stm32f411xe.o(.text)
    RTC_Alarm_IRQHandler                     0x080001c7   Thumb Code     0  startup_stm32f411xe.o(.text)
    RTC_WKUP_IRQHandler                      0x080001c7   Thumb Code     0  startup_stm32f411xe.o(.text)
    SDIO_IRQHandler                          0x080001c7   Thumb Code     0  startup_stm32f411xe.o(.text)
    SPI1_IRQHandler                          0x080001c7   Thumb Code     0  startup_stm32f411xe.o(.text)
    SPI2_IRQHandler                          0x080001c7   Thumb Code     0  startup_stm32f411xe.o(.text)
    SPI3_IRQHandler                          0x080001c7   Thumb Code     0  startup_stm32f411xe.o(.text)
    SPI4_IRQHandler                          0x080001c7   Thumb Code     0  startup_stm32f411xe.o(.text)
    SPI5_IRQHandler                          0x080001c7   Thumb Code     0  startup_stm32f411xe.o(.text)
    TAMP_STAMP_IRQHandler                    0x080001c7   Thumb Code     0  startup_stm32f411xe.o(.text)
    TIM1_BRK_TIM9_IRQHandler                 0x080001c7   Thumb Code     0  startup_stm32f411xe.o(.text)
    TIM1_CC_IRQHandler                       0x080001c7   Thumb Code     0  startup_stm32f411xe.o(.text)
    TIM1_UP_TIM10_IRQHandler                 0x080001c7   Thumb Code     0  startup_stm32f411xe.o(.text)
    TIM2_IRQHandler                          0x080001c7   Thumb Code     0  startup_stm32f411xe.o(.text)
    TIM3_IRQHandler                          0x080001c7   Thumb Code     0  startup_stm32f411xe.o(.text)
    TIM4_IRQHandler                          0x080001c7   Thumb Code     0  startup_stm32f411xe.o(.text)
    TIM5_IRQHandler                          0x080001c7   Thumb Code     0  startup_stm32f411xe.o(.text)
    USART1_IRQHandler                        0x080001c7   Thumb Code     0  startup_stm32f411xe.o(.text)
    USART2_IRQHandler                        0x080001c7   Thumb Code     0  startup_stm32f411xe.o(.text)
    USART6_IRQHandler                        0x080001c7   Thumb Code     0  startup_stm32f411xe.o(.text)
    WWDG_IRQHandler                          0x080001c7   Thumb Code     0  startup_stm32f411xe.o(.text)
    __aeabi_uldivmod                         0x080001d1   Thumb Code    98  uldiv.o(.text)
    __aeabi_memset                           0x08000233   Thumb Code    14  memseta.o(.text)
    __aeabi_memset4                          0x08000233   Thumb Code     0  memseta.o(.text)
    __aeabi_memset8                          0x08000233   Thumb Code     0  memseta.o(.text)
    __aeabi_memclr                           0x08000241   Thumb Code     4  memseta.o(.text)
    __aeabi_memclr4                          0x08000241   Thumb Code     0  memseta.o(.text)
    __aeabi_memclr8                          0x08000241   Thumb Code     0  memseta.o(.text)
    _memset$wrapper                          0x08000245   Thumb Code    18  memseta.o(.text)
    __aeabi_uidiv                            0x08000257   Thumb Code     0  uidiv.o(.text)
    __aeabi_uidivmod                         0x08000257   Thumb Code    44  uidiv.o(.text)
    __aeabi_llsl                             0x08000283   Thumb Code    30  llshl.o(.text)
    _ll_shift_l                              0x08000283   Thumb Code     0  llshl.o(.text)
    __aeabi_llsr                             0x080002a1   Thumb Code    32  llushr.o(.text)
    _ll_ushift_r                             0x080002a1   Thumb Code     0  llushr.o(.text)
    __I$use$fp                               0x080002c1   Thumb Code     0  iusefp.o(.text)
    __aeabi_dadd                             0x080002c1   Thumb Code   322  dadd.o(.text)
    __aeabi_dsub                             0x08000403   Thumb Code     6  dadd.o(.text)
    __aeabi_drsub                            0x08000409   Thumb Code     6  dadd.o(.text)
    __aeabi_dmul                             0x0800040f   Thumb Code   228  dmul.o(.text)
    __aeabi_ddiv                             0x080004f3   Thumb Code   222  ddiv.o(.text)
    __aeabi_d2ulz                            0x080005d1   Thumb Code    48  dfixul.o(.text)
    __aeabi_cdrcmple                         0x08000601   Thumb Code    48  cdrcmple.o(.text)
    __scatterload                            0x08000631   Thumb Code    28  init.o(.text)
    __scatterload_rt2                        0x08000631   Thumb Code     0  init.o(.text)
    __aeabi_lasr                             0x08000655   Thumb Code    36  llsshr.o(.text)
    _ll_sshift_r                             0x08000655   Thumb Code     0  llsshr.o(.text)
    _double_round                            0x08000679   Thumb Code    30  depilogue.o(.text)
    _double_epilogue                         0x08000697   Thumb Code   156  depilogue.o(.text)
    BXF_NRF_ReadBuff                         0x08000735   Thumb Code    94  nrf24l01p.o(.text.BXF_NRF_ReadBuff)
    BXF_NRF_ReadData                         0x08000795   Thumb Code    92  nrf24l01p.o(.text.BXF_NRF_ReadData)
    BXF_NRF_TxDate                           0x080007f1   Thumb Code    90  nrf24l01p.o(.text.BXF_NRF_TxDate)
    BXF_NRF_TxMode                           0x0800084d   Thumb Code   236  nrf24l01p.o(.text.BXF_NRF_TxMode)
    BXF_NRF_WriteBuff                        0x08000939   Thumb Code    94  nrf24l01p.o(.text.BXF_NRF_WriteBuff)
    BXF_NRF_WriteData                        0x08000999   Thumb Code    92  nrf24l01p.o(.text.BXF_NRF_WriteData)
    BXF_NRF_nRF24L01P_Init                   0x080009f5   Thumb Code   216  nrf24l01p.o(.text.BXF_NRF_nRF24L01P_Init)
    BXF_USR_DefineInit                       0x08000acd   Thumb Code    26  bxf_sys_define.o(.text.BXF_USR_DefineInit)
    BXF_USR_LEDCtrl                          0x08000ae9   Thumb Code   136  bxf_sys.o(.text.BXF_USR_LEDCtrl)
    BXF_USR_LEDInit                          0x08000b71   Thumb Code    38  bxf_sys.o(.text.BXF_USR_LEDInit)
    BXF_USR_SYSInit                          0x08000b99   Thumb Code    16  bxf_sys.o(.text.BXF_USR_SYSInit)
    BusFault_Handler                         0x08000ba9   Thumb Code     4  stm32f4xx_it.o(.text.BusFault_Handler)
    DebugMon_Handler                         0x08000bad   Thumb Code     2  stm32f4xx_it.o(.text.DebugMon_Handler)
    EXTI15_10_IRQHandler                     0x08000bb1   Thumb Code    12  stm32f4xx_it.o(.text.EXTI15_10_IRQHandler)
    EXTI1_IRQHandler                         0x08000bbd   Thumb Code    10  stm32f4xx_it.o(.text.EXTI1_IRQHandler)
    Error_Handler                            0x08000bc9   Thumb Code    14  main.o(.text.Error_Handler)
    HAL_Delay                                0x08000bd9   Thumb Code    66  stm32f4xx_hal.o(.text.HAL_Delay)
    HAL_GPIO_EXTI_Callback                   0x08000c1d   Thumb Code   144  gpio.o(.text.HAL_GPIO_EXTI_Callback)
    HAL_GPIO_EXTI_IRQHandler                 0x08000cad   Thumb Code    56  stm32f4xx_hal_gpio.o(.text.HAL_GPIO_EXTI_IRQHandler)
    HAL_GPIO_Init                            0x08000ce5   Thumb Code   866  stm32f4xx_hal_gpio.o(.text.HAL_GPIO_Init)
    HAL_GPIO_ReadPin                         0x08001049   Thumb Code    46  stm32f4xx_hal_gpio.o(.text.HAL_GPIO_ReadPin)
    HAL_GPIO_WritePin                        0x08001079   Thumb Code    46  stm32f4xx_hal_gpio.o(.text.HAL_GPIO_WritePin)
    HAL_GetTick                              0x080010a9   Thumb Code    12  stm32f4xx_hal.o(.text.HAL_GetTick)
    HAL_HCD_Connect_Callback                 0x080010b5   Thumb Code    20  usbh_conf.o(.text.HAL_HCD_Connect_Callback)
    HAL_HCD_Disconnect_Callback              0x080010c9   Thumb Code    20  usbh_conf.o(.text.HAL_HCD_Disconnect_Callback)
    HAL_HCD_HC_NotifyURBChange_Callback      0x080010dd   Thumb Code    16  usbh_conf.o(.text.HAL_HCD_HC_NotifyURBChange_Callback)
    HAL_HCD_IRQHandler                       0x080010ed   Thumb Code   472  stm32f4xx_hal_hcd.o(.text.HAL_HCD_IRQHandler)
    HAL_HCD_PortDisabled_Callback            0x080012c5   Thumb Code    20  usbh_conf.o(.text.HAL_HCD_PortDisabled_Callback)
    HAL_HCD_PortEnabled_Callback             0x080012d9   Thumb Code    20  usbh_conf.o(.text.HAL_HCD_PortEnabled_Callback)
    HAL_HCD_SOF_Callback                     0x080012ed   Thumb Code    20  usbh_conf.o(.text.HAL_HCD_SOF_Callback)
    HAL_HCD_Stop                             0x08001301   Thumb Code    76  stm32f4xx_hal_hcd.o(.text.HAL_HCD_Stop)
    HAL_IncTick                              0x0800134d   Thumb Code    26  stm32f4xx_hal.o(.text.HAL_IncTick)
    HAL_Init                                 0x08001369   Thumb Code    54  stm32f4xx_hal.o(.text.HAL_Init)
    HAL_InitTick                             0x080013a1   Thumb Code   112  stm32f4xx_hal.o(.text.HAL_InitTick)
    HAL_MspInit                              0x08001411   Thumb Code    74  stm32f4xx_hal_msp.o(.text.HAL_MspInit)
    HAL_NVIC_EnableIRQ                       0x0800145d   Thumb Code    20  stm32f4xx_hal_cortex.o(.text.HAL_NVIC_EnableIRQ)
    HAL_NVIC_SetPriority                     0x08001471   Thumb Code    50  stm32f4xx_hal_cortex.o(.text.HAL_NVIC_SetPriority)
    HAL_NVIC_SetPriorityGrouping             0x080014a5   Thumb Code    16  stm32f4xx_hal_cortex.o(.text.HAL_NVIC_SetPriorityGrouping)
    HAL_RCC_ClockConfig                      0x080014b5   Thumb Code   610  stm32f4xx_hal_rcc.o(.text.HAL_RCC_ClockConfig)
    HAL_RCC_GetHCLKFreq                      0x08001719   Thumb Code    12  stm32f4xx_hal_rcc.o(.text.HAL_RCC_GetHCLKFreq)
    HAL_RCC_GetPCLK1Freq                     0x08001725   Thumb Code    34  stm32f4xx_hal_rcc.o(.text.HAL_RCC_GetPCLK1Freq)
    HAL_RCC_GetPCLK2Freq                     0x08001749   Thumb Code    34  stm32f4xx_hal_rcc.o(.text.HAL_RCC_GetPCLK2Freq)
    HAL_RCC_GetSysClockFreq                  0x0800176d   Thumb Code   230  stm32f4xx_hal_rcc.o(.text.HAL_RCC_GetSysClockFreq)
    HAL_RCC_OscConfig                        0x08001855   Thumb Code  1726  stm32f4xx_hal_rcc.o(.text.HAL_RCC_OscConfig)
    HAL_SPI_Init                             0x08001f15   Thumb Code   256  stm32f4xx_hal_spi.o(.text.HAL_SPI_Init)
    HAL_SPI_MspInit                          0x08002015   Thumb Code   142  spi.o(.text.HAL_SPI_MspInit)
    HAL_SPI_Receive                          0x080020a5   Thumb Code   560  stm32f4xx_hal_spi.o(.text.HAL_SPI_Receive)
    HAL_SPI_Transmit                         0x080022d5   Thumb Code   644  stm32f4xx_hal_spi.o(.text.HAL_SPI_Transmit)
    HAL_SPI_TransmitReceive                  0x08002559   Thumb Code   870  stm32f4xx_hal_spi.o(.text.HAL_SPI_TransmitReceive)
    HAL_SYSTICK_Config                       0x080028c1   Thumb Code    16  stm32f4xx_hal_cortex.o(.text.HAL_SYSTICK_Config)
    HAL_TIMEx_BreakCallback                  0x080028d1   Thumb Code     8  stm32f4xx_hal_tim_ex.o(.text.HAL_TIMEx_BreakCallback)
    HAL_TIMEx_CommutCallback                 0x080028d9   Thumb Code     8  stm32f4xx_hal_tim_ex.o(.text.HAL_TIMEx_CommutCallback)
    HAL_TIM_Base_Init                        0x080028e1   Thumb Code   156  stm32f4xx_hal_tim.o(.text.HAL_TIM_Base_Init)
    HAL_TIM_Base_MspInit                     0x0800297d   Thumb Code    82  tim.o(.text.HAL_TIM_Base_MspInit)
    HAL_TIM_Base_Start_IT                    0x080029d1   Thumb Code   210  stm32f4xx_hal_tim.o(.text.HAL_TIM_Base_Start_IT)
    HAL_TIM_IC_CaptureCallback               0x08002aa5   Thumb Code     8  stm32f4xx_hal_tim.o(.text.HAL_TIM_IC_CaptureCallback)
    HAL_TIM_IRQHandler                       0x08002aad   Thumb Code   634  stm32f4xx_hal_tim.o(.text.HAL_TIM_IRQHandler)
    HAL_TIM_OC_DelayElapsedCallback          0x08002d29   Thumb Code     8  stm32f4xx_hal_tim.o(.text.HAL_TIM_OC_DelayElapsedCallback)
    HAL_TIM_PWM_PulseFinishedCallback        0x08002d31   Thumb Code     8  stm32f4xx_hal_tim.o(.text.HAL_TIM_PWM_PulseFinishedCallback)
    HAL_TIM_PeriodElapsedCallback            0x08002d39   Thumb Code   124  tim.o(.text.HAL_TIM_PeriodElapsedCallback)
    HAL_TIM_TriggerCallback                  0x08002db5   Thumb Code     8  stm32f4xx_hal_tim.o(.text.HAL_TIM_TriggerCallback)
    HAL_UART_Init                            0x08002dbd   Thumb Code   154  stm32f4xx_hal_uart.o(.text.HAL_UART_Init)
    HAL_UART_MspInit                         0x08002e59   Thumb Code   266  usart.o(.text.HAL_UART_MspInit)
    HAL_UART_Transmit                        0x08002f65   Thumb Code   334  stm32f4xx_hal_uart.o(.text.HAL_UART_Transmit)
    HardFault_Handler                        0x08003e3d   Thumb Code     4  stm32f4xx_it.o(.text.HardFault_Handler)
    MX_GPIO_Init                             0x08003e41   Thumb Code   352  gpio.o(.text.MX_GPIO_Init)
    MX_SPI1_Init                             0x08003fa1   Thumb Code    78  spi.o(.text.MX_SPI1_Init)
    MX_TIM11_Init                            0x08003ff1   Thumb Code    68  tim.o(.text.MX_TIM11_Init)
    MX_USART1_UART_Init                      0x08004035   Thumb Code    64  usart.o(.text.MX_USART1_UART_Init)
    MemManage_Handler                        0x08004075   Thumb Code     4  stm32f4xx_it.o(.text.MemManage_Handler)
    NMI_Handler                              0x08004079   Thumb Code     4  stm32f4xx_it.o(.text.NMI_Handler)
    NRF24L01P_Check                          0x0800407d   Thumb Code   242  nrf24l01p.o(.text.NRF24L01P_Check)
    OTG_FS_IRQHandler                        0x080041dd   Thumb Code    16  stm32f4xx_it.o(.text.OTG_FS_IRQHandler)
    PendSV_Handler                           0x080041ed   Thumb Code     2  stm32f4xx_it.o(.text.PendSV_Handler)
    SVC_Handler                              0x080044a5   Thumb Code     2  stm32f4xx_it.o(.text.SVC_Handler)
    SysTick_Handler                          0x080044fd   Thumb Code     8  stm32f4xx_it.o(.text.SysTick_Handler)
    SystemClock_Config                       0x08004505   Thumb Code   184  main.o(.text.SystemClock_Config)
    SystemInit                               0x080045bd   Thumb Code    18  system_stm32f4xx.o(.text.SystemInit)
    TIM1_TRG_COM_TIM11_IRQHandler            0x080045d1   Thumb Code    16  stm32f4xx_it.o(.text.TIM1_TRG_COM_TIM11_IRQHandler)
    TIM_Base_SetConfig                       0x080045e1   Thumb Code   314  stm32f4xx_hal_tim.o(.text.TIM_Base_SetConfig)
    USBH_FreePipe                            0x0800492d   Thumb Code    48  usbh_pipes.o(.text.USBH_FreePipe)
    USBH_Get_USB_Status                      0x0800495d   Thumb Code    82  usbh_conf.o(.text.USBH_Get_USB_Status)
    USBH_LL_Connect                          0x080049dd   Thumb Code    30  usbh_core.o(.text.USBH_LL_Connect)
    USBH_LL_Disconnect                       0x080049fd   Thumb Code    58  usbh_core.o(.text.USBH_LL_Disconnect)
    USBH_LL_IncTimer                         0x08004a39   Thumb Code    28  usbh_core.o(.text.USBH_LL_IncTimer)
    USBH_LL_PortDisabled                     0x08004a55   Thumb Code    16  usbh_core.o(.text.USBH_LL_PortDisabled)
    USBH_LL_PortEnabled                      0x08004a65   Thumb Code    16  usbh_core.o(.text.USBH_LL_PortEnabled)
    USBH_LL_Stop                             0x08004a75   Thumb Code    50  usbh_conf.o(.text.USBH_LL_Stop)
    USB_DisableGlobalInt                     0x08004aa9   Thumb Code    20  stm32f4xx_ll_usb.o(.text.USB_DisableGlobalInt)
    USB_EnableGlobalInt                      0x08004abd   Thumb Code    20  stm32f4xx_ll_usb.o(.text.USB_EnableGlobalInt)
    USB_FlushRxFifo                          0x08004ad1   Thumb Code   128  stm32f4xx_ll_usb.o(.text.USB_FlushRxFifo)
    USB_FlushTxFifo                          0x08004b51   Thumb Code   134  stm32f4xx_ll_usb.o(.text.USB_FlushTxFifo)
    USB_GetMode                              0x08004bd9   Thumb Code    16  stm32f4xx_ll_usb.o(.text.USB_GetMode)
    USB_HC_Halt                              0x08004be9   Thumb Code   416  stm32f4xx_ll_usb.o(.text.USB_HC_Halt)
    USB_HC_ReadInterrupt                     0x08004d89   Thumb Code    20  stm32f4xx_ll_usb.o(.text.USB_HC_ReadInterrupt)
    USB_InitFSLSPClkSel                      0x08004d9d   Thumb Code   100  stm32f4xx_ll_usb.o(.text.USB_InitFSLSPClkSel)
    USB_ReadInterrupts                       0x08004e01   Thumb Code    26  stm32f4xx_ll_usb.o(.text.USB_ReadInterrupts)
    USB_ReadPacket                           0x08004e1d   Thumb Code   180  stm32f4xx_ll_usb.o(.text.USB_ReadPacket)
    USB_StopHost                             0x08004ed1   Thumb Code   288  stm32f4xx_ll_usb.o(.text.USB_StopHost)
    UsageFault_Handler                       0x08004ff1   Thumb Code     4  stm32f4xx_it.o(.text.UsageFault_Handler)
    fputc                                    0x080050b5   Thumb Code    34  usart.o(.text.fputc)
    main                                     0x080050d9   Thumb Code  1024  main.o(.text.main)
    __0printf                                0x080054d9   Thumb Code    22  printfa.o(i.__0printf)
    __1printf                                0x080054d9   Thumb Code     0  printfa.o(i.__0printf)
    __2printf                                0x080054d9   Thumb Code     0  printfa.o(i.__0printf)
    __c89printf                              0x080054d9   Thumb Code     0  printfa.o(i.__0printf)
    printf                                   0x080054d9   Thumb Code     0  printfa.o(i.__0printf)
    __scatterload_copy                       0x080054f9   Thumb Code    14  handlers.o(i.__scatterload_copy)
    __scatterload_null                       0x08005507   Thumb Code     2  handlers.o(i.__scatterload_null)
    __scatterload_zeroinit                   0x08005509   Thumb Code    14  handlers.o(i.__scatterload_zeroinit)
    AHBPrescTable                            0x08005dca   Data          16  system_stm32f4xx.o(.rodata.AHBPrescTable)
    APBPrescTable                            0x08005dda   Data           8  system_stm32f4xx.o(.rodata.APBPrescTable)
    Region$$Table$$Base                      0x08005fe0   Number         0  anon$$obj.o(Region$$Table)
    Region$$Table$$Limit                     0x08006000   Number         0  anon$$obj.o(Region$$Table)
    __stdout                                 0x20000000   Data           4  stdout.o(.data)
    SystemCoreClock                          0x20000004   Data           4  system_stm32f4xx.o(.data.SystemCoreClock)
    nrf_tx_addr                              0x20000008   Data           5  nrf24l01p.o(.data.nrf_tx_addr)
    uwTickFreq                               0x2000000d   Data           1  stm32f4xx_hal.o(.data.uwTickFreq)
    uwTickPrio                               0x20000010   Data           4  stm32f4xx_hal.o(.data.uwTickPrio)
    bled                                     0x2000001c   Data         128  bxf_sys.o(.bss.bled)
    bled0                                    0x2000009c   Data           8  bxf_sys.o(.bss.bled0)
    bxf_user_key_flag                        0x200000a4   Data           4  bxf_sys_define.o(.bss.bxf_user_key_flag)
    bxf_user_led_flag                        0x200000a8   Data           4  bxf_sys_define.o(.bss.bxf_user_led_flag)
    hhcd_USB_OTG_FS                          0x200000ac   Data         772  usbh_conf.o(.bss.hhcd_USB_OTG_FS)
    hspi1                                    0x200003b0   Data          88  spi.o(.bss.hspi1)
    htim11                                   0x20000408   Data          72  tim.o(.bss.htim11)
    huart1                                   0x20000450   Data          68  usart.o(.bss.huart1)
    nrf_rx_buff                              0x20000494   Data          32  nrf24l01p.o(.bss.nrf_rx_buff)
    uwTick                                   0x200004b4   Data           4  stm32f4xx_hal.o(.bss.uwTick)
    __initial_sp                             0x200008b8   Data           0  startup_stm32f411xe.o(STACK)



==============================================================================

Memory Map of the image

  Image Entry point : 0x08000199

  Load Region LR_IROM1 (Base: 0x08000000, Size: 0x00006018, Max: 0x00040000, ABSOLUTE)

    Execution Region ER_IROM1 (Exec base: 0x08000000, Load base: 0x08000000, Size: 0x00006000, Max: 0x00040000, ABSOLUTE)

    Exec Addr    Load Addr    Size         Type   Attr      Idx    E Section Name        Object

    0x08000000   0x08000000   0x00000198   Data   RO            3    RESET               startup_stm32f411xe.o
    0x08000198   0x08000198   0x00000000   Code   RO         1817  * .ARM.Collect$$$$00000000  mc_w.l(entry.o)
    0x08000198   0x08000198   0x00000004   Code   RO         1880    .ARM.Collect$$$$00000001  mc_w.l(entry2.o)
    0x0800019c   0x0800019c   0x00000004   Code   RO         1883    .ARM.Collect$$$$00000004  mc_w.l(entry5.o)
    0x080001a0   0x080001a0   0x00000000   Code   RO         1885    .ARM.Collect$$$$00000008  mc_w.l(entry7b.o)
    0x080001a0   0x080001a0   0x00000000   Code   RO         1887    .ARM.Collect$$$$0000000A  mc_w.l(entry8b.o)
    0x080001a0   0x080001a0   0x00000008   Code   RO         1888    .ARM.Collect$$$$0000000B  mc_w.l(entry9a.o)
    0x080001a8   0x080001a8   0x00000000   Code   RO         1890    .ARM.Collect$$$$0000000D  mc_w.l(entry10a.o)
    0x080001a8   0x080001a8   0x00000000   Code   RO         1892    .ARM.Collect$$$$0000000F  mc_w.l(entry11a.o)
    0x080001a8   0x080001a8   0x00000004   Code   RO         1881    .ARM.Collect$$$$00002712  mc_w.l(entry2.o)
    0x080001ac   0x080001ac   0x00000024   Code   RO            4    .text               startup_stm32f411xe.o
    0x080001d0   0x080001d0   0x00000062   Code   RO         1820    .text               mc_w.l(uldiv.o)
    0x08000232   0x08000232   0x00000024   Code   RO         1822    .text               mc_w.l(memseta.o)
    0x08000256   0x08000256   0x0000002c   Code   RO         1904    .text               mc_w.l(uidiv.o)
    0x08000282   0x08000282   0x0000001e   Code   RO         1906    .text               mc_w.l(llshl.o)
    0x080002a0   0x080002a0   0x00000020   Code   RO         1908    .text               mc_w.l(llushr.o)
    0x080002c0   0x080002c0   0x00000000   Code   RO         1916    .text               mc_w.l(iusefp.o)
    0x080002c0   0x080002c0   0x0000014e   Code   RO         1917    .text               mf_w.l(dadd.o)
    0x0800040e   0x0800040e   0x000000e4   Code   RO         1919    .text               mf_w.l(dmul.o)
    0x080004f2   0x080004f2   0x000000de   Code   RO         1921    .text               mf_w.l(ddiv.o)
    0x080005d0   0x080005d0   0x00000030   Code   RO         1923    .text               mf_w.l(dfixul.o)
    0x08000600   0x08000600   0x00000030   Code   RO         1925    .text               mf_w.l(cdrcmple.o)
    0x08000630   0x08000630   0x00000024   Code   RO         1927    .text               mc_w.l(init.o)
    0x08000654   0x08000654   0x00000024   Code   RO         1929    .text               mc_w.l(llsshr.o)
    0x08000678   0x08000678   0x000000ba   Code   RO         1931    .text               mf_w.l(depilogue.o)
    0x08000732   0x08000732   0x00000002   PAD
    0x08000734   0x08000734   0x0000005e   Code   RO         1794    .text.BXF_NRF_ReadBuff  nrf24l01p.o
    0x08000792   0x08000792   0x00000002   PAD
    0x08000794   0x08000794   0x0000005c   Code   RO         1792    .text.BXF_NRF_ReadData  nrf24l01p.o
    0x080007f0   0x080007f0   0x0000005a   Code   RO         1798    .text.BXF_NRF_TxDate  nrf24l01p.o
    0x0800084a   0x0800084a   0x00000002   PAD
    0x0800084c   0x0800084c   0x000000ec   Code   RO         1796    .text.BXF_NRF_TxMode  nrf24l01p.o
    0x08000938   0x08000938   0x0000005e   Code   RO         1790    .text.BXF_NRF_WriteBuff  nrf24l01p.o
    0x08000996   0x08000996   0x00000002   PAD
    0x08000998   0x08000998   0x0000005c   Code   RO         1788    .text.BXF_NRF_WriteData  nrf24l01p.o
    0x080009f4   0x080009f4   0x000000d8   Code   RO         1804    .text.BXF_NRF_nRF24L01P_Init  nrf24l01p.o
    0x08000acc   0x08000acc   0x0000001a   Code   RO         1778    .text.BXF_USR_DefineInit  bxf_sys_define.o
    0x08000ae6   0x08000ae6   0x00000002   PAD
    0x08000ae8   0x08000ae8   0x00000088   Code   RO         1763    .text.BXF_USR_LEDCtrl  bxf_sys.o
    0x08000b70   0x08000b70   0x00000026   Code   RO         1765    .text.BXF_USR_LEDInit  bxf_sys.o
    0x08000b96   0x08000b96   0x00000002   PAD
    0x08000b98   0x08000b98   0x00000010   Code   RO         1767    .text.BXF_USR_SYSInit  bxf_sys.o
    0x08000ba8   0x08000ba8   0x00000004   Code   RO           97    .text.BusFault_Handler  stm32f4xx_it.o
    0x08000bac   0x08000bac   0x00000002   Code   RO          103    .text.DebugMon_Handler  stm32f4xx_it.o
    0x08000bae   0x08000bae   0x00000002   PAD
    0x08000bb0   0x08000bb0   0x0000000c   Code   RO          113    .text.EXTI15_10_IRQHandler  stm32f4xx_it.o
    0x08000bbc   0x08000bbc   0x0000000a   Code   RO          109    .text.EXTI1_IRQHandler  stm32f4xx_it.o
    0x08000bc6   0x08000bc6   0x00000002   PAD
    0x08000bc8   0x08000bc8   0x0000000e   Code   RO           15    .text.Error_Handler  main.o
    0x08000bd6   0x08000bd6   0x00000002   PAD
    0x08000bd8   0x08000bd8   0x00000042   Code   RO          775    .text.HAL_Delay     stm32f4xx_hal.o
    0x08000c1a   0x08000c1a   0x00000002   PAD
    0x08000c1c   0x08000c1c   0x00000090   Code   RO           28    .text.HAL_GPIO_EXTI_Callback  gpio.o
    0x08000cac   0x08000cac   0x00000038   Code   RO          552    .text.HAL_GPIO_EXTI_IRQHandler  stm32f4xx_hal_gpio.o
    0x08000ce4   0x08000ce4   0x00000362   Code   RO          540    .text.HAL_GPIO_Init  stm32f4xx_hal_gpio.o
    0x08001046   0x08001046   0x00000002   PAD
    0x08001048   0x08001048   0x0000002e   Code   RO          544    .text.HAL_GPIO_ReadPin  stm32f4xx_hal_gpio.o
    0x08001076   0x08001076   0x00000002   PAD
    0x08001078   0x08001078   0x0000002e   Code   RO          546    .text.HAL_GPIO_WritePin  stm32f4xx_hal_gpio.o
    0x080010a6   0x080010a6   0x00000002   PAD
    0x080010a8   0x080010a8   0x0000000c   Code   RO          767    .text.HAL_GetTick   stm32f4xx_hal.o
    0x080010b4   0x080010b4   0x00000014   Code   RO          158    .text.HAL_HCD_Connect_Callback  usbh_conf.o
    0x080010c8   0x080010c8   0x00000014   Code   RO          160    .text.HAL_HCD_Disconnect_Callback  usbh_conf.o
    0x080010dc   0x080010dc   0x00000010   Code   RO          162    .text.HAL_HCD_HC_NotifyURBChange_Callback  usbh_conf.o
    0x080010ec   0x080010ec   0x000001d8   Code   RO          222    .text.HAL_HCD_IRQHandler  stm32f4xx_hal_hcd.o
    0x080012c4   0x080012c4   0x00000014   Code   RO          166    .text.HAL_HCD_PortDisabled_Callback  usbh_conf.o
    0x080012d8   0x080012d8   0x00000014   Code   RO          164    .text.HAL_HCD_PortEnabled_Callback  usbh_conf.o
    0x080012ec   0x080012ec   0x00000014   Code   RO          156    .text.HAL_HCD_SOF_Callback  usbh_conf.o
    0x08001300   0x08001300   0x0000004c   Code   RO          248    .text.HAL_HCD_Stop  stm32f4xx_hal_hcd.o
    0x0800134c   0x0800134c   0x0000001a   Code   RO          765    .text.HAL_IncTick   stm32f4xx_hal.o
    0x08001366   0x08001366   0x00000002   PAD
    0x08001368   0x08001368   0x00000036   Code   RO          755    .text.HAL_Init      stm32f4xx_hal.o
    0x0800139e   0x0800139e   0x00000002   PAD
    0x080013a0   0x080013a0   0x00000070   Code   RO          757    .text.HAL_InitTick  stm32f4xx_hal.o
    0x08001410   0x08001410   0x0000004a   Code   RO          124    .text.HAL_MspInit   stm32f4xx_hal_msp.o
    0x0800145a   0x0800145a   0x00000002   PAD
    0x0800145c   0x0800145c   0x00000014   Code   RO          696    .text.HAL_NVIC_EnableIRQ  stm32f4xx_hal_cortex.o
    0x08001470   0x08001470   0x00000032   Code   RO          688    .text.HAL_NVIC_SetPriority  stm32f4xx_hal_cortex.o
    0x080014a2   0x080014a2   0x00000002   PAD
    0x080014a4   0x080014a4   0x00000010   Code   RO          684    .text.HAL_NVIC_SetPriorityGrouping  stm32f4xx_hal_cortex.o
    0x080014b4   0x080014b4   0x00000262   Code   RO          380    .text.HAL_RCC_ClockConfig  stm32f4xx_hal_rcc.o
    0x08001716   0x08001716   0x00000002   PAD
    0x08001718   0x08001718   0x0000000c   Code   RO          390    .text.HAL_RCC_GetHCLKFreq  stm32f4xx_hal_rcc.o
    0x08001724   0x08001724   0x00000022   Code   RO          392    .text.HAL_RCC_GetPCLK1Freq  stm32f4xx_hal_rcc.o
    0x08001746   0x08001746   0x00000002   PAD
    0x08001748   0x08001748   0x00000022   Code   RO          394    .text.HAL_RCC_GetPCLK2Freq  stm32f4xx_hal_rcc.o
    0x0800176a   0x0800176a   0x00000002   PAD
    0x0800176c   0x0800176c   0x000000e6   Code   RO          382    .text.HAL_RCC_GetSysClockFreq  stm32f4xx_hal_rcc.o
    0x08001852   0x08001852   0x00000002   PAD
    0x08001854   0x08001854   0x000006be   Code   RO          378    .text.HAL_RCC_OscConfig  stm32f4xx_hal_rcc.o
    0x08001f12   0x08001f12   0x00000002   PAD
    0x08001f14   0x08001f14   0x00000100   Code   RO          844    .text.HAL_SPI_Init  stm32f4xx_hal_spi.o
    0x08002014   0x08002014   0x0000008e   Code   RO           40    .text.HAL_SPI_MspInit  spi.o
    0x080020a2   0x080020a2   0x00000002   PAD
    0x080020a4   0x080020a4   0x00000230   Code   RO          856    .text.HAL_SPI_Receive  stm32f4xx_hal_spi.o
    0x080022d4   0x080022d4   0x00000284   Code   RO          852    .text.HAL_SPI_Transmit  stm32f4xx_hal_spi.o
    0x08002558   0x08002558   0x00000366   Code   RO          858    .text.HAL_SPI_TransmitReceive  stm32f4xx_hal_spi.o
    0x080028be   0x080028be   0x00000002   PAD
    0x080028c0   0x080028c0   0x00000010   Code   RO          708    .text.HAL_SYSTICK_Config  stm32f4xx_hal_cortex.o
    0x080028d0   0x080028d0   0x00000008   Code   RO         1284    .text.HAL_TIMEx_BreakCallback  stm32f4xx_hal_tim_ex.o
    0x080028d8   0x080028d8   0x00000008   Code   RO         1280    .text.HAL_TIMEx_CommutCallback  stm32f4xx_hal_tim_ex.o
    0x080028e0   0x080028e0   0x0000009c   Code   RO          961    .text.HAL_TIM_Base_Init  stm32f4xx_hal_tim.o
    0x0800297c   0x0800297c   0x00000052   Code   RO           54    .text.HAL_TIM_Base_MspInit  tim.o
    0x080029ce   0x080029ce   0x00000002   PAD
    0x080029d0   0x080029d0   0x000000d2   Code   RO          975    .text.HAL_TIM_Base_Start_IT  stm32f4xx_hal_tim.o
    0x08002aa2   0x08002aa2   0x00000002   PAD
    0x08002aa4   0x08002aa4   0x00000008   Code   RO         1097    .text.HAL_TIM_IC_CaptureCallback  stm32f4xx_hal_tim.o
    0x08002aac   0x08002aac   0x0000027a   Code   RO         1095    .text.HAL_TIM_IRQHandler  stm32f4xx_hal_tim.o
    0x08002d26   0x08002d26   0x00000002   PAD
    0x08002d28   0x08002d28   0x00000008   Code   RO         1099    .text.HAL_TIM_OC_DelayElapsedCallback  stm32f4xx_hal_tim.o
    0x08002d30   0x08002d30   0x00000008   Code   RO         1101    .text.HAL_TIM_PWM_PulseFinishedCallback  stm32f4xx_hal_tim.o
    0x08002d38   0x08002d38   0x0000007c   Code   RO           58    .text.HAL_TIM_PeriodElapsedCallback  tim.o
    0x08002db4   0x08002db4   0x00000008   Code   RO         1105    .text.HAL_TIM_TriggerCallback  stm32f4xx_hal_tim.o
    0x08002dbc   0x08002dbc   0x0000009a   Code   RO         1297    .text.HAL_UART_Init  stm32f4xx_hal_uart.o
    0x08002e56   0x08002e56   0x00000002   PAD
    0x08002e58   0x08002e58   0x0000010a   Code   RO           76    .text.HAL_UART_MspInit  usart.o
    0x08002f62   0x08002f62   0x00000002   PAD
    0x08002f64   0x08002f64   0x0000014e   Code   RO         1313    .text.HAL_UART_Transmit  stm32f4xx_hal_uart.o
    0x080030b2   0x080030b2   0x00000002   PAD
    0x080030b4   0x080030b4   0x000005a6   Code   RO          232    .text.HCD_HC_IN_IRQHandler  stm32f4xx_hal_hcd.o
    0x0800365a   0x0800365a   0x00000002   PAD
    0x0800365c   0x0800365c   0x000005b4   Code   RO          234    .text.HCD_HC_OUT_IRQHandler  stm32f4xx_hal_hcd.o
    0x08003c10   0x08003c10   0x000000e4   Code   RO          226    .text.HCD_Port_IRQHandler  stm32f4xx_hal_hcd.o
    0x08003cf4   0x08003cf4   0x00000148   Code   RO          230    .text.HCD_RXQLVL_IRQHandler  stm32f4xx_hal_hcd.o
    0x08003e3c   0x08003e3c   0x00000004   Code   RO           93    .text.HardFault_Handler  stm32f4xx_it.o
    0x08003e40   0x08003e40   0x00000160   Code   RO           26    .text.MX_GPIO_Init  gpio.o
    0x08003fa0   0x08003fa0   0x0000004e   Code   RO           38    .text.MX_SPI1_Init  spi.o
    0x08003fee   0x08003fee   0x00000002   PAD
    0x08003ff0   0x08003ff0   0x00000044   Code   RO           52    .text.MX_TIM11_Init  tim.o
    0x08004034   0x08004034   0x00000040   Code   RO           72    .text.MX_USART1_UART_Init  usart.o
    0x08004074   0x08004074   0x00000004   Code   RO           95    .text.MemManage_Handler  stm32f4xx_it.o
    0x08004078   0x08004078   0x00000004   Code   RO           91    .text.NMI_Handler   stm32f4xx_it.o
    0x0800407c   0x0800407c   0x000000f2   Code   RO         1802    .text.NRF24L01P_Check  nrf24l01p.o
    0x0800416e   0x0800416e   0x00000002   PAD
    0x08004170   0x08004170   0x0000006c   Code   RO          694    .text.NVIC_EncodePriority  stm32f4xx_hal_cortex.o
    0x080041dc   0x080041dc   0x00000010   Code   RO          115    .text.OTG_FS_IRQHandler  stm32f4xx_it.o
    0x080041ec   0x080041ec   0x00000002   Code   RO          105    .text.PendSV_Handler  stm32f4xx_it.o
    0x080041ee   0x080041ee   0x00000002   PAD
    0x080041f0   0x080041f0   0x000000e4   Code   RO          860    .text.SPI_EndRxTransaction  stm32f4xx_hal_spi.o
    0x080042d4   0x080042d4   0x000000a4   Code   RO          854    .text.SPI_EndRxTxTransaction  stm32f4xx_hal_spi.o
    0x08004378   0x08004378   0x0000012a   Code   RO          952    .text.SPI_WaitFlagStateUntilTimeout  stm32f4xx_hal_spi.o
    0x080044a2   0x080044a2   0x00000002   PAD
    0x080044a4   0x080044a4   0x00000002   Code   RO          101    .text.SVC_Handler   stm32f4xx_it.o
    0x080044a6   0x080044a6   0x00000002   PAD
    0x080044a8   0x080044a8   0x00000052   Code   RO          710    .text.SysTick_Config  stm32f4xx_hal_cortex.o
    0x080044fa   0x080044fa   0x00000002   PAD
    0x080044fc   0x080044fc   0x00000008   Code   RO          107    .text.SysTick_Handler  stm32f4xx_it.o
    0x08004504   0x08004504   0x000000b8   Code   RO           13    .text.SystemClock_Config  main.o
    0x080045bc   0x080045bc   0x00000012   Code   RO         1426    .text.SystemInit    system_stm32f4xx.o
    0x080045ce   0x080045ce   0x00000002   PAD
    0x080045d0   0x080045d0   0x00000010   Code   RO          111    .text.TIM1_TRG_COM_TIM11_IRQHandler  stm32f4xx_it.o
    0x080045e0   0x080045e0   0x0000013a   Code   RO          965    .text.TIM_Base_SetConfig  stm32f4xx_hal_tim.o
    0x0800471a   0x0800471a   0x00000002   PAD
    0x0800471c   0x0800471c   0x0000013a   Code   RO         1301    .text.UART_SetConfig  stm32f4xx_hal_uart.o
    0x08004856   0x08004856   0x00000002   PAD
    0x08004858   0x08004858   0x000000d2   Code   RO         1315    .text.UART_WaitOnFlagUntilTimeout  stm32f4xx_hal_uart.o
    0x0800492a   0x0800492a   0x00000002   PAD
    0x0800492c   0x0800492c   0x00000030   Code   RO         1647    .text.USBH_FreePipe  usbh_pipes.o
    0x0800495c   0x0800495c   0x00000052   Code   RO          172    .text.USBH_Get_USB_Status  usbh_conf.o
    0x080049ae   0x080049ae   0x00000002   PAD
    0x080049b0   0x080049b0   0x0000002a   Code   RO         1554    .text.USBH_HandleSof  usbh_core.o
    0x080049da   0x080049da   0x00000002   PAD
    0x080049dc   0x080049dc   0x0000001e   Code   RO         1560    .text.USBH_LL_Connect  usbh_core.o
    0x080049fa   0x080049fa   0x00000002   PAD
    0x080049fc   0x080049fc   0x0000003a   Code   RO         1562    .text.USBH_LL_Disconnect  usbh_core.o
    0x08004a36   0x08004a36   0x00000002   PAD
    0x08004a38   0x08004a38   0x0000001c   Code   RO         1552    .text.USBH_LL_IncTimer  usbh_core.o
    0x08004a54   0x08004a54   0x00000010   Code   RO         1558    .text.USBH_LL_PortDisabled  usbh_core.o
    0x08004a64   0x08004a64   0x00000010   Code   RO         1556    .text.USBH_LL_PortEnabled  usbh_core.o
    0x08004a74   0x08004a74   0x00000032   Code   RO          176    .text.USBH_LL_Stop  usbh_conf.o
    0x08004aa6   0x08004aa6   0x00000002   PAD
    0x08004aa8   0x08004aa8   0x00000014   Code   RO          279    .text.USB_DisableGlobalInt  stm32f4xx_ll_usb.o
    0x08004abc   0x08004abc   0x00000014   Code   RO          277    .text.USB_EnableGlobalInt  stm32f4xx_ll_usb.o
    0x08004ad0   0x08004ad0   0x00000080   Code   RO          291    .text.USB_FlushRxFifo  stm32f4xx_ll_usb.o
    0x08004b50   0x08004b50   0x00000086   Code   RO          289    .text.USB_FlushTxFifo  stm32f4xx_ll_usb.o
    0x08004bd6   0x08004bd6   0x00000002   PAD
    0x08004bd8   0x08004bd8   0x00000010   Code   RO          283    .text.USB_GetMode   stm32f4xx_ll_usb.o
    0x08004be8   0x08004be8   0x000001a0   Code   RO          361    .text.USB_HC_Halt   stm32f4xx_ll_usb.o
    0x08004d88   0x08004d88   0x00000014   Code   RO          359    .text.USB_HC_ReadInterrupt  stm32f4xx_ll_usb.o
    0x08004d9c   0x08004d9c   0x00000064   Code   RO          343    .text.USB_InitFSLSPClkSel  stm32f4xx_ll_usb.o
    0x08004e00   0x08004e00   0x0000001a   Code   RO          325    .text.USB_ReadInterrupts  stm32f4xx_ll_usb.o
    0x08004e1a   0x08004e1a   0x00000002   PAD
    0x08004e1c   0x08004e1c   0x000000b4   Code   RO          311    .text.USB_ReadPacket  stm32f4xx_ll_usb.o
    0x08004ed0   0x08004ed0   0x00000120   Code   RO          363    .text.USB_StopHost  stm32f4xx_ll_usb.o
    0x08004ff0   0x08004ff0   0x00000004   Code   RO           99    .text.UsageFault_Handler  stm32f4xx_it.o
    0x08004ff4   0x08004ff4   0x00000030   Code   RO          698    .text.__NVIC_EnableIRQ  stm32f4xx_hal_cortex.o
    0x08005024   0x08005024   0x00000010   Code   RO          690    .text.__NVIC_GetPriorityGrouping  stm32f4xx_hal_cortex.o
    0x08005034   0x08005034   0x00000042   Code   RO          692    .text.__NVIC_SetPriority  stm32f4xx_hal_cortex.o
    0x08005076   0x08005076   0x00000002   PAD
    0x08005078   0x08005078   0x0000003c   Code   RO          686    .text.__NVIC_SetPriorityGrouping  stm32f4xx_hal_cortex.o
    0x080050b4   0x080050b4   0x00000022   Code   RO           80    .text.fputc         usart.o
    0x080050d6   0x080050d6   0x00000002   PAD
    0x080050d8   0x080050d8   0x00000400   Code   RO           11    .text.main          main.o
    0x080054d8   0x080054d8   0x00000020   Code   RO         1825    i.__0printf         mc_w.l(printfa.o)
    0x080054f8   0x080054f8   0x0000000e   Code   RO         1935    i.__scatterload_copy  mc_w.l(handlers.o)
    0x08005506   0x08005506   0x00000002   Code   RO         1936    i.__scatterload_null  mc_w.l(handlers.o)
    0x08005508   0x08005508   0x0000000e   Code   RO         1937    i.__scatterload_zeroinit  mc_w.l(handlers.o)
    0x08005516   0x08005516   0x00000002   PAD
    0x08005518   0x08005518   0x00000184   Code   RO         1832    i._fp_digits        mc_w.l(printfa.o)
    0x0800569c   0x0800569c   0x000006dc   Code   RO         1833    i._printf_core      mc_w.l(printfa.o)
    0x08005d78   0x08005d78   0x00000024   Code   RO         1834    i._printf_post_padding  mc_w.l(printfa.o)
    0x08005d9c   0x08005d9c   0x0000002e   Code   RO         1835    i._printf_pre_padding  mc_w.l(printfa.o)
    0x08005dca   0x08005dca   0x00000010   Data   RO         1431    .rodata.AHBPrescTable  system_stm32f4xx.o
    0x08005dda   0x08005dda   0x00000008   Data   RO         1432    .rodata.APBPrescTable  system_stm32f4xx.o
    0x08005de2   0x08005de2   0x00000144   Data   RO           17    .rodata.str1.1      main.o
    0x08005f26   0x08005f26   0x00000022   Data   RO           30    .rodata.str1.1      gpio.o
    0x08005f48   0x08005f48   0x00000098   Data   RO         1808    .rodata.str1.1      nrf24l01p.o
    0x08005fe0   0x08005fe0   0x00000020   Data   RO         1934    Region$$Table       anon$$obj.o


    Execution Region RW_IRAM1 (Exec base: 0x20000000, Load base: 0x08006000, Size: 0x000008b8, Max: 0x00020000, ABSOLUTE)

    Exec Addr    Load Addr    Size         Type   Attr      Idx    E Section Name        Object

    0x20000000   0x08006000   0x00000004   Data   RW         1894    .data               mc_w.l(stdout.o)
    0x20000004   0x08006004   0x00000004   Data   RW         1430    .data.SystemCoreClock  system_stm32f4xx.o
    0x20000008   0x08006008   0x00000005   Data   RW         1806    .data.nrf_tx_addr   nrf24l01p.o
    0x2000000d   0x0800600d   0x00000001   Data   RW          810    .data.uwTickFreq    stm32f4xx_hal.o
    0x2000000e   0x0800600e   0x00000002   PAD
    0x20000010   0x08006010   0x00000004   Data   RW          809    .data.uwTickPrio    stm32f4xx_hal.o
    0x20000014   0x08006014   0x00000004   PAD
    0x20000018        -       0x00000001   Zero   RW           63    .bss.HAL_TIM_PeriodElapsedCallback.send_count  tim.o
    0x20000019   0x08006014   0x00000003   PAD
    0x2000001c        -       0x00000080   Zero   RW         1770    .bss.bled           bxf_sys.o
    0x2000009c        -       0x00000008   Zero   RW         1769    .bss.bled0          bxf_sys.o
    0x200000a4        -       0x00000004   Zero   RW         1781    .bss.bxf_user_key_flag  bxf_sys_define.o
    0x200000a8        -       0x00000004   Zero   RW         1780    .bss.bxf_user_led_flag  bxf_sys_define.o
    0x200000ac        -       0x00000304   Zero   RW          200    .bss.hhcd_USB_OTG_FS  usbh_conf.o
    0x200003b0        -       0x00000058   Zero   RW           44    .bss.hspi1          spi.o
    0x20000408        -       0x00000048   Zero   RW           60    .bss.htim11         tim.o
    0x20000450        -       0x00000044   Zero   RW           82    .bss.huart1         usart.o
    0x20000494        -       0x00000020   Zero   RW         1810    .bss.nrf_rx_buff    nrf24l01p.o
    0x200004b4        -       0x00000004   Zero   RW          811    .bss.uwTick         stm32f4xx_hal.o
    0x200004b8        -       0x00000400   Zero   RW            1    STACK               startup_stm32f411xe.o


==============================================================================

Image component sizes


      Code (inc. data)   RO Data    RW Data    ZI Data      Debug   Object Name

       190          0          0          0        136       1920   bxf_sys.o
        26          0          0          0          8       1420   bxf_sys_define.o
       496          0         34          0          0       3961   gpio.o
      1222          0        324          0          0       3796   main.o
      1156          0        152          5         32       3161   nrf24l01p.o
       220          0          0          0         88       4901   spi.o
        36          8        408          0       1024        836   startup_stm32f411xe.o
       270          0          0          5          4       6677   stm32f4xx_hal.o
       482          0          0          0          0       8919   stm32f4xx_hal_cortex.o
      1014          0          0          0          0       5074   stm32f4xx_hal_gpio.o
      4010          6          0          0          0      12143   stm32f4xx_hal_hcd.o
        74          0          0          0          0       1527   stm32f4xx_hal_msp.o
      2646          0          0          0          0       7615   stm32f4xx_hal_rcc.o
      3020          0          0          0          0      19649   stm32f4xx_hal_spi.o
      1346          0          0          0          0      35569   stm32f4xx_hal_tim.o
        16          0          0          0          0      15231   stm32f4xx_hal_tim_ex.o
      1012          0          0          0          0      20095   stm32f4xx_hal_uart.o
        88          0          0          0          0       1536   stm32f4xx_it.o
      1348          0          0          0          0      19065   stm32f4xx_ll_usb.o
        18          0         24          4          0       2573   system_stm32f4xx.o
       274          0          0          0         73       7359   tim.o
       364          0          0          0         68       5499   usart.o
       248          4          0          0        772      14758   usbh_conf.o
       190          0          0          0          0      12465   usbh_core.o
        48          0          0          0          0       5961   usbh_pipes.o

    ----------------------------------------------------------------------
     19912         18        974         16       2212     221710   Object Totals
         0          0         32          0          0          0   (incl. Generated)
        98          0          0          2          7          0   (incl. Padding)

    ----------------------------------------------------------------------

      Code (inc. data)   RO Data    RW Data    ZI Data      Debug   Library Member Name

         0          0          0          0          0          0   entry.o
         0          0          0          0          0          0   entry10a.o
         0          0          0          0          0          0   entry11a.o
         8          4          0          0          0          0   entry2.o
         4          0          0          0          0          0   entry5.o
         0          0          0          0          0          0   entry7b.o
         0          0          0          0          0          0   entry8b.o
         8          4          0          0          0          0   entry9a.o
        30          0          0          0          0          0   handlers.o
        36          8          0          0          0         68   init.o
         0          0          0          0          0          0   iusefp.o
        30          0          0          0          0         68   llshl.o
        36          0          0          0          0         68   llsshr.o
        32          0          0          0          0         68   llushr.o
        36          0          0          0          0        108   memseta.o
      2258         90          0          0          0        452   printfa.o
         0          0          0          4          0          0   stdout.o
        44          0          0          0          0         80   uidiv.o
        98          0          0          0          0         92   uldiv.o
        48          0          0          0          0         68   cdrcmple.o
       334          0          0          0          0        148   dadd.o
       222          0          0          0          0        100   ddiv.o
       186          0          0          0          0        176   depilogue.o
        48          0          0          0          0         68   dfixul.o
       228          0          0          0          0         96   dmul.o

    ----------------------------------------------------------------------
      3690        106          0          4          0       1660   Library Totals
         4          0          0          0          0          0   (incl. Padding)

    ----------------------------------------------------------------------

      Code (inc. data)   RO Data    RW Data    ZI Data      Debug   Library Name

      2620        106          0          4          0       1004   mc_w.l
      1066          0          0          0          0        656   mf_w.l

    ----------------------------------------------------------------------
      3690        106          0          4          0       1660   Library Totals

    ----------------------------------------------------------------------

==============================================================================


      Code (inc. data)   RO Data    RW Data    ZI Data      Debug   

     23602        124        974         20       2212     222282   Grand Totals
     23602        124        974         20       2212     222282   ELF Image Totals
     23602        124        974         20          0          0   ROM Totals

==============================================================================

    Total RO  Size (Code + RO Data)                24576 (  24.00kB)
    Total RW  Size (RW Data + ZI Data)              2232 (   2.18kB)
    Total ROM Size (Code + RO Data + RW Data)      24596 (  24.02kB)

==============================================================================

